[pid 15387] <... newfstatat resumed>{st_dev=makedev(0, 0x35), st_ino=93457, st_mode=S_IFDIR|0755, st_nlink=1, st_uid=1000, st_gid=1000, st_blksize=4096, st_blocks=0, st_size=244, st_atime=1752243151 /* 2025-07-11T11:12:31.803157834-0300 */, st_atime_nsec=803157834, st_mtime=1752243151 /* 2025-07-11T11:12:31.477364818-0300 */, st_mtime_nsec=477364818, st_ctime=1752243151 /* 2025-07-11T11:12:31.477364818-0300 */, st_ctime_nsec=477364818}, AT_SYMLINK_NOFOLLOW) = 0
[pid 15388] <... newfstatat resumed>{st_dev=makedev(0, 0x35), st_ino=470720, st_mode=S_IFREG|0644, st_nlink=1, st_uid=1000, st_gid=1000, st_blksize=4096, st_blocks=176, st_size=87428, st_atime=1752243591 /* 2025-07-11T11:19:51.659180156-0300 */, st_atime_nsec=659180156, st_mtime=1722699911 /* 2024-08-03T12:45:11-0300 */, st_mtime_nsec=0, st_ctime=1752243151 /* 2025-07-11T11:12:31.583600603-0300 */, st_ctime_nsec=583600603}, AT_SYMLINK_NOFOLLOW) = 0
[pid 15388] newfstatat(AT_FDCWD, "assets/showtime/tables.png",  <unfinished ...>
[pid 15387] newfstatat(AT_FDCWD, "assets/cachopo/corro.png",  <unfinished ...>
[pid 15388] <... newfstatat resumed>{st_dev=makedev(0, 0x35), st_ino=470721, st_mode=S_IFREG|0644, st_nlink=1, st_uid=1000, st_gid=1000, st_blksize=4096, st_blocks=16, st_size=7531, st_atime=1752243591 /* 2025-07-11T11:19:51.660180204-0300 */, st_atime_nsec=660180204, st_mtime=1722696130 /* 2024-08-03T11:42:10-0300 */, st_mtime_nsec=0, st_ctime=1752243151 /* 2025-07-11T11:12:31.583797893-0300 */, st_ctime_nsec=583797893}, AT_SYMLINK_NOFOLLOW) = 0
[pid 15388] newfstatat(AT_FDCWD, "assets/showtime/users.png",  <unfinished ...>
[pid 15387] <... newfstatat resumed>{st_dev=makedev(0, 0x35), st_ino=470210, st_mode=S_IFREG|0644, st_nlink=1, st_uid=1000, st_gid=1000, st_blksize=4096, st_blocks=264, st_size=135119, st_atime=1752243590 /* 2025-07-11T11:19:50.890143667-0300 */, st_atime_nsec=890143667, st_mtime=1722375687 /* 2024-07-30T18:41:27-0300 */, st_mtime_nsec=0, st_ctime=1752243151 /* 2025-07-11T11:12:31.475357160-0300 */, st_ctime_nsec=475357160}, AT_SYMLINK_NOFOLLOW) = 0
[pid 15388] <... newfstatat resumed>{st_dev=makedev(0, 0x35), st_ino=470722, st_mode=S_IFREG|0644, st_nlink=1, st_uid=1000, st_gid=1000, st_blksize=4096, st_blocks=72, st_size=35013, st_atime=1752243591 /* 2025-07-11T11:19:51.661180251-0300 */, st_atime_nsec=661180251, st_mtime=1722696235 /* 2024-08-03T11:43:55-0300 */, st_mtime_nsec=0, st_ctime=1752243151 /* 2025-07-11T11:12:31.583993167-0300 */, st_ctime_nsec=583993167}, AT_SYMLINK_NOFOLLOW) = 0
[pid 15388] newfstatat(AT_FDCWD, "assets/showtime/web.png",  <unfinished ...>
[pid 15387] newfstatat(AT_FDCWD, "assets/cachopo/decrypt.png",  <unfinished ...>
[pid 15388] <... newfstatat resumed>{st_dev=makedev(0, 0x35), st_ino=470723, st_mode=S_IFREG|0644, st_nlink=1, st_uid=1000, st_gid=1000, st_blksize=4096, st_blocks=1576, st_size=805967, st_atime=1752243591 /* 2025-07-11T11:19:51.661180251-0300 */, st_atime_nsec=661180251, st_mtime=1722694977 /* 2024-08-03T11:22:57-0300 */, st_mtime_nsec=0, st_ctime=1752243151 /* 2025-07-11T11:12:31.584302925-0300 */, st_ctime_nsec=584302925}, AT_SYMLINK_NOFOLLOW) = 0
[pid 15388] newfstatat(AT_FDCWD, "assets/sites",  <unfinished ...>
[pid 15387] <... newfstatat resumed>{st_dev=makedev(0, 0x35), st_ino=470211, st_mode=S_IFREG|0644, st_nlink=1, st_uid=1000, st_gid=1000, st_blksize=4096, st_blocks=192, st_size=97620, st_atime=1752243590 /* 2025-07-11T11:19:50.892143762-0300 */, st_atime_nsec=892143762, st_mtime=1722379176 /* 2024-07-30T19:39:36-0300 */, st_mtime_nsec=0, st_ctime=1752243151 /* 2025-07-11T11:12:31.475556560-0300 */, st_ctime_nsec=475556560}, AT_SYMLINK_NOFOLLOW) = 0
[pid 15388] <... newfstatat resumed>{st_dev=makedev(0, 0x35), st_ino=93412, st_mode=S_IFDIR|0755, st_nlink=1, st_uid=1000, st_gid=1000, st_blksize=4096, st_blocks=0, st_size=238, st_atime=1752243151 /* 2025-07-11T11:12:31.802157786-0300 */, st_atime_nsec=802157786, st_mtime=1752243151 /* 2025-07-11T11:12:31.586110026-0300 */, st_mtime_nsec=586110026, st_ctime=1752243151 /* 2025-07-11T11:12:31.586110026-0300 */, st_ctime_nsec=586110026}, AT_SYMLINK_NOFOLLOW) = 0
[pid 15388] newfstatat(AT_FDCWD, "assets/sites/FUZZjadixlfi.png",  <unfinished ...>
[pid 15387] newfstatat(AT_FDCWD, "assets/cachopo/hashes.png",  <unfinished ...>
[pid 15388] <... newfstatat resumed>{st_dev=makedev(0, 0x35), st_ino=470724, st_mode=S_IFREG|0644, st_nlink=1, st_uid=1000, st_gid=1000, st_blksize=4096, st_blocks=624, st_size=316288, st_atime=1752243591 /* 2025-07-11T11:19:51.668180583-0300 */, st_atime_nsec=668180583, st_mtime=1738791230 /* 2025-02-05T18:33:50-0300 */, st_mtime_nsec=0, st_ctime=1752243151 /* 2025-07-11T11:12:31.584604923-0300 */, st_ctime_nsec=584604923}, AT_SYMLINK_NOFOLLOW) = 0
[pid 15387] <... newfstatat resumed>{st_dev=makedev(0, 0x35), st_ino=470212, st_mode=S_IFREG|0644, st_nlink=1, st_uid=1000, st_gid=1000, st_blksize=4096, st_blocks=144, st_size=71207, st_atime=1752243590 /* 2025-07-11T11:19:50.893143810-0300 */, st_atime_nsec=893143810, st_mtime=1722376750 /* 2024-07-30T18:59:10-0300 */, st_mtime_nsec=0, st_ctime=1752243151 /* 2025-07-11T11:12:31.475752524-0300 */, st_ctime_nsec=475752524}, AT_SYMLINK_NOFOLLOW) = 0
[pid 15388] newfstatat(AT_FDCWD, "assets/sites/archivito.png",  <unfinished ...>
[pid 15387] newfstatat(AT_FDCWD, "assets/cachopo/hydra.png",  <unfinished ...>
[pid 15388] <... newfstatat resumed>{st_dev=makedev(0, 0x35), st_ino=470725, st_mode=S_IFREG|0644, st_nlink=1, st_uid=1000, st_gid=1000, st_blksize=4096, st_blocks=72, st_size=35633, st_atime=1752243591 /* 2025-07-11T11:19:51.671180726-0300 */, st_atime_nsec=671180726, st_mtime=1738791946 /* 2025-02-05T18:45:46-0300 */, st_mtime_nsec=0, st_ctime=1752243151 /* 2025-07-11T11:12:31.584835379-0300 */, st_ctime_nsec=584835379}, AT_SYMLINK_NOFOLLOW) = 0
[pid 15388] newfstatat(AT_FDCWD, "assets/sites/escaladaroot.png",  <unfinished ...>
[pid 15387] <... newfstatat resumed>{st_dev=makedev(0, 0x35), st_ino=470213, st_mode=S_IFREG|0644, st_nlink=1, st_uid=1000, st_gid=1000, st_blksize=4096, st_blocks=752, st_size=384053, st_atime=1752243590 /* 2025-07-11T11:19:50.895143904-0300 */, st_atime_nsec=895143904, st_mtime=1722376185 /* 2024-07-30T18:49:45-0300 */, st_mtime_nsec=0, st_ctime=1752243151 /* 2025-07-11T11:12:31.476011227-0300 */, st_ctime_nsec=476011227}, AT_SYMLINK_NOFOLLOW) = 0
[pid 15388] <... newfstatat resumed>{st_dev=makedev(0, 0x35), st_ino=470726, st_mode=S_IFREG|0644, st_nlink=1, st_uid=1000, st_gid=1000, st_blksize=4096, st_blocks=448, st_size=226946, st_atime=1752243591 /* 2025-07-11T11:19:51.672180773-0300 */, st_atime_nsec=672180773, st_mtime=1738792449 /* 2025-02-05T18:54:09-0300 */, st_mtime_nsec=0, st_ctime=1752243151 /* 2025-07-11T11:12:31.585054986-0300 */, st_ctime_nsec=585054986}, AT_SYMLINK_NOFOLLOW) = 0
[pid 15388] newfstatat(AT_FDCWD, "assets/sites/file.png",  <unfinished ...>
[pid 15387] newfstatat(AT_FDCWD, "assets/cachopo/portada.png",  <unfinished ...>
[pid 15388] <... newfstatat resumed>{st_dev=makedev(0, 0x35), st_ino=470727, st_mode=S_IFREG|0644, st_nlink=1, st_uid=1000, st_gid=1000, st_blksize=4096, st_blocks=160, st_size=77858, st_atime=1752243591 /* 2025-07-11T11:19:51.674180868-0300 */, st_atime_nsec=674180868, st_mtime=1738791766 /* 2025-02-05T18:42:46-0300 */, st_mtime_nsec=0, st_ctime=1752243151 /* 2025-07-11T11:12:31.585245807-0300 */, st_ctime_nsec=585245807}, AT_SYMLINK_NOFOLLOW) = 0
[pid 15388] newfstatat(AT_FDCWD, "assets/sites/imgweb.png",  <unfinished ...>
[pid 15387] <... newfstatat resumed>{st_dev=makedev(0, 0x35), st_ino=470214, st_mode=S_IFREG|0644, st_nlink=1, st_uid=1000, st_gid=1000, st_blksize=4096, st_blocks=96, st_size=45310, st_atime=1752243590 /* 2025-07-11T11:19:50.898144047-0300 */, st_atime_nsec=898144047, st_mtime=1722379756 /* 2024-07-30T19:49:16-0300 */, st_mtime_nsec=0, st_ctime=1752243151 /* 2025-07-11T11:12:31.476202731-0300 */, st_ctime_nsec=476202731}, AT_SYMLINK_NOFOLLOW) = 0
[pid 15388] <... newfstatat resumed>{st_dev=makedev(0, 0x35), st_ino=470728, st_mode=S_IFREG|0644, st_nlink=1, st_uid=1000, st_gid=1000, st_blksize=4096, st_blocks=312, st_size=157022, st_atime=1752243591 /* 2025-07-11T11:19:51.675180916-0300 */, st_atime_nsec=675180916, st_mtime=1738784572 /* 2025-02-05T16:42:52-0300 */, st_mtime_nsec=0, st_ctime=1752243151 /* 2025-07-11T11:12:31.585446169-0300 */, st_ctime_nsec=585446169}, AT_SYMLINK_NOFOLLOW) = 0
[pid 15388] newfstatat(AT_FDCWD, "assets/sites/login.png",  <unfinished ...>
[pid 15387] newfstatat(AT_FDCWD, "assets/cachopo/repo.png",  <unfinished ...>
[pid 15388] <... newfstatat resumed>{st_dev=makedev(0, 0x35), st_ino=470729, st_mode=S_IFREG|0644, st_nlink=1, st_uid=1000, st_gid=1000, st_blksize=4096, st_blocks=600, st_size=303939, st_atime=1752243591 /* 2025-07-11T11:19:51.677181010-0300 */, st_atime_nsec=677181010, st_mtime=1738792299 /* 2025-02-05T18:51:39-0300 */, st_mtime_nsec=0, st_ctime=1752243151 /* 2025-07-11T11:12:31.585668699-0300 */, st_ctime_nsec=585668699}, AT_SYMLINK_NOFOLLOW) = 0
[pid 15387] <... newfstatat resumed>{st_dev=makedev(0, 0x35), st_ino=470215, st_mode=S_IFREG|0644, st_nlink=1, st_uid=1000, st_gid=1000, st_blksize=4096, st_blocks=344, st_size=175780, st_atime=1752243590 /* 2025-07-11T11:19:50.899144094-0300 */, st_atime_nsec=899144094, st_mtime=1722378389 /* 2024-07-30T19:26:29-0300 */, st_mtime_nsec=0, st_ctime=1752243151 /* 2025-07-11T11:12:31.476418586-0300 */, st_ctime_nsec=476418586}, AT_SYMLINK_NOFOLLOW) = 0
[pid 15388] newfstatat(AT_FDCWD, "assets/sites/parametro.png", {st_dev=makedev(0, 0x35), st_ino=470730, st_mode=S_IFREG|0644, st_nlink=1, st_uid=1000, st_gid=1000, st_blksize=4096, st_blocks=328, st_size=163863, st_atime=1752243591 /* 2025-07-11T11:19:51.680181153-0300 */, st_atime_nsec=680181153, st_mtime=1738785641 /* 2025-02-05T17:00:41-0300 */, st_mtime_nsec=0, st_ctime=1752243151 /* 2025-07-11T11:12:31.585918600-0300 */, st_ctime_nsec=585918600}, AT_SYMLINK_NOFOLLOW) = 0
[pid 15387] newfstatat(AT_FDCWD, "assets/cachopo/request.png",  <unfinished ...>
[pid 15388] newfstatat(AT_FDCWD, "assets/sites/vulnerablephp.png",  <unfinished ...>
[pid 15387] <... newfstatat resumed>{st_dev=makedev(0, 0x35), st_ino=470216, st_mode=S_IFREG|0644, st_nlink=1, st_uid=1000, st_gid=1000, st_blksize=4096, st_blocks=96, st_size=48041, st_atime=1752243590 /* 2025-07-11T11:19:50.901144189-0300 */, st_atime_nsec=901144189, st_mtime=1722374870 /* 2024-07-30T18:27:50-0300 */, st_mtime_nsec=0, st_ctime=1752243151 /* 2025-07-11T11:12:31.476607571-0300 */, st_ctime_nsec=476607571}, AT_SYMLINK_NOFOLLOW) = 0
[pid 15388] <... newfstatat resumed>{st_dev=makedev(0, 0x35), st_ino=470731, st_mode=S_IFREG|0644, st_nlink=1, st_uid=1000, st_gid=1000, st_blksize=4096, st_blocks=96, st_size=45802, st_atime=1752243591 /* 2025-07-11T11:19:51.682181248-0300 */, st_atime_nsec=682181248, st_mtime=1738784831 /* 2025-02-05T16:47:11-0300 */, st_mtime_nsec=0, st_ctime=1752243151 /* 2025-07-11T11:12:31.586110026-0300 */, st_ctime_nsec=586110026}, AT_SYMLINK_NOFOLLOW) = 0
[pid 15387] newfstatat(AT_FDCWD, "assets/cachopo/request2.png",  <unfinished ...>
[pid 15388] newfstatat(AT_FDCWD, "assets/sites/webvulnerable.png", {st_dev=makedev(0, 0x35), st_ino=470732, st_mode=S_IFREG|0644, st_nlink=1, st_uid=1000, st_gid=1000, st_blksize=4096, st_blocks=32, st_size=15652, st_atime=1752243591 /* 2025-07-11T11:19:51.683181295-0300 */, st_atime_nsec=683181295, st_mtime=1738785122 /* 2025-02-05T16:52:02-0300 */, st_mtime_nsec=0, st_ctime=1752243151 /* 2025-07-11T11:12:31.586287785-0300 */, st_ctime_nsec=586287785}, AT_SYMLINK_NOFOLLOW) = 0
[pid 15387] <... newfstatat resumed>{st_dev=makedev(0, 0x35), st_ino=470217, st_mode=S_IFREG|0644, st_nlink=1, st_uid=1000, st_gid=1000, st_blksize=4096, st_blocks=104, st_size=52293, st_atime=1752243590 /* 2025-07-11T11:19:50.902144236-0300 */, st_atime_nsec=902144236, st_mtime=1722375020 /* 2024-07-30T18:30:20-0300 */, st_mtime_nsec=0, st_ctime=1752243151 /* 2025-07-11T11:12:31.476803812-0300 */, st_ctime_nsec=476803812}, AT_SYMLINK_NOFOLLOW) = 0
[pid 15388] newfstatat(AT_FDCWD, "assets/stranger",  <unfinished ...>
[pid 15387] newfstatat(AT_FDCWD, "assets/cachopo/request3.png",  <unfinished ...>
[pid 15388] <... newfstatat resumed>{st_dev=makedev(0, 0x35), st_ino=93150, st_mode=S_IFDIR|0755, st_nlink=1, st_uid=1000, st_gid=1000, st_blksize=4096, st_blocks=0, st_size=214, st_atime=1752243151 /* 2025-07-11T11:12:31.794157400-0300 */, st_atime_nsec=794157400, st_mtime=1752243151 /* 2025-07-11T11:12:31.588123909-0300 */, st_mtime_nsec=588123909, st_ctime=1752243151 /* 2025-07-11T11:12:31.588123909-0300 */, st_ctime_nsec=588123909}, AT_SYMLINK_NOFOLLOW) = 0
[pid 15387] <... newfstatat resumed>{st_dev=makedev(0, 0x35), st_ino=470218, st_mode=S_IFREG|0644, st_nlink=1, st_uid=1000, st_gid=1000, st_blksize=4096, st_blocks=96, st_size=46762, st_atime=1752243590 /* 2025-07-11T11:19:50.903144284-0300 */, st_atime_nsec=903144284, st_mtime=1722375226 /* 2024-07-30T18:33:46-0300 */, st_mtime_nsec=0, st_ctime=1752243151 /* 2025-07-11T11:12:31.476996522-0300 */, st_ctime_nsec=476996522}, AT_SYMLINK_NOFOLLOW) = 0
[pid 15388] newfstatat(AT_FDCWD, "assets/stranger/adminin.png",  <unfinished ...>
[pid 15387] newfstatat(AT_FDCWD, "assets/cachopo/reserva.png",  <unfinished ...>
[pid 15388] <... newfstatat resumed>{st_dev=makedev(0, 0x35), st_ino=470733, st_mode=S_IFREG|0644, st_nlink=1, st_uid=1000, st_gid=1000, st_blksize=4096, st_blocks=768, st_size=390823, st_atime=1752243591 /* 2025-07-11T11:19:51.683181295-0300 */, st_atime_nsec=683181295, st_mtime=1715780549 /* 2024-05-15T10:42:29-0300 */, st_mtime_nsec=0, st_ctime=1752243151 /* 2025-07-11T11:12:31.586540913-0300 */, st_ctime_nsec=586540913}, AT_SYMLINK_NOFOLLOW) = 0
[pid 15387] <... newfstatat resumed>{st_dev=makedev(0, 0x35), st_ino=470219, st_mode=S_IFREG|0644, st_nlink=1, st_uid=1000, st_gid=1000, st_blksize=4096, st_blocks=40, st_size=20444, st_atime=1752243590 /* 2025-07-11T11:19:50.904144331-0300 */, st_atime_nsec=904144331, st_mtime=1722374585 /* 2024-07-30T18:23:05-0300 */, st_mtime_nsec=0, st_ctime=1752243151 /* 2025-07-11T11:12:31.477181004-0300 */, st_ctime_nsec=477181004}, AT_SYMLINK_NOFOLLOW) = 0
[pid 15388] newfstatat(AT_FDCWD, "assets/stranger/contenido.png",  <unfinished ...>
[pid 15387] newfstatat(AT_FDCWD, "assets/cachopo/root.png",  <unfinished ...>
[pid 15388] <... newfstatat resumed>{st_dev=makedev(0, 0x35), st_ino=470734, st_mode=S_IFREG|0644, st_nlink=1, st_uid=1000, st_gid=1000, st_blksize=4096, st_blocks=256, st_size=129072, st_atime=1752243591 /* 2025-07-11T11:19:51.687181485-0300 */, st_atime_nsec=687181485, st_mtime=1715778917 /* 2024-05-15T10:15:17-0300 */, st_mtime_nsec=0, st_ctime=1752243151 /* 2025-07-11T11:12:31.586738025-0300 */, st_ctime_nsec=586738025}, AT_SYMLINK_NOFOLLOW) = 0
[pid 15387] <... newfstatat resumed>{st_dev=makedev(0, 0x35), st_ino=470220, st_mode=S_IFREG|0644, st_nlink=1, st_uid=1000, st_gid=1000, st_blksize=4096, st_blocks=48, st_size=21911, st_atime=1752243590 /* 2025-07-11T11:19:50.905144379-0300 */, st_atime_nsec=905144379, st_mtime=1722379264 /* 2024-07-30T19:41:04-0300 */, st_mtime_nsec=0, st_ctime=1752243151 /* 2025-07-11T11:12:31.477364818-0300 */, st_ctime_nsec=477364818}, AT_SYMLINK_NOFOLLOW) = 0
[pid 15388] newfstatat(AT_FDCWD, "assets/stranger/ferox.png",  <unfinished ...>
[pid 15387] newfstatat(AT_FDCWD, "assets/cachopo/whoami.png",  <unfinished ...>
[pid 15388] <... newfstatat resumed>{st_dev=makedev(0, 0x35), st_ino=470735, st_mode=S_IFREG|0644, st_nlink=1, st_uid=1000, st_gid=1000, st_blksize=4096, st_blocks=824, st_size=420186, st_atime=1752243591 /* 2025-07-11T11:19:51.689181580-0300 */, st_atime_nsec=689181580, st_mtime=1715775622 /* 2024-05-15T09:20:22-0300 */, st_mtime_nsec=0, st_ctime=1752243151 /* 2025-07-11T11:12:31.587002040-0300 */, st_ctime_nsec=587002040}, AT_SYMLINK_NOFOLLOW) = 0
[pid 15387] <... newfstatat resumed>{st_dev=makedev(0, 0x35), st_ino=470221, st_mode=S_IFREG|0644, st_nlink=1, st_uid=1000, st_gid=1000, st_blksize=4096, st_blocks=96, st_size=45547, st_atime=1752243590 /* 2025-07-11T11:19:50.905144379-0300 */, st_atime_nsec=905144379, st_mtime=1722375535 /* 2024-07-30T18:38:55-0300 */, st_mtime_nsec=0, st_ctime=1752243151 /* 2025-07-11T11:12:31.477554625-0300 */, st_ctime_nsec=477554625}, AT_SYMLINK_NOFOLLOW) = 0
[pid 15388] newfstatat(AT_FDCWD, "assets/stranger/file.png",  <unfinished ...>
[pid 15387] newfstatat(AT_FDCWD, "assets/capypenguin",  <unfinished ...>
[pid 15388] <... newfstatat resumed>{st_dev=makedev(0, 0x35), st_ino=470736, st_mode=S_IFREG|0644, st_nlink=1, st_uid=1000, st_gid=1000, st_blksize=4096, st_blocks=56, st_size=27771, st_atime=1752243591 /* 2025-07-11T11:19:51.693181770-0300 */, st_atime_nsec=693181770, st_mtime=1715777121 /* 2024-05-15T09:45:21-0300 */, st_mtime_nsec=0, st_ctime=1752243151 /* 2025-07-11T11:12:31.587179469-0300 */, st_ctime_nsec=587179469}, AT_SYMLINK_NOFOLLOW) = 0
[pid 15387] <... newfstatat resumed>{st_dev=makedev(0, 0x35), st_ino=92743, st_mode=S_IFDIR|0755, st_nlink=1, st_uid=1000, st_gid=1000, st_blksize=4096, st_blocks=0, st_size=280, st_atime=1752243151 /* 2025-07-11T11:12:31.790157207-0300 */, st_atime_nsec=790157207, st_mtime=1752243151 /* 2025-07-11T11:12:31.479926626-0300 */, st_mtime_nsec=479926626, st_ctime=1752243151 /* 2025-07-11T11:12:31.479926626-0300 */, st_ctime_nsec=479926626}, AT_SYMLINK_NOFOLLOW) = 0
[pid 15388] newfstatat(AT_FDCWD, "assets/stranger/ftphydra.png",  <unfinished ...>
[pid 15387] newfstatat(AT_FDCWD, "assets/capypenguin/errorkitty.png",  <unfinished ...>
[pid 15388] <... newfstatat resumed>{st_dev=makedev(0, 0x35), st_ino=470737, st_mode=S_IFREG|0644, st_nlink=1, st_uid=1000, st_gid=1000, st_blksize=4096, st_blocks=88, st_size=42848, st_atime=1752243591 /* 2025-07-11T11:19:51.693181770-0300 */, st_atime_nsec=693181770, st_mtime=1715776703 /* 2024-05-15T09:38:23-0300 */, st_mtime_nsec=0, st_ctime=1752243151 /* 2025-07-11T11:12:31.587357825-0300 */, st_ctime_nsec=587357825}, AT_SYMLINK_NOFOLLOW) = 0
[pid 15387] <... newfstatat resumed>{st_dev=makedev(0, 0x35), st_ino=470222, st_mode=S_IFREG|0644, st_nlink=1, st_uid=1000, st_gid=1000, st_blksize=4096, st_blocks=24, st_size=10634, st_atime=1752243590 /* 2025-07-11T11:19:50.906144426-0300 */, st_atime_nsec=906144426, st_mtime=1714431718 /* 2024-04-29T20:01:58-0300 */, st_mtime_nsec=0, st_ctime=1752243151 /* 2025-07-11T11:12:31.477772482-0300 */, st_ctime_nsec=477772482}, AT_SYMLINK_NOFOLLOW) = 0
[pid 15388] newfstatat(AT_FDCWD, "assets/stranger/ftpuser.png",  <unfinished ...>
[pid 15387] newfstatat(AT_FDCWD, "assets/capypenguin/gobuster.png",  <unfinished ...>
[pid 15388] <... newfstatat resumed>{st_dev=makedev(0, 0x35), st_ino=470738, st_mode=S_IFREG|0644, st_nlink=1, st_uid=1000, st_gid=1000, st_blksize=4096, st_blocks=48, st_size=21712, st_atime=1752243591 /* 2025-07-11T11:19:51.694181817-0300 */, st_atime_nsec=694181817, st_mtime=1715776206 /* 2024-05-15T09:30:06-0300 */, st_mtime_nsec=0, st_ctime=1752243151 /* 2025-07-11T11:12:31.587534605-0300 */, st_ctime_nsec=587534605}, AT_SYMLINK_NOFOLLOW) = 0
[pid 15387] <... newfstatat resumed>{st_dev=makedev(0, 0x35), st_ino=470223, st_mode=S_IFREG|0644, st_nlink=1, st_uid=1000, st_gid=1000, st_blksize=4096, st_blocks=120, st_size=59299, st_atime=1752243590 /* 2025-07-11T11:19:50.906144426-0300 */, st_atime_nsec=906144426, st_mtime=1714431718 /* 2024-04-29T20:01:58-0300 */, st_mtime_nsec=0, st_ctime=1752243151 /* 2025-07-11T11:12:31.477998155-0300 */, st_ctime_nsec=477998155}, AT_SYMLINK_NOFOLLOW) = 0
[pid 15388] newfstatat(AT_FDCWD, "assets/stranger/loginftp.png",  <unfinished ...>
[pid 15387] newfstatat(AT_FDCWD, "assets/capypenguin/mysqlerror.png",  <unfinished ...>
[pid 15388] <... newfstatat resumed>{st_dev=makedev(0, 0x35), st_ino=470739, st_mode=S_IFREG|0644, st_nlink=1, st_uid=1000, st_gid=1000, st_blksize=4096, st_blocks=504, st_size=255833, st_atime=1752243591 /* 2025-07-11T11:19:51.695181865-0300 */, st_atime_nsec=695181865, st_mtime=1715777439 /* 2024-05-15T09:50:39-0300 */, st_mtime_nsec=0, st_ctime=1752243151 /* 2025-07-11T11:12:31.587748116-0300 */, st_ctime_nsec=587748116}, AT_SYMLINK_NOFOLLOW) = 0
[pid 15387] <... newfstatat resumed>{st_dev=makedev(0, 0x35), st_ino=470224, st_mode=S_IFREG|0644, st_nlink=1, st_uid=1000, st_gid=1000, st_blksize=4096, st_blocks=504, st_size=255288, st_atime=1752243590 /* 2025-07-11T11:19:50.907144474-0300 */, st_atime_nsec=907144474, st_mtime=1714431718 /* 2024-04-29T20:01:58-0300 */, st_mtime_nsec=0, st_ctime=1752243151 /* 2025-07-11T11:12:31.478225334-0300 */, st_ctime_nsec=478225334}, AT_SYMLINK_NOFOLLOW) = 0
[pid 15388] newfstatat(AT_FDCWD, "assets/stranger/pem.png",  <unfinished ...>
[pid 15387] newfstatat(AT_FDCWD, "assets/capypenguin/ncrakmysql.png",  <unfinished ...>
[pid 15388] <... newfstatat resumed>{st_dev=makedev(0, 0x35), st_ino=470740, st_mode=S_IFREG|0644, st_nlink=1, st_uid=1000, st_gid=1000, st_blksize=4096, st_blocks=80, st_size=39764, st_atime=1752243591 /* 2025-07-11T11:19:51.697181960-0300 */, st_atime_nsec=697181960, st_mtime=1715777773 /* 2024-05-15T09:56:13-0300 */, st_mtime_nsec=0, st_ctime=1752243151 /* 2025-07-11T11:12:31.587942795-0300 */, st_ctime_nsec=587942795}, AT_SYMLINK_NOFOLLOW) = 0
[pid 15387] <... newfstatat resumed>{st_dev=makedev(0, 0x35), st_ino=470225, st_mode=S_IFREG|0644, st_nlink=1, st_uid=1000, st_gid=1000, st_blksize=4096, st_blocks=232, st_size=118170, st_atime=1752243590 /* 2025-07-11T11:19:50.910144616-0300 */, st_atime_nsec=910144616, st_mtime=1714431718 /* 2024-04-29T20:01:58-0300 */, st_mtime_nsec=0, st_ctime=1752243151 /* 2025-07-11T11:12:31.478430316-0300 */, st_ctime_nsec=478430316}, AT_SYMLINK_NOFOLLOW) = 0
[pid 15388] newfstatat(AT_FDCWD, "assets/stranger/users.png",  <unfinished ...>
[pid 15387] newfstatat(AT_FDCWD, "assets/capypenguin/root.png",  <unfinished ...>
[pid 15388] <... newfstatat resumed>{st_dev=makedev(0, 0x35), st_ino=470741, st_mode=S_IFREG|0644, st_nlink=1, st_uid=1000, st_gid=1000, st_blksize=4096, st_blocks=56, st_size=26549, st_atime=1752243591 /* 2025-07-11T11:19:51.699182054-0300 */, st_atime_nsec=699182054, st_mtime=1715779579 /* 2024-05-15T10:26:19-0300 */, st_mtime_nsec=0, st_ctime=1752243151 /* 2025-07-11T11:12:31.588123909-0300 */, st_ctime_nsec=588123909}, AT_SYMLINK_NOFOLLOW) = 0
[pid 15387] <... newfstatat resumed>{st_dev=makedev(0, 0x35), st_ino=470226, st_mode=S_IFREG|0644, st_nlink=1, st_uid=1000, st_gid=1000, st_blksize=4096, st_blocks=8, st_size=3401, st_atime=1752243590 /* 2025-07-11T11:19:50.912144711-0300 */, st_atime_nsec=912144711, st_mtime=1714431718 /* 2024-04-29T20:01:58-0300 */, st_mtime_nsec=0, st_ctime=1752243151 /* 2025-07-11T11:12:31.478614583-0300 */, st_ctime_nsec=478614583}, AT_SYMLINK_NOFOLLOW) = 0
[pid 15388] newfstatat(AT_FDCWD, "assets/stranger/wgetprivate.png",  <unfinished ...>
[pid 15387] newfstatat(AT_FDCWD, "assets/capypenguin/searchbins.png",  <unfinished ...>
[pid 15388] <... newfstatat resumed>{st_dev=makedev(0, 0x35), st_ino=470742, st_mode=S_IFREG|0644, st_nlink=1, st_uid=1000, st_gid=1000, st_blksize=4096, st_blocks=360, st_size=182844, st_atime=1752243591 /* 2025-07-11T11:19:51.699182054-0300 */, st_atime_nsec=699182054, st_mtime=1715777006 /* 2024-05-15T09:43:26-0300 */, st_mtime_nsec=0, st_ctime=1752243151 /* 2025-07-11T11:12:31.588329830-0300 */, st_ctime_nsec=588329830}, AT_SYMLINK_NOFOLLOW) = 0
[pid 15387] <... newfstatat resumed>{st_dev=makedev(0, 0x35), st_ino=470227, st_mode=S_IFREG|0644, st_nlink=1, st_uid=1000, st_gid=1000, st_blksize=4096, st_blocks=16, st_size=7099, st_atime=1752243590 /* 2025-07-11T11:19:50.913144759-0300 */, st_atime_nsec=913144759, st_mtime=1714431718 /* 2024-04-29T20:01:58-0300 */, st_mtime_nsec=0, st_ctime=1752243151 /* 2025-07-11T11:12:31.478809774-0300 */, st_ctime_nsec=478809774}, AT_SYMLINK_NOFOLLOW) = 0
[pid 15388] newfstatat(AT_FDCWD, "assets/strong",  <unfinished ...>
[pid 15387] newfstatat(AT_FDCWD, "assets/capypenguin/selectdb.png",  <unfinished ...>
[pid 15388] <... newfstatat resumed>{st_dev=makedev(0, 0x35), st_ino=93056, st_mode=S_IFDIR|0755, st_nlink=1, st_uid=1000, st_gid=1000, st_blksize=4096, st_blocks=0, st_size=294, st_atime=1752243151 /* 2025-07-11T11:12:31.793157352-0300 */, st_atime_nsec=793157352, st_mtime=1752243151 /* 2025-07-11T11:12:31.590921176-0300 */, st_mtime_nsec=590921176, st_ctime=1752243151 /* 2025-07-11T11:12:31.590921176-0300 */, st_ctime_nsec=590921176}, AT_SYMLINK_NOFOLLOW) = 0
[pid 15387] <... newfstatat resumed>{st_dev=makedev(0, 0x35), st_ino=470228, st_mode=S_IFREG|0644, st_nlink=1, st_uid=1000, st_gid=1000, st_blksize=4096, st_blocks=48, st_size=20928, st_atime=1752243590 /* 2025-07-11T11:19:50.913144759-0300 */, st_atime_nsec=913144759, st_mtime=1714431718 /* 2024-04-29T20:01:58-0300 */, st_mtime_nsec=0, st_ctime=1752243151 /* 2025-07-11T11:12:31.478997320-0300 */, st_ctime_nsec=478997320}, AT_SYMLINK_NOFOLLOW) = 0
[pid 15388] newfstatat(AT_FDCWD, "assets/strong/consolegroovy.png",  <unfinished ...>
[pid 15387] newfstatat(AT_FDCWD, "assets/capypenguin/showddbb.png",  <unfinished ...>
[pid 15388] <... newfstatat resumed>{st_dev=makedev(0, 0x35), st_ino=470743, st_mode=S_IFREG|0644, st_nlink=1, st_uid=1000, st_gid=1000, st_blksize=4096, st_blocks=208, st_size=104833, st_atime=1752243591 /* 2025-07-11T11:19:51.701182149-0300 */, st_atime_nsec=701182149, st_mtime=1717333180 /* 2024-06-02T09:59:40-0300 */, st_mtime_nsec=0, st_ctime=1752243151 /* 2025-07-11T11:12:31.588578835-0300 */, st_ctime_nsec=588578835}, AT_SYMLINK_NOFOLLOW) = 0
[pid 15387] <... newfstatat resumed>{st_dev=makedev(0, 0x35), st_ino=470229, st_mode=S_IFREG|0644, st_nlink=1, st_uid=1000, st_gid=1000, st_blksize=4096, st_blocks=64, st_size=29353, st_atime=1752243590 /* 2025-07-11T11:19:50.914144806-0300 */, st_atime_nsec=914144806, st_mtime=1714431718 /* 2024-04-29T20:01:58-0300 */, st_mtime_nsec=0, st_ctime=1752243151 /* 2025-07-11T11:12:31.479203775-0300 */, st_ctime_nsec=479203775}, AT_SYMLINK_NOFOLLOW) = 0
[pid 15388] newfstatat(AT_FDCWD, "assets/strong/errorhydra.png",  <unfinished ...>
[pid 15387] newfstatat(AT_FDCWD, "assets/capypenguin/showtables.png",  <unfinished ...>
[pid 15388] <... newfstatat resumed>{st_dev=makedev(0, 0x35), st_ino=470744, st_mode=S_IFREG|0644, st_nlink=1, st_uid=1000, st_gid=1000, st_blksize=4096, st_blocks=168, st_size=83495, st_atime=1752243591 /* 2025-07-11T11:19:51.703182244-0300 */, st_atime_nsec=703182244, st_mtime=1717332239 /* 2024-06-02T09:43:59-0300 */, st_mtime_nsec=0, st_ctime=1752243151 /* 2025-07-11T11:12:31.588851360-0300 */, st_ctime_nsec=588851360}, AT_SYMLINK_NOFOLLOW) = 0
[pid 15387] <... newfstatat resumed>{st_dev=makedev(0, 0x35), st_ino=470230, st_mode=S_IFREG|0644, st_nlink=1, st_uid=1000, st_gid=1000, st_blksize=4096, st_blocks=48, st_size=21165, st_atime=1752243590 /* 2025-07-11T11:19:50.914144806-0300 */, st_atime_nsec=914144806, st_mtime=1714431718 /* 2024-04-29T20:01:58-0300 */, st_mtime_nsec=0, st_ctime=1752243151 /* 2025-07-11T11:12:31.479390275-0300 */, st_ctime_nsec=479390275}, AT_SYMLINK_NOFOLLOW) = 0
[pid 15388] newfstatat(AT_FDCWD, "assets/strong/errorterm.png",  <unfinished ...>
[pid 15387] newfstatat(AT_FDCWD, "assets/capypenguin/sudo.png",  <unfinished ...>
[pid 15388] <... newfstatat resumed>{st_dev=makedev(0, 0x35), st_ino=470745, st_mode=S_IFREG|0644, st_nlink=1, st_uid=1000, st_gid=1000, st_blksize=4096, st_blocks=88, st_size=43828, st_atime=1752243591 /* 2025-07-11T11:19:51.704182292-0300 */, st_atime_nsec=704182292, st_mtime=1717335003 /* 2024-06-02T10:30:03-0300 */, st_mtime_nsec=0, st_ctime=1752243151 /* 2025-07-11T11:12:31.589056435-0300 */, st_ctime_nsec=589056435}, AT_SYMLINK_NOFOLLOW) = 0
[pid 15387] <... newfstatat resumed>{st_dev=makedev(0, 0x35), st_ino=470231, st_mode=S_IFREG|0644, st_nlink=1, st_uid=1000, st_gid=1000, st_blksize=4096, st_blocks=232, st_size=115576, st_atime=1752243590 /* 2025-07-11T11:19:50.915144854-0300 */, st_atime_nsec=915144854, st_mtime=1714431718 /* 2024-04-29T20:01:58-0300 */, st_mtime_nsec=0, st_ctime=1752243151 /* 2025-07-11T11:12:31.479594549-0300 */, st_ctime_nsec=479594549}, AT_SYMLINK_NOFOLLOW) = 0
[pid 15388] newfstatat(AT_FDCWD, "assets/strong/extractpayloads.png",  <unfinished ...>
[pid 15387] newfstatat(AT_FDCWD, "assets/capypenguin/web.png",  <unfinished ...>
[pid 15388] <... newfstatat resumed>{st_dev=makedev(0, 0x35), st_ino=470746, st_mode=S_IFREG|0644, st_nlink=1, st_uid=1000, st_gid=1000, st_blksize=4096, st_blocks=80, st_size=37913, st_atime=1752243591 /* 2025-07-11T11:19:51.705182339-0300 */, st_atime_nsec=705182339, st_mtime=1717331609 /* 2024-06-02T09:33:29-0300 */, st_mtime_nsec=0, st_ctime=1752243151 /* 2025-07-11T11:12:31.589252855-0300 */, st_ctime_nsec=589252855}, AT_SYMLINK_NOFOLLOW) = 0
[pid 15387] <... newfstatat resumed>{st_dev=makedev(0, 0x35), st_ino=470232, st_mode=S_IFREG|0644, st_nlink=1, st_uid=1000, st_gid=1000, st_blksize=4096, st_blocks=1608, st_size=823289, st_atime=1752243590 /* 2025-07-11T11:19:50.916144901-0300 */, st_atime_nsec=916144901, st_mtime=1714431718 /* 2024-04-29T20:01:58-0300 */, st_mtime_nsec=0, st_ctime=1752243151 /* 2025-07-11T11:12:31.479926626-0300 */, st_ctime_nsec=479926626}, AT_SYMLINK_NOFOLLOW) = 0
[pid 15388] newfstatat(AT_FDCWD, "assets/strong/ffuf.png",  <unfinished ...>
[pid 15387] newfstatat(AT_FDCWD, "assets/capypenguin/webuser.png",  <unfinished ...>
[pid 15388] <... newfstatat resumed>{st_dev=makedev(0, 0x35), st_ino=470747, st_mode=S_IFREG|0644, st_nlink=1, st_uid=1000, st_gid=1000, st_blksize=4096, st_blocks=200, st_size=99113, st_atime=1752243591 /* 2025-07-11T11:19:51.706182386-0300 */, st_atime_nsec=706182386, st_mtime=1717332555 /* 2024-06-02T09:49:15-0300 */, st_mtime_nsec=0, st_ctime=1752243151 /* 2025-07-11T11:12:31.589457991-0300 */, st_ctime_nsec=589457991}, AT_SYMLINK_NOFOLLOW) = 0
[pid 15387] <... newfstatat resumed>{st_dev=makedev(0, 0x35), st_ino=470233, st_mode=S_IFREG|0644, st_nlink=1, st_uid=1000, st_gid=1000, st_blksize=4096, st_blocks=80, st_size=39849, st_atime=1752243590 /* 2025-07-11T11:19:50.923145233-0300 */, st_atime_nsec=923145233, st_mtime=1714431718 /* 2024-04-29T20:01:58-0300 */, st_mtime_nsec=0, st_ctime=1752243151 /* 2025-07-11T11:12:31.480120733-0300 */, st_ctime_nsec=480120733}, AT_SYMLINK_NOFOLLOW) = 0
[pid 15388] newfstatat(AT_FDCWD, "assets/strong/find.png",  <unfinished ...>
[pid 15387] newfstatat(AT_FDCWD, "assets/card.png",  <unfinished ...>
[pid 15388] <... newfstatat resumed>{st_dev=makedev(0, 0x35), st_ino=470748, st_mode=S_IFREG|0644, st_nlink=1, st_uid=1000, st_gid=1000, st_blksize=4096, st_blocks=272, st_size=139053, st_atime=1752243591 /* 2025-07-11T11:19:51.707182434-0300 */, st_atime_nsec=707182434, st_mtime=1717334404 /* 2024-06-02T10:20:04-0300 */, st_mtime_nsec=0, st_ctime=1752243151 /* 2025-07-11T11:12:31.589665303-0300 */, st_ctime_nsec=589665303}, AT_SYMLINK_NOFOLLOW) = 0
[pid 15387] <... newfstatat resumed>{st_dev=makedev(0, 0x35), st_ino=470234, st_mode=S_IFREG|0644, st_nlink=1, st_uid=1000, st_gid=1000, st_blksize=4096, st_blocks=16, st_size=7519, st_atime=1752243590 /* 2025-07-11T11:19:50.924145281-0300 */, st_atime_nsec=924145281, st_mtime=1717159225 /* 2024-05-31T09:40:25-0300 */, st_mtime_nsec=0, st_ctime=1752243151 /* 2025-07-11T11:12:31.480315464-0300 */, st_ctime_nsec=480315464}, AT_SYMLINK_NOFOLLOW) = 0
[pid 15388] newfstatat(AT_FDCWD, "assets/strong/ncok.png",  <unfinished ...>
[pid 15387] newfstatat(AT_FDCWD, "assets/chocolatefire",  <unfinished ...>
[pid 15388] <... newfstatat resumed>{st_dev=makedev(0, 0x35), st_ino=470749, st_mode=S_IFREG|0644, st_nlink=1, st_uid=1000, st_gid=1000, st_blksize=4096, st_blocks=72, st_size=33675, st_atime=1752243591 /* 2025-07-11T11:19:51.709182529-0300 */, st_atime_nsec=709182529, st_mtime=1717333777 /* 2024-06-02T10:09:37-0300 */, st_mtime_nsec=0, st_ctime=1752243151 /* 2025-07-11T11:12:31.589922656-0300 */, st_ctime_nsec=589922656}, AT_SYMLINK_NOFOLLOW) = 0
[pid 15387] <... newfstatat resumed>{st_dev=makedev(0, 0x35), st_ino=93308, st_mode=S_IFDIR|0755, st_nlink=1, st_uid=1000, st_gid=1000, st_blksize=4096, st_blocks=0, st_size=128, st_atime=1752243151 /* 2025-07-11T11:12:31.801157738-0300 */, st_atime_nsec=801157738, st_mtime=1752243151 /* 2025-07-11T11:12:31.481404301-0300 */, st_mtime_nsec=481404301, st_ctime=1752243151 /* 2025-07-11T11:12:31.481404301-0300 */, st_ctime_nsec=481404301}, AT_SYMLINK_NOFOLLOW) = 0
[pid 15388] newfstatat(AT_FDCWD, "assets/strong/pasted.png",  <unfinished ...>
[pid 15387] newfstatat(AT_FDCWD, "assets/chocolatefire/configurado.png",  <unfinished ...>
[pid 15388] <... newfstatat resumed>{st_dev=makedev(0, 0x35), st_ino=470750, st_mode=S_IFREG|0644, st_nlink=1, st_uid=1000, st_gid=1000, st_blksize=4096, st_blocks=40, st_size=19548, st_atime=1752243591 /* 2025-07-11T11:19:51.710182576-0300 */, st_atime_nsec=710182576, st_mtime=1717333637 /* 2024-06-02T10:07:17-0300 */, st_mtime_nsec=0, st_ctime=1752243151 /* 2025-07-11T11:12:31.590128825-0300 */, st_ctime_nsec=590128825}, AT_SYMLINK_NOFOLLOW) = 0
[pid 15387] <... newfstatat resumed>{st_dev=makedev(0, 0x35), st_ino=470235, st_mode=S_IFREG|0644, st_nlink=1, st_uid=1000, st_gid=1000, st_blksize=4096, st_blocks=200, st_size=98586, st_atime=1752243590 /* 2025-07-11T11:19:50.925145328-0300 */, st_atime_nsec=925145328, st_mtime=1719319736 /* 2024-06-25T09:48:56-0300 */, st_mtime_nsec=0, st_ctime=1752243151 /* 2025-07-11T11:12:31.480512933-0300 */, st_ctime_nsec=480512933}, AT_SYMLINK_NOFOLLOW) = 0
[pid 15388] newfstatat(AT_FDCWD, "assets/strong/portada.png",  <unfinished ...>
[pid 15387] newfstatat(AT_FDCWD, "assets/chocolatefire/login.png",  <unfinished ...>
[pid 15388] <... newfstatat resumed>{st_dev=makedev(0, 0x35), st_ino=470751, st_mode=S_IFREG|0644, st_nlink=1, st_uid=1000, st_gid=1000, st_blksize=4096, st_blocks=80, st_size=38176, st_atime=1752243591 /* 2025-07-11T11:19:51.710182576-0300 */, st_atime_nsec=710182576, st_mtime=1717336118 /* 2024-06-02T10:48:38-0300 */, st_mtime_nsec=0, st_ctime=1752243151 /* 2025-07-11T11:12:31.590325409-0300 */, st_ctime_nsec=590325409}, AT_SYMLINK_NOFOLLOW) = 0
[pid 15387] <... newfstatat resumed>{st_dev=makedev(0, 0x35), st_ino=470236, st_mode=S_IFREG|0644, st_nlink=1, st_uid=1000, st_gid=1000, st_blksize=4096, st_blocks=40, st_size=18737, st_atime=1752243590 /* 2025-07-11T11:19:50.926145375-0300 */, st_atime_nsec=926145375, st_mtime=1719319067 /* 2024-06-25T09:37:47-0300 */, st_mtime_nsec=0, st_ctime=1752243151 /* 2025-07-11T11:12:31.480695904-0300 */, st_ctime_nsec=480695904}, AT_SYMLINK_NOFOLLOW) = 0
[pid 15388] newfstatat(AT_FDCWD, "assets/strong/robots.png",  <unfinished ...>
[pid 15387] newfstatat(AT_FDCWD, "assets/chocolatefire/options.png",  <unfinished ...>
[pid 15388] <... newfstatat resumed>{st_dev=makedev(0, 0x35), st_ino=470752, st_mode=S_IFREG|0644, st_nlink=1, st_uid=1000, st_gid=1000, st_blksize=4096, st_blocks=16, st_size=7433, st_atime=1752243591 /* 2025-07-11T11:19:51.711182623-0300 */, st_atime_nsec=711182623, st_mtime=1717328666 /* 2024-06-02T08:44:26-0300 */, st_mtime_nsec=0, st_ctime=1752243151 /* 2025-07-11T11:12:31.590517086-0300 */, st_ctime_nsec=590517086}, AT_SYMLINK_NOFOLLOW) = 0
[pid 15387] <... newfstatat resumed>{st_dev=makedev(0, 0x35), st_ino=470237, st_mode=S_IFREG|0644, st_nlink=1, st_uid=1000, st_gid=1000, st_blksize=4096, st_blocks=1144, st_size=581911, st_atime=1752243590 /* 2025-07-11T11:19:50.927145423-0300 */, st_atime_nsec=927145423, st_mtime=1719319628 /* 2024-06-25T09:47:08-0300 */, st_mtime_nsec=0, st_ctime=1752243151 /* 2025-07-11T11:12:31.480983398-0300 */, st_ctime_nsec=480983398}, AT_SYMLINK_NOFOLLOW) = 0
[pid 15388] newfstatat(AT_FDCWD, "assets/strong/root.png",  <unfinished ...>
[pid 15387] newfstatat(AT_FDCWD, "assets/chocolatefire/portada.png",  <unfinished ...>
[pid 15388] <... newfstatat resumed>{st_dev=makedev(0, 0x35), st_ino=470753, st_mode=S_IFREG|0644, st_nlink=1, st_uid=1000, st_gid=1000, st_blksize=4096, st_blocks=88, st_size=44752, st_atime=1752243591 /* 2025-07-11T11:19:51.712182671-0300 */, st_atime_nsec=712182671, st_mtime=1717335133 /* 2024-06-02T10:32:13-0300 */, st_mtime_nsec=0, st_ctime=1752243151 /* 2025-07-11T11:12:31.590705851-0300 */, st_ctime_nsec=590705851}, AT_SYMLINK_NOFOLLOW) = 0
[pid 15387] <... newfstatat resumed>{st_dev=makedev(0, 0x35), st_ino=470238, st_mode=S_IFREG|0644, st_nlink=1, st_uid=1000, st_gid=1000, st_blksize=4096, st_blocks=96, st_size=48595, st_atime=1752243590 /* 2025-07-11T11:19:50.932145660-0300 */, st_atime_nsec=932145660, st_mtime=1719318688 /* 2024-06-25T09:31:28-0300 */, st_mtime_nsec=0, st_ctime=1752243151 /* 2025-07-11T11:12:31.481176307-0300 */, st_ctime_nsec=481176307}, AT_SYMLINK_NOFOLLOW) = 0
[pid 15388] newfstatat(AT_FDCWD, "assets/strong/search.png",  <unfinished ...>
[pid 15387] newfstatat(AT_FDCWD, "assets/chocolatefire/root.png",  <unfinished ...>
[pid 15388] <... newfstatat resumed>{st_dev=makedev(0, 0x35), st_ino=470754, st_mode=S_IFREG|0644, st_nlink=1, st_uid=1000, st_gid=1000, st_blksize=4096, st_blocks=184, st_size=93595, st_atime=1752243591 /* 2025-07-11T11:19:51.712182671-0300 */, st_atime_nsec=712182671, st_mtime=1717334647 /* 2024-06-02T10:24:07-0300 */, st_mtime_nsec=0, st_ctime=1752243151 /* 2025-07-11T11:12:31.590921176-0300 */, st_ctime_nsec=590921176}, AT_SYMLINK_NOFOLLOW) = 0
[pid 15387] <... newfstatat resumed>{st_dev=makedev(0, 0x35), st_ino=470239, st_mode=S_IFREG|0644, st_nlink=1, st_uid=1000, st_gid=1000, st_blksize=4096, st_blocks=608, st_size=310265, st_atime=1752243590 /* 2025-07-11T11:19:50.933145707-0300 */, st_atime_nsec=933145707, st_mtime=1719320025 /* 2024-06-25T09:53:45-0300 */, st_mtime_nsec=0, st_ctime=1752243151 /* 2025-07-11T11:12:31.481404301-0300 */, st_ctime_nsec=481404301}, AT_SYMLINK_NOFOLLOW) = 0
[pid 15388] newfstatat(AT_FDCWD, "assets/strong/whatweb.png", {st_dev=makedev(0, 0x35), st_ino=470755, st_mode=S_IFREG|0644, st_nlink=1, st_uid=1000, st_gid=1000, st_blksize=4096, st_blocks=408, st_size=205308, st_atime=1752243591 /* 2025-07-11T11:19:51.714182766-0300 */, st_atime_nsec=714182766, st_mtime=1717330279 /* 2024-06-02T09:11:19-0300 */, st_mtime_nsec=0, st_ctime=1752243151 /* 2025-07-11T11:12:31.591203799-0300 */, st_ctime_nsec=591203799}, AT_SYMLINK_NOFOLLOW) = 0
[pid 15388] newfstatat(AT_FDCWD, "assets/summervibes",  <unfinished ...>
[pid 15387] newfstatat(AT_FDCWD, "assets/chocolatefire/search.png",  <unfinished ...>
[pid 15388] <... newfstatat resumed>{st_dev=makedev(0, 0x35), st_ino=92722, st_mode=S_IFDIR|0755, st_nlink=1, st_uid=1000, st_gid=1000, st_blksize=4096, st_blocks=0, st_size=314, st_atime=1752243151 /* 2025-07-11T11:12:31.789157159-0300 */, st_atime_nsec=789157159, st_mtime=1752243151 /* 2025-07-11T11:12:31.597440911-0300 */, st_mtime_nsec=597440911, st_ctime=1752243151 /* 2025-07-11T11:12:31.597440911-0300 */, st_ctime_nsec=597440911}, AT_SYMLINK_NOFOLLOW) = 0
[pid 15388] newfstatat(AT_FDCWD, "assets/summervibes/cmsversion.png",  <unfinished ...>
[pid 15387] <... newfstatat resumed>{st_dev=makedev(0, 0x35), st_ino=470240, st_mode=S_IFREG|0644, st_nlink=1, st_uid=1000, st_gid=1000, st_blksize=4096, st_blocks=408, st_size=205691, st_atime=1752243590 /* 2025-07-11T11:19:50.936145850-0300 */, st_atime_nsec=936145850, st_mtime=1719319467 /* 2024-06-25T09:44:27-0300 */, st_mtime_nsec=0, st_ctime=1752243151 /* 2025-07-11T11:12:31.481614250-0300 */, st_ctime_nsec=481614250}, AT_SYMLINK_NOFOLLOW) = 0
[pid 15388] <... newfstatat resumed>{st_dev=makedev(0, 0x35), st_ino=470756, st_mode=S_IFREG|0644, st_nlink=1, st_uid=1000, st_gid=1000, st_blksize=4096, st_blocks=24, st_size=8795, st_atime=1752243591 /* 2025-07-11T11:19:51.717182908-0300 */, st_atime_nsec=717182908, st_mtime=1714860493 /* 2024-05-04T19:08:13-0300 */, st_mtime_nsec=0, st_ctime=1752243151 /* 2025-07-11T11:12:31.591395633-0300 */, st_ctime_nsec=591395633}, AT_SYMLINK_NOFOLLOW) = 0
[pid 15388] newfstatat(AT_FDCWD, "assets/summervibes/contasenaroot.png",  <unfinished ...>
[pid 15387] newfstatat(AT_FDCWD, "assets/chocolatelover",  <unfinished ...>
[pid 15388] <... newfstatat resumed>{st_dev=makedev(0, 0x35), st_ino=470757, st_mode=S_IFREG|0644, st_nlink=1, st_uid=1000, st_gid=1000, st_blksize=4096, st_blocks=104, st_size=51086, st_atime=1752243591 /* 2025-07-11T11:19:51.717182908-0300 */, st_atime_nsec=717182908, st_mtime=1714865995 /* 2024-05-04T20:39:55-0300 */, st_mtime_nsec=0, st_ctime=1752243151 /* 2025-07-11T11:12:31.591591068-0300 */, st_ctime_nsec=591591068}, AT_SYMLINK_NOFOLLOW) = 0
[pid 15388] newfstatat(AT_FDCWD, "assets/summervibes/cve.png",  <unfinished ...>
[pid 15387] <... newfstatat resumed>{st_dev=makedev(0, 0x35), st_ino=93218, st_mode=S_IFDIR|0755, st_nlink=1, st_uid=1000, st_gid=1000, st_blksize=4096, st_blocks=0, st_size=316, st_atime=1752243151 /* 2025-07-11T11:12:31.795157448-0300 */, st_atime_nsec=795157448, st_mtime=1752243151 /* 2025-07-11T11:12:31.484000535-0300 */, st_mtime_nsec=484000535, st_ctime=1752243151 /* 2025-07-11T11:12:31.484000535-0300 */, st_ctime_nsec=484000535}, AT_SYMLINK_NOFOLLOW) = 0
[pid 15388] <... newfstatat resumed>{st_dev=makedev(0, 0x35), st_ino=470758, st_mode=S_IFREG|0644, st_nlink=1, st_uid=1000, st_gid=1000, st_blksize=4096, st_blocks=120, st_size=60103, st_atime=1752243591 /* 2025-07-11T11:19:51.718182956-0300 */, st_atime_nsec=718182956, st_mtime=1714860913 /* 2024-05-04T19:15:13-0300 */, st_mtime_nsec=0, st_ctime=1752243151 /* 2025-07-11T11:12:31.591785152-0300 */, st_ctime_nsec=591785152}, AT_SYMLINK_NOFOLLOW) = 0
[pid 15388] newfstatat(AT_FDCWD, "assets/summervibes/exploit.png",  <unfinished ...>
[pid 15387] newfstatat(AT_FDCWD, "assets/chocolatelover/chocolate.png",  <unfinished ...>
[pid 15388] <... newfstatat resumed>{st_dev=makedev(0, 0x35), st_ino=470759, st_mode=S_IFREG|0644, st_nlink=1, st_uid=1000, st_gid=1000, st_blksize=4096, st_blocks=208, st_size=105987, st_atime=1752243591 /* 2025-07-11T11:19:51.719183003-0300 */, st_atime_nsec=719183003, st_mtime=1714862365 /* 2024-05-04T19:39:25-0300 */, st_mtime_nsec=0, st_ctime=1752243151 /* 2025-07-11T11:12:31.592011616-0300 */, st_ctime_nsec=592011616}, AT_SYMLINK_NOFOLLOW) = 0
[pid 15388] newfstatat(AT_FDCWD, "assets/summervibes/exploitgithub.png", {st_dev=makedev(0, 0x35), st_ino=470760, st_mode=S_IFREG|0644, st_nlink=1, st_uid=1000, st_gid=1000, st_blksize=4096, st_blocks=128, st_size=62208, st_atime=1752243591 /* 2025-07-11T11:19:51.720183051-0300 */, st_atime_nsec=720183051, st_mtime=1714861706 /* 2024-05-04T19:28:26-0300 */, st_mtime_nsec=0, st_ctime=1752243151 /* 2025-07-11T11:12:31.592205058-0300 */, st_ctime_nsec=592205058}, AT_SYMLINK_NOFOLLOW) = 0
[pid 15388] newfstatat(AT_FDCWD, "assets/summervibes/find.png", {st_dev=makedev(0, 0x35), st_ino=470761, st_mode=S_IFREG|0644, st_nlink=1, st_uid=1000, st_gid=1000, st_blksize=4096, st_blocks=24, st_size=9749, st_atime=1752243591 /* 2025-07-11T11:19:51.721183098-0300 */, st_atime_nsec=721183098, st_mtime=1714863795 /* 2024-05-04T20:03:15-0300 */, st_mtime_nsec=0, st_ctime=1752243151 /* 2025-07-11T11:12:31.592388121-0300 */, st_ctime_nsec=592388121}, AT_SYMLINK_NOFOLLOW) = 0
[pid 15388] newfstatat(AT_FDCWD, "assets/summervibes/fuenteweb.png", {st_dev=makedev(0, 0x35), st_ino=470762, st_mode=S_IFREG|0644, st_nlink=1, st_uid=1000, st_gid=1000, st_blksize=4096, st_blocks=16, st_size=7895, st_atime=1752243591 /* 2025-07-11T11:19:51.722183146-0300 */, st_atime_nsec=722183146, st_mtime=1714857279 /* 2024-05-04T18:14:39-0300 */, st_mtime_nsec=0, st_ctime=1752243151 /* 2025-07-11T11:12:31.592573307-0300 */, st_ctime_nsec=592573307}, AT_SYMLINK_NOFOLLOW) = 0
[pid 15388] newfstatat(AT_FDCWD, "assets/summervibes/gobuster.png",  <unfinished ...>
[pid 15387] <... newfstatat resumed>{st_dev=makedev(0, 0x35), st_ino=470241, st_mode=S_IFREG|0644, st_nlink=1, st_uid=1000, st_gid=1000, st_blksize=4096, st_blocks=64, st_size=30471, st_atime=1752243590 /* 2025-07-11T11:19:50.939145992-0300 */, st_atime_nsec=939145992, st_mtime=1715369896 /* 2024-05-10T16:38:16-0300 */, st_mtime_nsec=0, st_ctime=1752243151 /* 2025-07-11T11:12:31.481812784-0300 */, st_ctime_nsec=481812784}, AT_SYMLINK_NOFOLLOW) = 0
[pid 15388] <... newfstatat resumed>{st_dev=makedev(0, 0x35), st_ino=470763, st_mode=S_IFREG|0644, st_nlink=1, st_uid=1000, st_gid=1000, st_blksize=4096, st_blocks=592, st_size=300090, st_atime=1752243591 /* 2025-07-11T11:19:51.722183146-0300 */, st_atime_nsec=722183146, st_mtime=1714860190 /* 2024-05-04T19:03:10-0300 */, st_mtime_nsec=0, st_ctime=1752243151 /* 2025-07-11T11:12:31.592838582-0300 */, st_ctime_nsec=592838582}, AT_SYMLINK_NOFOLLOW) = 0
[pid 15387] newfstatat(AT_FDCWD, "assets/chocolatelover/codepage.png",  <unfinished ...>
[pid 15388] newfstatat(AT_FDCWD, "assets/summervibes/mysql.png", {st_dev=makedev(0, 0x35), st_ino=470764, st_mode=S_IFREG|0644, st_nlink=1, st_uid=1000, st_gid=1000, st_blksize=4096, st_blocks=72, st_size=34211, st_atime=1752243591 /* 2025-07-11T11:19:51.725183288-0300 */, st_atime_nsec=725183288, st_mtime=1714864623 /* 2024-05-04T20:17:03-0300 */, st_mtime_nsec=0, st_ctime=1752243151 /* 2025-07-11T11:12:31.593029054-0300 */, st_ctime_nsec=593029054}, AT_SYMLINK_NOFOLLOW) = 0
[pid 15387] <... newfstatat resumed>{st_dev=makedev(0, 0x35), st_ino=470242, st_mode=S_IFREG|0644, st_nlink=1, st_uid=1000, st_gid=1000, st_blksize=4096, st_blocks=48, st_size=24051, st_atime=1752243590 /* 2025-07-11T11:19:50.939145992-0300 */, st_atime_nsec=939145992, st_mtime=1715366761 /* 2024-05-10T15:46:01-0300 */, st_mtime_nsec=0, st_ctime=1752243151 /* 2025-07-11T11:12:31.481998053-0300 */, st_ctime_nsec=481998053}, AT_SYMLINK_NOFOLLOW) = 0
[pid 15388] newfstatat(AT_FDCWD, "assets/summervibes/ncok.png", {st_dev=makedev(0, 0x35), st_ino=470765, st_mode=S_IFREG|0644, st_nlink=1, st_uid=1000, st_gid=1000, st_blksize=4096, st_blocks=160, st_size=80287, st_atime=1752243591 /* 2025-07-11T11:19:51.726183336-0300 */, st_atime_nsec=726183336, st_mtime=1714862595 /* 2024-05-04T19:43:15-0300 */, st_mtime_nsec=0, st_ctime=1752243151 /* 2025-07-11T11:12:31.593228533-0300 */, st_ctime_nsec=593228533}, AT_SYMLINK_NOFOLLOW) = 0
[pid 15388] newfstatat(AT_FDCWD, "assets/summervibes/passweb.png",  <unfinished ...>
[pid 15387] newfstatat(AT_FDCWD, "assets/chocolatelover/feroxnibble.png",  <unfinished ...>
[pid 15388] <... newfstatat resumed>{st_dev=makedev(0, 0x35), st_ino=470766, st_mode=S_IFREG|0644, st_nlink=1, st_uid=1000, st_gid=1000, st_blksize=4096, st_blocks=32, st_size=13758, st_atime=1752243591 /* 2025-07-11T11:19:51.727183383-0300 */, st_atime_nsec=727183383, st_mtime=1714861416 /* 2024-05-04T19:23:36-0300 */, st_mtime_nsec=0, st_ctime=1752243151 /* 2025-07-11T11:12:31.593411888-0300 */, st_ctime_nsec=593411888}, AT_SYMLINK_NOFOLLOW) = 0
[pid 15387] <... newfstatat resumed>{st_dev=makedev(0, 0x35), st_ino=470243, st_mode=S_IFREG|0644, st_nlink=1, st_uid=1000, st_gid=1000, st_blksize=4096, st_blocks=848, st_size=433674, st_atime=1752243590 /* 2025-07-11T11:19:50.940146040-0300 */, st_atime_nsec=940146040, st_mtime=1715367432 /* 2024-05-10T15:57:12-0300 */, st_mtime_nsec=0, st_ctime=1752243151 /* 2025-07-11T11:12:31.482244349-0300 */, st_ctime_nsec=482244349}, AT_SYMLINK_NOFOLLOW) = 0
[pid 15388] newfstatat(AT_FDCWD, "assets/summervibes/ss.png",  <unfinished ...>
[pid 15387] newfstatat(AT_FDCWD, "assets/chocolatelover/myimage.png",  <unfinished ...>
[pid 15388] <... newfstatat resumed>{st_dev=makedev(0, 0x35), st_ino=470767, st_mode=S_IFREG|0644, st_nlink=1, st_uid=1000, st_gid=1000, st_blksize=4096, st_blocks=88, st_size=41976, st_atime=1752243591 /* 2025-07-11T11:19:51.728183430-0300 */, st_atime_nsec=728183430, st_mtime=1714864147 /* 2024-05-04T20:09:07-0300 */, st_mtime_nsec=0, st_ctime=1752243151 /* 2025-07-11T11:12:31.597181735-0300 */, st_ctime_nsec=597181735}, AT_SYMLINK_NOFOLLOW) = 0
[pid 15387] <... newfstatat resumed>{st_dev=makedev(0, 0x35), st_ino=470244, st_mode=S_IFREG|0644, st_nlink=1, st_uid=1000, st_gid=1000, st_blksize=4096, st_blocks=144, st_size=71664, st_atime=1752243590 /* 2025-07-11T11:19:50.944146230-0300 */, st_atime_nsec=944146230, st_mtime=1715368882 /* 2024-05-10T16:21:22-0300 */, st_mtime_nsec=0, st_ctime=1752243151 /* 2025-07-11T11:12:31.482426238-0300 */, st_ctime_nsec=482426238}, AT_SYMLINK_NOFOLLOW) = 0
[pid 15388] newfstatat(AT_FDCWD, "assets/summervibes/suforce.png",  <unfinished ...>
[pid 15387] newfstatat(AT_FDCWD, "assets/chocolatelover/nibbleversion.png",  <unfinished ...>
[pid 15388] <... newfstatat resumed>{st_dev=makedev(0, 0x35), st_ino=470768, st_mode=S_IFREG|0644, st_nlink=1, st_uid=1000, st_gid=1000, st_blksize=4096, st_blocks=80, st_size=37903, st_atime=1752243591 /* 2025-07-11T11:19:51.728183430-0300 */, st_atime_nsec=728183430, st_mtime=1714865026 /* 2024-05-04T20:23:46-0300 */, st_mtime_nsec=0, st_ctime=1752243151 /* 2025-07-11T11:12:31.597440911-0300 */, st_ctime_nsec=597440911}, AT_SYMLINK_NOFOLLOW) = 0
[pid 15387] <... newfstatat resumed>{st_dev=makedev(0, 0x35), st_ino=470245, st_mode=S_IFREG|0644, st_nlink=1, st_uid=1000, st_gid=1000, st_blksize=4096, st_blocks=16, st_size=7690, st_atime=1752243590 /* 2025-07-11T11:19:50.945146277-0300 */, st_atime_nsec=945146277, st_mtime=1715342085 /* 2024-05-10T08:54:45-0300 */, st_mtime_nsec=0, st_ctime=1752243151 /* 2025-07-11T11:12:31.482597057-0300 */, st_ctime_nsec=482597057}, AT_SYMLINK_NOFOLLOW) = 0
[pid 15388] newfstatat(AT_FDCWD, "assets/summervibes/systemctl.png", {st_dev=makedev(0, 0x35), st_ino=470769, st_mode=S_IFREG|0644, st_nlink=1, st_uid=1000, st_gid=1000, st_blksize=4096, st_blocks=88, st_size=41622, st_atime=1752243591 /* 2025-07-11T11:19:51.729183478-0300 */, st_atime_nsec=729183478, st_mtime=1714864285 /* 2024-05-04T20:11:25-0300 */, st_mtime_nsec=0, st_ctime=1752243151 /* 2025-07-11T11:12:31.597665231-0300 */, st_ctime_nsec=597665231}, AT_SYMLINK_NOFOLLOW) = 0
[pid 15387] newfstatat(AT_FDCWD, "assets/chocolatelover/permisos.png",  <unfinished ...>
[pid 15388] newfstatat(AT_FDCWD, "assets/thedog",  <unfinished ...>
