[pid 15388] <... newfstatat resumed>{st_dev=makedev(0, 0x35), st_ino=93554, st_mode=S_IFDIR|0755, st_nlink=1, st_uid=1000, st_gid=1000, st_blksize=4096, st_blocks=0, st_size=20, st_atime=1752243126 /* 2025-07-11T11:12:06.409931601-0300 */, st_atime_nsec=409931601, st_mtime=1751115573 /* 2025-06-28T09:59:33.661696422-0300 */, st_mtime_nsec=661696422, st_ctime=1751115573 /* 2025-06-28T09:59:33.661696422-0300 */, st_ctime_nsec=661696422}, AT_SYMLINK_NOFOLLOW) = 0
[pid 15387] newfstatat(AT_FDCWD, "assets/hiddendocker/sudobobby.png",  <unfinished ...>
[pid 15388] newfstatat(AT_FDCWD, "posts/hackpenguin/index.html", {st_dev=makedev(0, 0x35), st_ino=93555, st_mode=S_IFREG|0644, st_nlink=1, st_uid=1000, st_gid=1000, st_blksize=4096, st_blocks=120, st_size=61061, st_atime=1752243640 /* 2025-07-11T11:20:40.947517403-0300 */, st_atime_nsec=947517403, st_mtime=1752243578 /* 2025-07-11T11:19:38.288545651-0300 */, st_mtime_nsec=288545651, st_ctime=1752243578 /* 2025-07-11T11:19:38.288545651-0300 */, st_ctime_nsec=288545651}, AT_SYMLINK_NOFOLLOW) = 0
[pid 15387] <... newfstatat resumed>{st_dev=makedev(0, 0x35), st_ino=470456, st_mode=S_IFREG|0644, st_nlink=1, st_uid=1000, st_gid=1000, st_blksize=4096, st_blocks=8, st_size=3694, st_atime=1752243591 /* 2025-07-11T11:19:51.277162030-0300 */, st_atime_nsec=277162030, st_mtime=1714781500 /* 2024-05-03T21:11:40-0300 */, st_mtime_nsec=0, st_ctime=1752243151 /* 2025-07-11T11:12:31.527136341-0300 */, st_ctime_nsec=527136341}, AT_SYMLINK_NOFOLLOW) = 0
[pid 15388] newfstatat(AT_FDCWD, "posts/herebash", {st_dev=makedev(0, 0x35), st_ino=93624, st_mode=S_IFDIR|0755, st_nlink=1, st_uid=1000, st_gid=1000, st_blksize=4096, st_blocks=0, st_size=20, st_atime=1752243126 /* 2025-07-11T11:12:06.410931649-0300 */, st_atime_nsec=410931649, st_mtime=1751115574 /* 2025-06-28T09:59:34.691749611-0300 */, st_mtime_nsec=691749611, st_ctime=1751115574 /* 2025-06-28T09:59:34.691749611-0300 */, st_ctime_nsec=691749611}, AT_SYMLINK_NOFOLLOW) = 0
[pid 15387] newfstatat(AT_FDCWD, "assets/hiddendocker/sudocafetero.png",  <unfinished ...>
[pid 15388] newfstatat(AT_FDCWD, "posts/herebash/index.html",  <unfinished ...>
[pid 15387] <... newfstatat resumed>{st_dev=makedev(0, 0x35), st_ino=470457, st_mode=S_IFREG|0644, st_nlink=1, st_uid=1000, st_gid=1000, st_blksize=4096, st_blocks=192, st_size=96482, st_atime=1752243591 /* 2025-07-11T11:19:51.277162030-0300 */, st_atime_nsec=277162030, st_mtime=1714779557 /* 2024-05-03T20:39:17-0300 */, st_mtime_nsec=0, st_ctime=1752243151 /* 2025-07-11T11:12:31.527323652-0300 */, st_ctime_nsec=527323652}, AT_SYMLINK_NOFOLLOW) = 0
[pid 15388] <... newfstatat resumed>{st_dev=makedev(0, 0x35), st_ino=93625, st_mode=S_IFREG|0644, st_nlink=1, st_uid=1000, st_gid=1000, st_blksize=4096, st_blocks=128, st_size=61988, st_atime=1752243640 /* 2025-07-11T11:20:40.948517451-0300 */, st_atime_nsec=948517451, st_mtime=1752243578 /* 2025-07-11T11:19:38.328547549-0300 */, st_mtime_nsec=328547549, st_ctime=1752243578 /* 2025-07-11T11:19:38.328547549-0300 */, st_ctime_nsec=328547549}, AT_SYMLINK_NOFOLLOW) = 0
[pid 15387] newfstatat(AT_FDCWD, "assets/hiddendocker/sudojohn.png",  <unfinished ...>
[pid 15388] newfstatat(AT_FDCWD, "posts/hidden-docker", {st_dev=makedev(0, 0x35), st_ino=93556, st_mode=S_IFDIR|0755, st_nlink=1, st_uid=1000, st_gid=1000, st_blksize=4096, st_blocks=0, st_size=20, st_atime=1752243126 /* 2025-07-11T11:12:06.409931601-0300 */, st_atime_nsec=409931601, st_mtime=1751115573 /* 2025-06-28T09:59:33.684697609-0300 */, st_mtime_nsec=684697609, st_ctime=1751115573 /* 2025-06-28T09:59:33.684697609-0300 */, st_ctime_nsec=684697609}, AT_SYMLINK_NOFOLLOW) = 0
[pid 15388] newfstatat(AT_FDCWD, "posts/hidden-docker/index.html",  <unfinished ...>
[pid 15387] <... newfstatat resumed>{st_dev=makedev(0, 0x35), st_ino=470458, st_mode=S_IFREG|0644, st_nlink=1, st_uid=1000, st_gid=1000, st_blksize=4096, st_blocks=8, st_size=3230, st_atime=1752243591 /* 2025-07-11T11:19:51.278162078-0300 */, st_atime_nsec=278162078, st_mtime=1714781153 /* 2024-05-03T21:05:53-0300 */, st_mtime_nsec=0, st_ctime=1752243151 /* 2025-07-11T11:12:31.527495694-0300 */, st_ctime_nsec=527495694}, AT_SYMLINK_NOFOLLOW) = 0
[pid 15388] <... newfstatat resumed>{st_dev=makedev(0, 0x35), st_ino=93557, st_mode=S_IFREG|0644, st_nlink=1, st_uid=1000, st_gid=1000, st_blksize=4096, st_blocks=136, st_size=69023, st_atime=1752243640 /* 2025-07-11T11:20:40.949517498-0300 */, st_atime_nsec=949517498, st_mtime=1752243578 /* 2025-07-11T11:19:38.291545793-0300 */, st_mtime_nsec=291545793, st_ctime=1752243578 /* 2025-07-11T11:19:38.291545793-0300 */, st_ctime_nsec=291545793}, AT_SYMLINK_NOFOLLOW) = 0
[pid 15387] newfstatat(AT_FDCWD, "assets/hiddendocker/webshellwhoami.png",  <unfinished ...>
[pid 15388] newfstatat(AT_FDCWD, "posts/hidden",  <unfinished ...>
[pid 15387] <... newfstatat resumed>{st_dev=makedev(0, 0x35), st_ino=470459, st_mode=S_IFREG|0644, st_nlink=1, st_uid=1000, st_gid=1000, st_blksize=4096, st_blocks=80, st_size=38031, st_atime=1752243591 /* 2025-07-11T11:19:51.278162078-0300 */, st_atime_nsec=278162078, st_mtime=1714775780 /* 2024-05-03T19:36:20-0300 */, st_mtime_nsec=0, st_ctime=1752243151 /* 2025-07-11T11:12:31.527671841-0300 */, st_ctime_nsec=527671841}, AT_SYMLINK_NOFOLLOW) = 0
[pid 15388] <... newfstatat resumed>{st_dev=makedev(0, 0x35), st_ino=93528, st_mode=S_IFDIR|0755, st_nlink=1, st_uid=1000, st_gid=1000, st_blksize=4096, st_blocks=0, st_size=20, st_atime=1752243126 /* 2025-07-11T11:12:06.409931601-0300 */, st_atime_nsec=409931601, st_mtime=1751115573 /* 2025-06-28T09:59:33.507688471-0300 */, st_mtime_nsec=507688471, st_ctime=1751115573 /* 2025-06-28T09:59:33.507688471-0300 */, st_ctime_nsec=507688471}, AT_SYMLINK_NOFOLLOW) = 0
[pid 15387] newfstatat(AT_FDCWD, "assets/hiddendocker/websubida.png",  <unfinished ...>
[pid 15388] newfstatat(AT_FDCWD, "posts/hidden/index.html",  <unfinished ...>
[pid 15387] <... newfstatat resumed>{st_dev=makedev(0, 0x35), st_ino=470460, st_mode=S_IFREG|0644, st_nlink=1, st_uid=1000, st_gid=1000, st_blksize=4096, st_blocks=104, st_size=52902, st_atime=1752243591 /* 2025-07-11T11:19:51.279162125-0300 */, st_atime_nsec=279162125, st_mtime=1714774157 /* 2024-05-03T19:09:17-0300 */, st_mtime_nsec=0, st_ctime=1752243151 /* 2025-07-11T11:12:31.527859289-0300 */, st_ctime_nsec=527859289}, AT_SYMLINK_NOFOLLOW) = 0
[pid 15388] <... newfstatat resumed>{st_dev=makedev(0, 0x35), st_ino=93529, st_mode=S_IFREG|0644, st_nlink=1, st_uid=1000, st_gid=1000, st_blksize=4096, st_blocks=136, st_size=67555, st_atime=1752243640 /* 2025-07-11T11:20:40.950517546-0300 */, st_atime_nsec=950517546, st_mtime=1752243578 /* 2025-07-11T11:19:38.276545081-0300 */, st_mtime_nsec=276545081, st_ctime=1752243578 /* 2025-07-11T11:19:38.276545081-0300 */, st_ctime_nsec=276545081}, AT_SYMLINK_NOFOLLOW) = 0
[pid 15387] newfstatat(AT_FDCWD, "assets/hiddendocker/wffuzvhost.png",  <unfinished ...>
[pid 15388] newfstatat(AT_FDCWD, "posts/inclusion",  <unfinished ...>
[pid 15387] <... newfstatat resumed>{st_dev=makedev(0, 0x35), st_ino=470461, st_mode=S_IFREG|0644, st_nlink=1, st_uid=1000, st_gid=1000, st_blksize=4096, st_blocks=120, st_size=61120, st_atime=1752243591 /* 2025-07-11T11:19:51.280162173-0300 */, st_atime_nsec=280162173, st_mtime=1714773701 /* 2024-05-03T19:01:41-0300 */, st_mtime_nsec=0, st_ctime=1752243151 /* 2025-07-11T11:12:31.528040017-0300 */, st_ctime_nsec=528040017}, AT_SYMLINK_NOFOLLOW) = 0
[pid 15388] <... newfstatat resumed>{st_dev=makedev(0, 0x35), st_ino=93548, st_mode=S_IFDIR|0755, st_nlink=1, st_uid=1000, st_gid=1000, st_blksize=4096, st_blocks=0, st_size=20, st_atime=1752243126 /* 2025-07-11T11:12:06.409931601-0300 */, st_atime_nsec=409931601, st_mtime=1751115573 /* 2025-06-28T09:59:33.617694150-0300 */, st_mtime_nsec=617694150, st_ctime=1751115573 /* 2025-06-28T09:59:33.617694150-0300 */, st_ctime_nsec=617694150}, AT_SYMLINK_NOFOLLOW) = 0
[pid 15387] newfstatat(AT_FDCWD, "assets/images_friendly",  <unfinished ...>
[pid 15388] newfstatat(AT_FDCWD, "posts/inclusion/index.html",  <unfinished ...>
[pid 15387] <... newfstatat resumed>{st_dev=makedev(0, 0x35), st_ino=92772, st_mode=S_IFDIR|0755, st_nlink=1, st_uid=1000, st_gid=1000, st_blksize=4096, st_blocks=0, st_size=164, st_atime=1752243151 /* 2025-07-11T11:12:31.790157207-0300 */, st_atime_nsec=790157207, st_mtime=1752243151 /* 2025-07-11T11:12:31.529269150-0300 */, st_mtime_nsec=529269150, st_ctime=1752243151 /* 2025-07-11T11:12:31.529269150-0300 */, st_ctime_nsec=529269150}, AT_SYMLINK_NOFOLLOW) = 0
[pid 15388] <... newfstatat resumed>{st_dev=makedev(0, 0x35), st_ino=93549, st_mode=S_IFREG|0644, st_nlink=1, st_uid=1000, st_gid=1000, st_blksize=4096, st_blocks=128, st_size=61673, st_atime=1752243640 /* 2025-07-11T11:20:40.951517593-0300 */, st_atime_nsec=951517593, st_mtime=1752243578 /* 2025-07-11T11:19:38.297546078-0300 */, st_mtime_nsec=297546078, st_ctime=1752243578 /* 2025-07-11T11:19:38.297546078-0300 */, st_ctime_nsec=297546078}, AT_SYMLINK_NOFOLLOW) = 0
[pid 15387] newfstatat(AT_FDCWD, "assets/images_friendly/arp-scan.png",  <unfinished ...>
[pid 15388] newfstatat(AT_FDCWD, "posts/index.html",  <unfinished ...>
[pid 15387] <... newfstatat resumed>{st_dev=makedev(0, 0x35), st_ino=470462, st_mode=S_IFREG|0644, st_nlink=1, st_uid=1000, st_gid=1000, st_blksize=4096, st_blocks=288, st_size=146059, st_atime=1752243591 /* 2025-07-11T11:19:51.282162268-0300 */, st_atime_nsec=282162268, st_mtime=1714431718 /* 2024-04-29T20:01:58-0300 */, st_mtime_nsec=0, st_ctime=1752243151 /* 2025-07-11T11:12:31.528251530-0300 */, st_ctime_nsec=528251530}, AT_SYMLINK_NOFOLLOW) = 0
[pid 15388] <... newfstatat resumed>{st_dev=makedev(0, 0x35), st_ino=93519, st_mode=S_IFREG|0644, st_nlink=1, st_uid=1000, st_gid=1000, st_blksize=4096, st_blocks=8, st_size=465, st_atime=1752243591 /* 2025-07-11T11:19:51.914192256-0300 */, st_atime_nsec=914192256, st_mtime=1752243578 /* 2025-07-11T11:19:38.144538816-0300 */, st_mtime_nsec=144538816, st_ctime=1752243578 /* 2025-07-11T11:19:38.144538816-0300 */, st_ctime_nsec=144538816}, AT_SYMLINK_NOFOLLOW) = 0
[pid 15387] newfstatat(AT_FDCWD, "assets/images_friendly/friendly1.png",  <unfinished ...>
[pid 15388] newfstatat(AT_FDCWD, "posts/library",  <unfinished ...>
[pid 15387] <... newfstatat resumed>{st_dev=makedev(0, 0x35), st_ino=470463, st_mode=S_IFREG|0644, st_nlink=1, st_uid=1000, st_gid=1000, st_blksize=4096, st_blocks=128, st_size=64169, st_atime=1752243591 /* 2025-07-11T11:19:51.284162362-0300 */, st_atime_nsec=284162362, st_mtime=1714431718 /* 2024-04-29T20:01:58-0300 */, st_mtime_nsec=0, st_ctime=1752243151 /* 2025-07-11T11:12:31.528444574-0300 */, st_ctime_nsec=528444574}, AT_SYMLINK_NOFOLLOW) = 0
[pid 15388] <... newfstatat resumed>{st_dev=makedev(0, 0x35), st_ino=93560, st_mode=S_IFDIR|0755, st_nlink=1, st_uid=1000, st_gid=1000, st_blksize=4096, st_blocks=0, st_size=20, st_atime=1752243126 /* 2025-07-11T11:12:06.409931601-0300 */, st_atime_nsec=409931601, st_mtime=1751115573 /* 2025-06-28T09:59:33.709698900-0300 */, st_mtime_nsec=709698900, st_ctime=1751115573 /* 2025-06-28T09:59:33.709698900-0300 */, st_ctime_nsec=709698900}, AT_SYMLINK_NOFOLLOW) = 0
[pid 15387] newfstatat(AT_FDCWD, "assets/images_friendly/nmap.png",  <unfinished ...>
[pid 15388] newfstatat(AT_FDCWD, "posts/library/index.html",  <unfinished ...>
[pid 15387] <... newfstatat resumed>{st_dev=makedev(0, 0x35), st_ino=470464, st_mode=S_IFREG|0644, st_nlink=1, st_uid=1000, st_gid=1000, st_blksize=4096, st_blocks=440, st_size=221851, st_atime=1752243591 /* 2025-07-11T11:19:51.285162410-0300 */, st_atime_nsec=285162410, st_mtime=1714431718 /* 2024-04-29T20:01:58-0300 */, st_mtime_nsec=0, st_ctime=1752243151 /* 2025-07-11T11:12:31.528662515-0300 */, st_ctime_nsec=528662515}, AT_SYMLINK_NOFOLLOW) = 0
[pid 15388] <... newfstatat resumed>{st_dev=makedev(0, 0x35), st_ino=93561, st_mode=S_IFREG|0644, st_nlink=1, st_uid=1000, st_gid=1000, st_blksize=4096, st_blocks=120, st_size=59382, st_atime=1752243640 /* 2025-07-11T11:20:40.952517640-0300 */, st_atime_nsec=952517640, st_mtime=1752243578 /* 2025-07-11T11:19:38.301546268-0300 */, st_mtime_nsec=301546268, st_ctime=1752243578 /* 2025-07-11T11:19:38.301546268-0300 */, st_ctime_nsec=301546268}, AT_SYMLINK_NOFOLLOW) = 0
[pid 15387] newfstatat(AT_FDCWD, "assets/images_friendly/respuestanc.png",  <unfinished ...>
[pid 15388] newfstatat(AT_FDCWD, "posts/littlepivoting",  <unfinished ...>
[pid 15387] <... newfstatat resumed>{st_dev=makedev(0, 0x35), st_ino=470465, st_mode=S_IFREG|0644, st_nlink=1, st_uid=1000, st_gid=1000, st_blksize=4096, st_blocks=280, st_size=142221, st_atime=1752243591 /* 2025-07-11T11:19:51.287162505-0300 */, st_atime_nsec=287162505, st_mtime=1714431718 /* 2024-04-29T20:01:58-0300 */, st_mtime_nsec=0, st_ctime=1752243151 /* 2025-07-11T11:12:31.528879637-0300 */, st_ctime_nsec=528879637}, AT_SYMLINK_NOFOLLOW) = 0
[pid 15388] <... newfstatat resumed>{st_dev=makedev(0, 0x35), st_ino=93644, st_mode=S_IFDIR|0755, st_nlink=1, st_uid=1000, st_gid=1000, st_blksize=4096, st_blocks=0, st_size=20, st_atime=1752243126 /* 2025-07-11T11:12:06.410931649-0300 */, st_atime_nsec=410931649, st_mtime=1751115574 /* 2025-06-28T09:59:34.960763502-0300 */, st_mtime_nsec=960763502, st_ctime=1751115574 /* 2025-06-28T09:59:34.960763502-0300 */, st_ctime_nsec=960763502}, AT_SYMLINK_NOFOLLOW) = 0
[pid 15387] newfstatat(AT_FDCWD, "assets/images_friendly/rootuser.png",  <unfinished ...>
[pid 15388] newfstatat(AT_FDCWD, "posts/littlepivoting/index.html",  <unfinished ...>
[pid 15387] <... newfstatat resumed>{st_dev=makedev(0, 0x35), st_ino=470466, st_mode=S_IFREG|0644, st_nlink=1, st_uid=1000, st_gid=1000, st_blksize=4096, st_blocks=112, st_size=53530, st_atime=1752243591 /* 2025-07-11T11:19:51.289162600-0300 */, st_atime_nsec=289162600, st_mtime=1714431718 /* 2024-04-29T20:01:58-0300 */, st_mtime_nsec=0, st_ctime=1752243151 /* 2025-07-11T11:12:31.529071256-0300 */, st_ctime_nsec=529071256}, AT_SYMLINK_NOFOLLOW) = 0
[pid 15388] <... newfstatat resumed>{st_dev=makedev(0, 0x35), st_ino=93645, st_mode=S_IFREG|0644, st_nlink=1, st_uid=1000, st_gid=1000, st_blksize=4096, st_blocks=128, st_size=63227, st_atime=1752243640 /* 2025-07-11T11:20:40.954517735-0300 */, st_atime_nsec=954517735, st_mtime=1752243578 /* 2025-07-11T11:19:38.361549115-0300 */, st_mtime_nsec=361549115, st_ctime=1752243578 /* 2025-07-11T11:19:38.361549115-0300 */, st_ctime_nsec=361549115}, AT_SYMLINK_NOFOLLOW) = 0
[pid 15387] newfstatat(AT_FDCWD, "assets/images_friendly/sudo-l.png",  <unfinished ...>
[pid 15388] newfstatat(AT_FDCWD, "posts/los40ladrones",  <unfinished ...>
[pid 15387] <... newfstatat resumed>{st_dev=makedev(0, 0x35), st_ino=470467, st_mode=S_IFREG|0644, st_nlink=1, st_uid=1000, st_gid=1000, st_blksize=4096, st_blocks=208, st_size=105462, st_atime=1752243591 /* 2025-07-11T11:19:51.290162647-0300 */, st_atime_nsec=290162647, st_mtime=1714431718 /* 2024-04-29T20:01:58-0300 */, st_mtime_nsec=0, st_ctime=1752243151 /* 2025-07-11T11:12:31.529269150-0300 */, st_ctime_nsec=529269150}, AT_SYMLINK_NOFOLLOW) = 0
[pid 15388] <... newfstatat resumed>{st_dev=makedev(0, 0x35), st_ino=93628, st_mode=S_IFDIR|0755, st_nlink=1, st_uid=1000, st_gid=1000, st_blksize=4096, st_blocks=0, st_size=20, st_atime=1752243126 /* 2025-07-11T11:12:06.410931649-0300 */, st_atime_nsec=410931649, st_mtime=1751115574 /* 2025-06-28T09:59:34.720751108-0300 */, st_mtime_nsec=720751108, st_ctime=1751115574 /* 2025-06-28T09:59:34.720751108-0300 */, st_ctime_nsec=720751108}, AT_SYMLINK_NOFOLLOW) = 0
[pid 15387] newfstatat(AT_FDCWD, "assets/images_friendly/webshell.png",  <unfinished ...>
[pid 15388] newfstatat(AT_FDCWD, "posts/los40ladrones/index.html",  <unfinished ...>
[pid 15387] <... newfstatat resumed>{st_dev=makedev(0, 0x35), st_ino=470468, st_mode=S_IFREG|0644, st_nlink=1, st_uid=1000, st_gid=1000, st_blksize=4096, st_blocks=32, st_size=16020, st_atime=1752243591 /* 2025-07-11T11:19:51.292162742-0300 */, st_atime_nsec=292162742, st_mtime=1714431718 /* 2024-04-29T20:01:58-0300 */, st_mtime_nsec=0, st_ctime=1752243151 /* 2025-07-11T11:12:31.529464297-0300 */, st_ctime_nsec=529464297}, AT_SYMLINK_NOFOLLOW) = 0
[pid 15388] <... newfstatat resumed>{st_dev=makedev(0, 0x35), st_ino=93629, st_mode=S_IFREG|0644, st_nlink=1, st_uid=1000, st_gid=1000, st_blksize=4096, st_blocks=128, st_size=62133, st_atime=1752243640 /* 2025-07-11T11:20:40.955517783-0300 */, st_atime_nsec=955517783, st_mtime=1752243578 /* 2025-07-11T11:19:38.336547929-0300 */, st_mtime_nsec=336547929, st_ctime=1752243578 /* 2025-07-11T11:19:38.336547929-0300 */, st_ctime_nsec=336547929}, AT_SYMLINK_NOFOLLOW) = 0
[pid 15387] newfstatat(AT_FDCWD, "assets/img",  <unfinished ...>
[pid 15388] newfstatat(AT_FDCWD, "posts/master",  <unfinished ...>
[pid 15387] <... newfstatat resumed>{st_dev=makedev(0, 0x35), st_ino=92899, st_mode=S_IFDIR|0755, st_nlink=1, st_uid=1000, st_gid=1000, st_blksize=4096, st_blocks=0, st_size=16, st_atime=1752243126 /* 2025-07-11T11:12:06.407931505-0300 */, st_atime_nsec=407931505, st_mtime=1751115564 /* 2025-06-28T09:59:24.068201924-0300 */, st_mtime_nsec=68201924, st_ctime=1751115564 /* 2025-06-28T09:59:24.068201924-0300 */, st_ctime_nsec=68201924}, AT_SYMLINK_NOFOLLOW) = 0
[pid 15388] <... newfstatat resumed>{st_dev=makedev(0, 0x35), st_ino=93586, st_mode=S_IFDIR|0755, st_nlink=1, st_uid=1000, st_gid=1000, st_blksize=4096, st_blocks=0, st_size=20, st_atime=1752243126 /* 2025-07-11T11:12:06.410931649-0300 */, st_atime_nsec=410931649, st_mtime=1751115574 /* 2025-06-28T09:59:34.073717693-0300 */, st_mtime_nsec=73717693, st_ctime=1751115574 /* 2025-06-28T09:59:34.073717693-0300 */, st_ctime_nsec=73717693}, AT_SYMLINK_NOFOLLOW) = 0
[pid 15387] newfstatat(AT_FDCWD, "assets/img/favicons",  <unfinished ...>
[pid 15388] newfstatat(AT_FDCWD, "posts/master/index.html",  <unfinished ...>
[pid 15387] <... newfstatat resumed>{st_dev=makedev(0, 0x35), st_ino=92900, st_mode=S_IFDIR|0755, st_nlink=1, st_uid=1000, st_gid=1000, st_blksize=4096, st_blocks=0, st_size=336, st_atime=1752243151 /* 2025-07-11T11:12:31.791157256-0300 */, st_atime_nsec=791157256, st_mtime=1752243151 /* 2025-07-11T11:12:31.531012855-0300 */, st_mtime_nsec=531012855, st_ctime=1752243151 /* 2025-07-11T11:12:31.531012855-0300 */, st_ctime_nsec=531012855}, AT_SYMLINK_NOFOLLOW) = 0
[pid 15388] <... newfstatat resumed>{st_dev=makedev(0, 0x35), st_ino=93587, st_mode=S_IFREG|0644, st_nlink=1, st_uid=1000, st_gid=1000, st_blksize=4096, st_blocks=120, st_size=59741, st_atime=1752243640 /* 2025-07-11T11:20:40.956517830-0300 */, st_atime_nsec=956517830, st_mtime=1752243578 /* 2025-07-11T11:19:38.337547976-0300 */, st_mtime_nsec=337547976, st_ctime=1752243578 /* 2025-07-11T11:19:38.337547976-0300 */, st_ctime_nsec=337547976}, AT_SYMLINK_NOFOLLOW) = 0
[pid 15387] newfstatat(AT_FDCWD, "assets/img/favicons/android-chrome-192x192.png",  <unfinished ...>
[pid 15388] newfstatat(AT_FDCWD, "posts/method",  <unfinished ...>
[pid 15387] <... newfstatat resumed>{st_dev=makedev(0, 0x35), st_ino=470469, st_mode=S_IFREG|0644, st_nlink=1, st_uid=1000, st_gid=1000, st_blksize=4096, st_blocks=40, st_size=19952, st_atime=1752243188 /* 2025-07-11T11:13:08.392921654-0300 */, st_atime_nsec=392921654, st_mtime=1714575501 /* 2024-05-01T11:58:21-0300 */, st_mtime_nsec=0, st_ctime=1752243151 /* 2025-07-11T11:12:31.529664143-0300 */, st_ctime_nsec=529664143}, AT_SYMLINK_NOFOLLOW) = 0
[pid 15388] <... newfstatat resumed>{st_dev=makedev(0, 0x35), st_ino=93524, st_mode=S_IFDIR|0755, st_nlink=1, st_uid=1000, st_gid=1000, st_blksize=4096, st_blocks=0, st_size=20, st_atime=1752243126 /* 2025-07-11T11:12:06.409931601-0300 */, st_atime_nsec=409931601, st_mtime=1751115573 /* 2025-06-28T09:59:33.498688007-0300 */, st_mtime_nsec=498688007, st_ctime=1751115573 /* 2025-06-28T09:59:33.498688007-0300 */, st_ctime_nsec=498688007}, AT_SYMLINK_NOFOLLOW) = 0
[pid 15387] newfstatat(AT_FDCWD, "assets/img/favicons/android-chrome-512x512.png",  <unfinished ...>
[pid 15388] newfstatat(AT_FDCWD, "posts/method/index.html",  <unfinished ...>
[pid 15387] <... newfstatat resumed>{st_dev=makedev(0, 0x35), st_ino=470470, st_mode=S_IFREG|0644, st_nlink=1, st_uid=1000, st_gid=1000, st_blksize=4096, st_blocks=128, st_size=62557, st_atime=1752243591 /* 2025-07-11T11:19:51.293162790-0300 */, st_atime_nsec=293162790, st_mtime=1714575501 /* 2024-05-01T11:58:21-0300 */, st_mtime_nsec=0, st_ctime=1752243151 /* 2025-07-11T11:12:31.529877985-0300 */, st_ctime_nsec=529877985}, AT_SYMLINK_NOFOLLOW) = 0
[pid 15388] <... newfstatat resumed>{st_dev=makedev(0, 0x35), st_ino=93525, st_mode=S_IFREG|0644, st_nlink=1, st_uid=1000, st_gid=1000, st_blksize=4096, st_blocks=120, st_size=58951, st_atime=1752243640 /* 2025-07-11T11:20:40.957517877-0300 */, st_atime_nsec=957517877, st_mtime=1752243578 /* 2025-07-11T11:19:38.274544986-0300 */, st_mtime_nsec=274544986, st_ctime=1752243578 /* 2025-07-11T11:19:38.274544986-0300 */, st_ctime_nsec=274544986}, AT_SYMLINK_NOFOLLOW) = 0
[pid 15387] newfstatat(AT_FDCWD, "assets/img/favicons/apple-touch-icon.png",  <unfinished ...>
[pid 15388] newfstatat(AT_FDCWD, "posts/mybb",  <unfinished ...>
[pid 15387] <... newfstatat resumed>{st_dev=makedev(0, 0x35), st_ino=470471, st_mode=S_IFREG|0644, st_nlink=1, st_uid=1000, st_gid=1000, st_blksize=4096, st_blocks=32, st_size=13867, st_atime=1752243591 /* 2025-07-11T11:19:51.294162837-0300 */, st_atime_nsec=294162837, st_mtime=1714575501 /* 2024-05-01T11:58:21-0300 */, st_mtime_nsec=0, st_ctime=1752243151 /* 2025-07-11T11:12:31.530056225-0300 */, st_ctime_nsec=530056225}, AT_SYMLINK_NOFOLLOW) = 0
[pid 15388] <... newfstatat resumed>{st_dev=makedev(0, 0x35), st_ino=93634, st_mode=S_IFDIR|0755, st_nlink=1, st_uid=1000, st_gid=1000, st_blksize=4096, st_blocks=0, st_size=20, st_atime=1752243126 /* 2025-07-11T11:12:06.410931649-0300 */, st_atime_nsec=410931649, st_mtime=1751115574 /* 2025-06-28T09:59:34.781754258-0300 */, st_mtime_nsec=781754258, st_ctime=1751115574 /* 2025-06-28T09:59:34.781754258-0300 */, st_ctime_nsec=781754258}, AT_SYMLINK_NOFOLLOW) = 0
[pid 15388] newfstatat(AT_FDCWD, "posts/mybb/index.html",  <unfinished ...>
[pid 15387] newfstatat(AT_FDCWD, "assets/img/favicons/browserconfig.xml",  <unfinished ...>
[pid 15388] <... newfstatat resumed>{st_dev=makedev(0, 0x35), st_ino=93635, st_mode=S_IFREG|0644, st_nlink=1, st_uid=1000, st_gid=1000, st_blksize=4096, st_blocks=128, st_size=65086, st_atime=1752243640 /* 2025-07-11T11:20:40.958517925-0300 */, st_atime_nsec=958517925, st_mtime=1752243578 /* 2025-07-11T11:19:38.332547739-0300 */, st_mtime_nsec=332547739, st_ctime=1752243578 /* 2025-07-11T11:19:38.332547739-0300 */, st_ctime_nsec=332547739}, AT_SYMLINK_NOFOLLOW) = 0
[pid 15387] <... newfstatat resumed>{st_dev=makedev(0, 0x35), st_ino=470472, st_mode=S_IFREG|0644, st_nlink=1, st_uid=1000, st_gid=1000, st_blksize=4096, st_blocks=8, st_size=244, st_atime=1752243591 /* 2025-07-11T11:19:51.294162837-0300 */, st_atime_nsec=294162837, st_mtime=1752243578 /* 2025-07-11T11:19:38.135538389-0300 */, st_mtime_nsec=135538389, st_ctime=1752243578 /* 2025-07-11T11:19:38.135538389-0300 */, st_ctime_nsec=135538389}, AT_SYMLINK_NOFOLLOW) = 0
[pid 15388] newfstatat(AT_FDCWD, "posts/nmap-command",  <unfinished ...>
[pid 15387] newfstatat(AT_FDCWD, "assets/img/favicons/favicon-16x16.png",  <unfinished ...>
[pid 15388] <... newfstatat resumed>{st_dev=makedev(0, 0x35), st_ino=93574, st_mode=S_IFDIR|0755, st_nlink=1, st_uid=1000, st_gid=1000, st_blksize=4096, st_blocks=0, st_size=20, st_atime=1752243126 /* 2025-07-11T11:12:06.410931649-0300 */, st_atime_nsec=410931649, st_mtime=1751115573 /* 2025-06-28T09:59:33.919709742-0300 */, st_mtime_nsec=919709742, st_ctime=1751115573 /* 2025-06-28T09:59:33.919709742-0300 */, st_ctime_nsec=919709742}, AT_SYMLINK_NOFOLLOW) = 0
[pid 15387] <... newfstatat resumed>{st_dev=makedev(0, 0x35), st_ino=470473, st_mode=S_IFREG|0644, st_nlink=1, st_uid=1000, st_gid=1000, st_blksize=4096, st_blocks=8, st_size=1247, st_atime=1752243591 /* 2025-07-11T11:19:51.294162837-0300 */, st_atime_nsec=294162837, st_mtime=1714575501 /* 2024-05-01T11:58:21-0300 */, st_mtime_nsec=0, st_ctime=1752243151 /* 2025-07-11T11:12:31.530461863-0300 */, st_ctime_nsec=530461863}, AT_SYMLINK_NOFOLLOW) = 0
[pid 15388] newfstatat(AT_FDCWD, "posts/nmap-command/index.html",  <unfinished ...>
[pid 15387] newfstatat(AT_FDCWD, "assets/img/favicons/favicon-32x32.png",  <unfinished ...>
[pid 15388] <... newfstatat resumed>{st_dev=makedev(0, 0x35), st_ino=93575, st_mode=S_IFREG|0644, st_nlink=1, st_uid=1000, st_gid=1000, st_blksize=4096, st_blocks=136, st_size=67615, st_atime=1752243640 /* 2025-07-11T11:20:40.959517972-0300 */, st_atime_nsec=959517972, st_mtime=1752243578 /* 2025-07-11T11:19:38.311546742-0300 */, st_mtime_nsec=311546742, st_ctime=1752243578 /* 2025-07-11T11:19:38.311546742-0300 */, st_ctime_nsec=311546742}, AT_SYMLINK_NOFOLLOW) = 0
[pid 15387] <... newfstatat resumed>{st_dev=makedev(0, 0x35), st_ino=470474, st_mode=S_IFREG|0644, st_nlink=1, st_uid=1000, st_gid=1000, st_blksize=4096, st_blocks=8, st_size=2312, st_atime=1752243591 /* 2025-07-11T11:19:51.295162885-0300 */, st_atime_nsec=295162885, st_mtime=1714575501 /* 2024-05-01T11:58:21-0300 */, st_mtime_nsec=0, st_ctime=1752243151 /* 2025-07-11T11:12:31.530639816-0300 */, st_ctime_nsec=530639816}, AT_SYMLINK_NOFOLLOW) = 0
[pid 15388] newfstatat(AT_FDCWD, "posts/nodeclimb",  <unfinished ...>
[pid 15387] newfstatat(AT_FDCWD, "assets/img/favicons/favicon.ico",  <unfinished ...>
[pid 15388] <... newfstatat resumed>{st_dev=makedev(0, 0x35), st_ino=93632, st_mode=S_IFDIR|0755, st_nlink=1, st_uid=1000, st_gid=1000, st_blksize=4096, st_blocks=0, st_size=20, st_atime=1752243126 /* 2025-07-11T11:12:06.410931649-0300 */, st_atime_nsec=410931649, st_mtime=1751115574 /* 2025-06-28T09:59:34.770753690-0300 */, st_mtime_nsec=770753690, st_ctime=1751115574 /* 2025-06-28T09:59:34.770753690-0300 */, st_ctime_nsec=770753690}, AT_SYMLINK_NOFOLLOW) = 0
[pid 15387] <... newfstatat resumed>{st_dev=makedev(0, 0x35), st_ino=470475, st_mode=S_IFREG|0644, st_nlink=1, st_uid=1000, st_gid=1000, st_blksize=4096, st_blocks=32, st_size=15086, st_atime=1752243188 /* 2025-07-11T11:13:08.376920884-0300 */, st_atime_nsec=376920884, st_mtime=1714575501 /* 2024-05-01T11:58:21-0300 */, st_mtime_nsec=0, st_ctime=1752243151 /* 2025-07-11T11:12:31.530835002-0300 */, st_ctime_nsec=530835002}, AT_SYMLINK_NOFOLLOW) = 0
[pid 15388] newfstatat(AT_FDCWD, "posts/nodeclimb/index.html",  <unfinished ...>
[pid 15387] newfstatat(AT_FDCWD, "assets/img/favicons/mstile-150x150.png",  <unfinished ...>
[pid 15388] <... newfstatat resumed>{st_dev=makedev(0, 0x35), st_ino=93633, st_mode=S_IFREG|0644, st_nlink=1, st_uid=1000, st_gid=1000, st_blksize=4096, st_blocks=112, st_size=55938, st_atime=1752243640 /* 2025-07-11T11:20:40.961518067-0300 */, st_atime_nsec=961518067, st_mtime=1752243578 /* 2025-07-11T11:19:38.338548024-0300 */, st_mtime_nsec=338548024, st_ctime=1752243578 /* 2025-07-11T11:19:38.338548024-0300 */, st_ctime_nsec=338548024}, AT_SYMLINK_NOFOLLOW) = 0
[pid 15387] <... newfstatat resumed>{st_dev=makedev(0, 0x35), st_ino=470476, st_mode=S_IFREG|0644, st_nlink=1, st_uid=1000, st_gid=1000, st_blksize=4096, st_blocks=24, st_size=12172, st_atime=1752243591 /* 2025-07-11T11:19:51.296162932-0300 */, st_atime_nsec=296162932, st_mtime=1714575501 /* 2024-05-01T11:58:21-0300 */, st_mtime_nsec=0, st_ctime=1752243151 /* 2025-07-11T11:12:31.531012855-0300 */, st_ctime_nsec=531012855}, AT_SYMLINK_NOFOLLOW) = 0
[pid 15388] newfstatat(AT_FDCWD, "posts/obssesion", {st_dev=makedev(0, 0x35), st_ino=93626, st_mode=S_IFDIR|0755, st_nlink=1, st_uid=1000, st_gid=1000, st_blksize=4096, st_blocks=0, st_size=20, st_atime=1752243126 /* 2025-07-11T11:12:06.410931649-0300 */, st_atime_nsec=410931649, st_mtime=1751115574 /* 2025-06-28T09:59:34.712750695-0300 */, st_mtime_nsec=712750695, st_ctime=1751115574 /* 2025-06-28T09:59:34.712750695-0300 */, st_ctime_nsec=712750695}, AT_SYMLINK_NOFOLLOW) = 0
[pid 15388] newfstatat(AT_FDCWD, "posts/obssesion/index.html",  <unfinished ...>
[pid 15387] newfstatat(AT_FDCWD, "assets/img/favicons/site.webmanifest", {st_dev=makedev(0, 0x35), st_ino=470477, st_mode=S_IFREG|0644, st_nlink=1, st_uid=1000, st_gid=1000, st_blksize=4096, st_blocks=8, st_size=692, st_atime=1752243640 /* 2025-07-11T11:20:40.609501384-0300 */, st_atime_nsec=609501384, st_mtime=1752243578 /* 2025-07-11T11:19:38.137538483-0300 */, st_mtime_nsec=137538483, st_ctime=1752243578 /* 2025-07-11T11:19:38.137538483-0300 */, st_ctime_nsec=137538483}, AT_SYMLINK_NOFOLLOW) = 0
[pid 15388] <... newfstatat resumed>{st_dev=makedev(0, 0x35), st_ino=93627, st_mode=S_IFREG|0644, st_nlink=1, st_uid=1000, st_gid=1000, st_blksize=4096, st_blocks=112, st_size=55388, st_atime=1752243640 /* 2025-07-11T11:20:40.962518114-0300 */, st_atime_nsec=962518114, st_mtime=1752243578 /* 2025-07-11T11:19:38.331547691-0300 */, st_mtime_nsec=331547691, st_ctime=1752243578 /* 2025-07-11T11:19:38.331547691-0300 */, st_ctime_nsec=331547691}, AT_SYMLINK_NOFOLLOW) = 0
[pid 15388] newfstatat(AT_FDCWD, "posts/picadilly",  <unfinished ...>
[pid 15387] newfstatat(AT_FDCWD, "assets/img_alzheimer", {st_dev=makedev(0, 0x35), st_ino=92780, st_mode=S_IFDIR|0755, st_nlink=1, st_uid=1000, st_gid=1000, st_blksize=4096, st_blocks=0, st_size=284, st_atime=1752243151 /* 2025-07-11T11:12:31.790157207-0300 */, st_atime_nsec=790157207, st_mtime=1752243151 /* 2025-07-11T11:12:31.533507063-0300 */, st_mtime_nsec=533507063, st_ctime=1752243151 /* 2025-07-11T11:12:31.533507063-0300 */, st_ctime_nsec=533507063}, AT_SYMLINK_NOFOLLOW) = 0
[pid 15388] <... newfstatat resumed>{st_dev=makedev(0, 0x35), st_ino=93576, st_mode=S_IFDIR|0755, st_nlink=1, st_uid=1000, st_gid=1000, st_blksize=4096, st_blocks=0, st_size=20, st_atime=1752243126 /* 2025-07-11T11:12:06.410931649-0300 */, st_atime_nsec=410931649, st_mtime=1751115573 /* 2025-06-28T09:59:33.948711239-0300 */, st_mtime_nsec=948711239, st_ctime=1751115573 /* 2025-06-28T09:59:33.948711239-0300 */, st_ctime_nsec=948711239}, AT_SYMLINK_NOFOLLOW) = 0
[pid 15387] newfstatat(AT_FDCWD, "assets/img_alzheimer/21-80-open.png",  <unfinished ...>
[pid 15388] newfstatat(AT_FDCWD, "posts/picadilly/index.html",  <unfinished ...>
[pid 15387] <... newfstatat resumed>{st_dev=makedev(0, 0x35), st_ino=470478, st_mode=S_IFREG|0644, st_nlink=1, st_uid=1000, st_gid=1000, st_blksize=4096, st_blocks=304, st_size=154484, st_atime=1752243591 /* 2025-07-11T11:19:51.296162932-0300 */, st_atime_nsec=296162932, st_mtime=1714431718 /* 2024-04-29T20:01:58-0300 */, st_mtime_nsec=0, st_ctime=1752243151 /* 2025-07-11T11:12:31.531391443-0300 */, st_ctime_nsec=531391443}, AT_SYMLINK_NOFOLLOW) = 0
[pid 15388] <... newfstatat resumed>{st_dev=makedev(0, 0x35), st_ino=93577, st_mode=S_IFREG|0644, st_nlink=1, st_uid=1000, st_gid=1000, st_blksize=4096, st_blocks=112, st_size=54547, st_atime=1752243640 /* 2025-07-11T11:20:40.963518162-0300 */, st_atime_nsec=963518162, st_mtime=1752243578 /* 2025-07-11T11:19:38.312546790-0300 */, st_mtime_nsec=312546790, st_ctime=1752243578 /* 2025-07-11T11:19:38.312546790-0300 */, st_ctime_nsec=312546790}, AT_SYMLINK_NOFOLLOW) = 0
[pid 15387] newfstatat(AT_FDCWD, "assets/img_alzheimer/all-open.png",  <unfinished ...>
[pid 15388] newfstatat(AT_FDCWD, "posts/pingpong",  <unfinished ...>
[pid 15387] <... newfstatat resumed>{st_dev=makedev(0, 0x35), st_ino=470479, st_mode=S_IFREG|0644, st_nlink=1, st_uid=1000, st_gid=1000, st_blksize=4096, st_blocks=232, st_size=118153, st_atime=1752243591 /* 2025-07-11T11:19:51.298163027-0300 */, st_atime_nsec=298163027, st_mtime=1714431718 /* 2024-04-29T20:01:58-0300 */, st_mtime_nsec=0, st_ctime=1752243151 /* 2025-07-11T11:12:31.531596345-0300 */, st_ctime_nsec=531596345}, AT_SYMLINK_NOFOLLOW) = 0
[pid 15388] <... newfstatat resumed>{st_dev=makedev(0, 0x35), st_ino=93568, st_mode=S_IFDIR|0755, st_nlink=1, st_uid=1000, st_gid=1000, st_blksize=4096, st_blocks=0, st_size=20, st_atime=1752243126 /* 2025-07-11T11:12:06.410931649-0300 */, st_atime_nsec=410931649, st_mtime=1751115573 /* 2025-06-28T09:59:33.812704217-0300 */, st_mtime_nsec=812704217, st_ctime=1751115573 /* 2025-06-28T09:59:33.812704217-0300 */, st_ctime_nsec=812704217}, AT_SYMLINK_NOFOLLOW) = 0
[pid 15387] newfstatat(AT_FDCWD, "assets/img_alzheimer/arp-scan.png",  <unfinished ...>
[pid 15388] newfstatat(AT_FDCWD, "posts/pingpong/index.html",  <unfinished ...>
[pid 15387] <... newfstatat resumed>{st_dev=makedev(0, 0x35), st_ino=470480, st_mode=S_IFREG|0644, st_nlink=1, st_uid=1000, st_gid=1000, st_blksize=4096, st_blocks=328, st_size=165334, st_atime=1752243591 /* 2025-07-11T11:19:51.300163122-0300 */, st_atime_nsec=300163122, st_mtime=1714431718 /* 2024-04-29T20:01:58-0300 */, st_mtime_nsec=0, st_ctime=1752243151 /* 2025-07-11T11:12:31.531819313-0300 */, st_ctime_nsec=531819313}, AT_SYMLINK_NOFOLLOW) = 0
[pid 15388] <... newfstatat resumed>{st_dev=makedev(0, 0x35), st_ino=93569, st_mode=S_IFREG|0644, st_nlink=1, st_uid=1000, st_gid=1000, st_blksize=4096, st_blocks=120, st_size=60694, st_atime=1752243640 /* 2025-07-11T11:20:40.964518209-0300 */, st_atime_nsec=964518209, st_mtime=1752243578 /* 2025-07-11T11:19:38.314546885-0300 */, st_mtime_nsec=314546885, st_ctime=1752243578 /* 2025-07-11T11:19:38.314546885-0300 */, st_ctime_nsec=314546885}, AT_SYMLINK_NOFOLLOW) = 0
[pid 15387] newfstatat(AT_FDCWD, "assets/img_alzheimer/capsh.png",  <unfinished ...>
[pid 15388] newfstatat(AT_FDCWD, "posts/pinguinazo",  <unfinished ...>
[pid 15387] <... newfstatat resumed>{st_dev=makedev(0, 0x35), st_ino=470481, st_mode=S_IFREG|0644, st_nlink=1, st_uid=1000, st_gid=1000, st_blksize=4096, st_blocks=120, st_size=59720, st_atime=1752243591 /* 2025-07-11T11:19:51.302163217-0300 */, st_atime_nsec=302163217, st_mtime=1714431718 /* 2024-04-29T20:01:58-0300 */, st_mtime_nsec=0, st_ctime=1752243151 /* 2025-07-11T11:12:31.532015016-0300 */, st_ctime_nsec=532015016}, AT_SYMLINK_NOFOLLOW) = 0
[pid 15388] <... newfstatat resumed>{st_dev=makedev(0, 0x35), st_ino=93622, st_mode=S_IFDIR|0755, st_nlink=1, st_uid=1000, st_gid=1000, st_blksize=4096, st_blocks=0, st_size=20, st_atime=1752243126 /* 2025-07-11T11:12:06.410931649-0300 */, st_atime_nsec=410931649, st_mtime=1751115574 /* 2025-06-28T09:59:34.644747183-0300 */, st_mtime_nsec=644747183, st_ctime=1751115574 /* 2025-06-28T09:59:34.644747183-0300 */, st_ctime_nsec=644747183}, AT_SYMLINK_NOFOLLOW) = 0
[pid 15387] newfstatat(AT_FDCWD, "assets/img_alzheimer/ftp.png",  <unfinished ...>
[pid 15388] newfstatat(AT_FDCWD, "posts/pinguinazo/index.html",  <unfinished ...>
[pid 15387] <... newfstatat resumed>{st_dev=makedev(0, 0x35), st_ino=470482, st_mode=S_IFREG|0644, st_nlink=1, st_uid=1000, st_gid=1000, st_blksize=4096, st_blocks=328, st_size=167091, st_atime=1752243591 /* 2025-07-11T11:19:51.303163264-0300 */, st_atime_nsec=303163264, st_mtime=1714431718 /* 2024-04-29T20:01:58-0300 */, st_mtime_nsec=0, st_ctime=1752243151 /* 2025-07-11T11:12:31.532223043-0300 */, st_ctime_nsec=532223043}, AT_SYMLINK_NOFOLLOW) = 0
[pid 15388] <... newfstatat resumed>{st_dev=makedev(0, 0x35), st_ino=93623, st_mode=S_IFREG|0644, st_nlink=1, st_uid=1000, st_gid=1000, st_blksize=4096, st_blocks=120, st_size=60699, st_atime=1752243640 /* 2025-07-11T11:20:40.965518257-0300 */, st_atime_nsec=965518257, st_mtime=1752243578 /* 2025-07-11T11:19:38.316546980-0300 */, st_mtime_nsec=316546980, st_ctime=1752243578 /* 2025-07-11T11:19:38.316546980-0300 */, st_ctime_nsec=316546980}, AT_SYMLINK_NOFOLLOW) = 0
[pid 15387] newfstatat(AT_FDCWD, "assets/img_alzheimer/index-html.png",  <unfinished ...>
[pid 15388] newfstatat(AT_FDCWD, "posts/pkgpoison",  <unfinished ...>
[pid 15387] <... newfstatat resumed>{st_dev=makedev(0, 0x35), st_ino=470483, st_mode=S_IFREG|0644, st_nlink=1, st_uid=1000, st_gid=1000, st_blksize=4096, st_blocks=32, st_size=13905, st_atime=1752243591 /* 2025-07-11T11:19:51.305163359-0300 */, st_atime_nsec=305163359, st_mtime=1714431718 /* 2024-04-29T20:01:58-0300 */, st_mtime_nsec=0, st_ctime=1752243151 /* 2025-07-11T11:12:31.532410790-0300 */, st_ctime_nsec=532410790}, AT_SYMLINK_NOFOLLOW) = 0
[pid 15388] <... newfstatat resumed>{st_dev=makedev(0, 0x35), st_ino=93564, st_mode=S_IFDIR|0755, st_nlink=1, st_uid=1000, st_gid=1000, st_blksize=4096, st_blocks=0, st_size=20, st_atime=1752243126 /* 2025-07-11T11:12:06.409931601-0300 */, st_atime_nsec=409931601, st_mtime=1751115573 /* 2025-06-28T09:59:33.737700345-0300 */, st_mtime_nsec=737700345, st_ctime=1751115573 /* 2025-06-28T09:59:33.737700345-0300 */, st_ctime_nsec=737700345}, AT_SYMLINK_NOFOLLOW) = 0
[pid 15387] newfstatat(AT_FDCWD, "assets/img_alzheimer/knocking.png",  <unfinished ...>
[pid 15388] newfstatat(AT_FDCWD, "posts/pkgpoison/index.html",  <unfinished ...>
[pid 15387] <... newfstatat resumed>{st_dev=makedev(0, 0x35), st_ino=470484, st_mode=S_IFREG|0644, st_nlink=1, st_uid=1000, st_gid=1000, st_blksize=4096, st_blocks=320, st_size=160896, st_atime=1752243591 /* 2025-07-11T11:19:51.305163359-0300 */, st_atime_nsec=305163359, st_mtime=1714431718 /* 2024-04-29T20:01:58-0300 */, st_mtime_nsec=0, st_ctime=1752243151 /* 2025-07-11T11:12:31.532617092-0300 */, st_ctime_nsec=532617092}, AT_SYMLINK_NOFOLLOW) = 0
[pid 15388] <... newfstatat resumed>{st_dev=makedev(0, 0x35), st_ino=93565, st_mode=S_IFREG|0644, st_nlink=1, st_uid=1000, st_gid=1000, st_blksize=4096, st_blocks=128, st_size=64498, st_atime=1752243640 /* 2025-07-11T11:20:40.966518304-0300 */, st_atime_nsec=966518304, st_mtime=1752243578 /* 2025-07-11T11:19:38.364549258-0300 */, st_mtime_nsec=364549258, st_ctime=1752243578 /* 2025-07-11T11:19:38.364549258-0300 */, st_ctime_nsec=364549258}, AT_SYMLINK_NOFOLLOW) = 0
[pid 15387] newfstatat(AT_FDCWD, "assets/img_alzheimer/login_medusa.png",  <unfinished ...>
[pid 15388] newfstatat(AT_FDCWD, "posts/pyred",  <unfinished ...>
[pid 15387] <... newfstatat resumed>{st_dev=makedev(0, 0x35), st_ino=470485, st_mode=S_IFREG|0644, st_nlink=1, st_uid=1000, st_gid=1000, st_blksize=4096, st_blocks=392, st_size=197243, st_atime=1752243591 /* 2025-07-11T11:19:51.308163501-0300 */, st_atime_nsec=308163501, st_mtime=1714431718 /* 2024-04-29T20:01:58-0300 */, st_mtime_nsec=0, st_ctime=1752243151 /* 2025-07-11T11:12:31.532846327-0300 */, st_ctime_nsec=532846327}, AT_SYMLINK_NOFOLLOW) = 0
[pid 15388] <... newfstatat resumed>{st_dev=makedev(0, 0x35), st_ino=93534, st_mode=S_IFDIR|0755, st_nlink=1, st_uid=1000, st_gid=1000, st_blksize=4096, st_blocks=0, st_size=20, st_atime=1752243126 /* 2025-07-11T11:12:06.409931601-0300 */, st_atime_nsec=409931601, st_mtime=1751115573 /* 2025-06-28T09:59:33.565691466-0300 */, st_mtime_nsec=565691466, st_ctime=1751115573 /* 2025-06-28T09:59:33.565691466-0300 */, st_ctime_nsec=565691466}, AT_SYMLINK_NOFOLLOW) = 0
[pid 15387] newfstatat(AT_FDCWD, "assets/img_alzheimer/nmap.png",  <unfinished ...>
[pid 15388] newfstatat(AT_FDCWD, "posts/pyred/index.html",  <unfinished ...>
[pid 15387] <... newfstatat resumed>{st_dev=makedev(0, 0x35), st_ino=470486, st_mode=S_IFREG|0644, st_nlink=1, st_uid=1000, st_gid=1000, st_blksize=4096, st_blocks=520, st_size=263391, st_atime=1752243591 /* 2025-07-11T11:19:51.311163644-0300 */, st_atime_nsec=311163644, st_mtime=1714431718 /* 2024-04-29T20:01:58-0300 */, st_mtime_nsec=0, st_ctime=1752243151 /* 2025-07-11T11:12:31.533120094-0300 */, st_ctime_nsec=533120094}, AT_SYMLINK_NOFOLLOW) = 0
[pid 15388] <... newfstatat resumed>{st_dev=makedev(0, 0x35), st_ino=93535, st_mode=S_IFREG|0644, st_nlink=1, st_uid=1000, st_gid=1000, st_blksize=4096, st_blocks=128, st_size=64289, st_atime=1752243640 /* 2025-07-11T11:20:40.967518351-0300 */, st_atime_nsec=967518351, st_mtime=1752243578 /* 2025-07-11T11:19:38.279545223-0300 */, st_mtime_nsec=279545223, st_ctime=1752243578 /* 2025-07-11T11:19:38.279545223-0300 */, st_ctime_nsec=279545223}, AT_SYMLINK_NOFOLLOW) = 0
[pid 15387] newfstatat(AT_FDCWD, "assets/img_alzheimer/portada.png",  <unfinished ...>
[pid 15388] newfstatat(AT_FDCWD, "posts/raspberry-all",  <unfinished ...>
[pid 15387] <... newfstatat resumed>{st_dev=makedev(0, 0x35), st_ino=470487, st_mode=S_IFREG|0644, st_nlink=1, st_uid=1000, st_gid=1000, st_blksize=4096, st_blocks=128, st_size=63284, st_atime=1752243591 /* 2025-07-11T11:19:51.317163929-0300 */, st_atime_nsec=317163929, st_mtime=1714431718 /* 2024-04-29T20:01:58-0300 */, st_mtime_nsec=0, st_ctime=1752243151 /* 2025-07-11T11:12:31.533313655-0300 */, st_ctime_nsec=533313655}, AT_SYMLINK_NOFOLLOW) = 0
[pid 15388] <... newfstatat resumed>{st_dev=makedev(0, 0x35), st_ino=93658, st_mode=S_IFDIR|0755, st_nlink=1, st_uid=1000, st_gid=1000, st_blksize=4096, st_blocks=0, st_size=20, st_atime=1752243126 /* 2025-07-11T11:12:06.411931698-0300 */, st_atime_nsec=411931698, st_mtime=1751115575 /* 2025-06-28T09:59:35.179774816-0300 */, st_mtime_nsec=179774816, st_ctime=1751115575 /* 2025-06-28T09:59:35.179774816-0300 */, st_ctime_nsec=179774816}, AT_SYMLINK_NOFOLLOW) = 0
[pid 15387] newfstatat(AT_FDCWD, "assets/img_alzheimer/secretnote.png",  <unfinished ...>
[pid 15388] newfstatat(AT_FDCWD, "posts/raspberry-all/index.html",  <unfinished ...>
[pid 15387] <... newfstatat resumed>{st_dev=makedev(0, 0x35), st_ino=470488, st_mode=S_IFREG|0644, st_nlink=1, st_uid=1000, st_gid=1000, st_blksize=4096, st_blocks=152, st_size=74125, st_atime=1752243591 /* 2025-07-11T11:19:51.319164024-0300 */, st_atime_nsec=319164024, st_mtime=1714431718 /* 2024-04-29T20:01:58-0300 */, st_mtime_nsec=0, st_ctime=1752243151 /* 2025-07-11T11:12:31.533507063-0300 */, st_ctime_nsec=533507063}, AT_SYMLINK_NOFOLLOW) = 0
[pid 15388] <... newfstatat resumed>{st_dev=makedev(0, 0x35), st_ino=93659, st_mode=S_IFREG|0644, st_nlink=1, st_uid=1000, st_gid=1000, st_blksize=4096, st_blocks=120, st_size=59750, st_atime=1752243640 /* 2025-07-11T11:20:40.968518399-0300 */, st_atime_nsec=968518399, st_mtime=1752243578 /* 2025-07-11T11:19:38.345548356-0300 */, st_mtime_nsec=345548356, st_ctime=1752243578 /* 2025-07-11T11:19:38.345548356-0300 */, st_ctime_nsec=345548356}, AT_SYMLINK_NOFOLLOW) = 0
[pid 15387] newfstatat(AT_FDCWD, "assets/img_alzheimer/sudo_find.png",  <unfinished ...>
[pid 15388] newfstatat(AT_FDCWD, "posts/rutas",  <unfinished ...>
[pid 15387] <... newfstatat resumed>{st_dev=makedev(0, 0x35), st_ino=470489, st_mode=S_IFREG|0644, st_nlink=1, st_uid=1000, st_gid=1000, st_blksize=4096, st_blocks=480, st_size=245541, st_atime=1752243591 /* 2025-07-11T11:19:51.321164118-0300 */, st_atime_nsec=321164118, st_mtime=1714431718 /* 2024-04-29T20:01:58-0300 */, st_mtime_nsec=0, st_ctime=1752243151 /* 2025-07-11T11:12:31.533748498-0300 */, st_ctime_nsec=533748498}, AT_SYMLINK_NOFOLLOW) = 0
[pid 15388] <... newfstatat resumed>{st_dev=makedev(0, 0x35), st_ino=93594, st_mode=S_IFDIR|0755, st_nlink=1, st_uid=1000, st_gid=1000, st_blksize=4096, st_blocks=0, st_size=20, st_atime=1752243126 /* 2025-07-11T11:12:06.410931649-0300 */, st_atime_nsec=410931649, st_mtime=1751115574 /* 2025-06-28T09:59:34.165722445-0300 */, st_mtime_nsec=165722445, st_ctime=1751115574 /* 2025-06-28T09:59:34.165722445-0300 */, st_ctime_nsec=165722445}, AT_SYMLINK_NOFOLLOW) = 0
[pid 15387] newfstatat(AT_FDCWD, "assets/img_domain",  <unfinished ...>
[pid 15388] newfstatat(AT_FDCWD, "posts/rutas/index.html",  <unfinished ...>
[pid 15387] <... newfstatat resumed>{st_dev=makedev(0, 0x35), st_ino=92793, st_mode=S_IFDIR|0755, st_nlink=1, st_uid=1000, st_gid=1000, st_blksize=4096, st_blocks=0, st_size=378, st_atime=1752243151 /* 2025-07-11T11:12:31.790157207-0300 */, st_atime_nsec=790157207, st_mtime=1752243151 /* 2025-07-11T11:12:31.537403374-0300 */, st_mtime_nsec=537403374, st_ctime=1752243151 /* 2025-07-11T11:12:31.537403374-0300 */, st_ctime_nsec=537403374}, AT_SYMLINK_NOFOLLOW) = 0
[pid 15388] <... newfstatat resumed>{st_dev=makedev(0, 0x35), st_ino=93595, st_mode=S_IFREG|0644, st_nlink=1, st_uid=1000, st_gid=1000, st_blksize=4096, st_blocks=168, st_size=82817, st_atime=1752243640 /* 2025-07-11T11:20:40.970518494-0300 */, st_atime_nsec=970518494, st_mtime=1752243578 /* 2025-07-11T11:19:38.339548071-0300 */, st_mtime_nsec=339548071, st_ctime=1752243578 /* 2025-07-11T11:19:38.339548071-0300 */, st_ctime_nsec=339548071}, AT_SYMLINK_NOFOLLOW) = 0
[pid 15387] newfstatat(AT_FDCWD, "assets/img_domain/Screenshot_2024-04-21-17-01-41_primary.png",  <unfinished ...>
[pid 15388] newfstatat(AT_FDCWD, "posts/secretjenkins",  <unfinished ...>
[pid 15387] <... newfstatat resumed>{st_dev=makedev(0, 0x35), st_ino=470490, st_mode=S_IFREG|0644, st_nlink=1, st_uid=1000, st_gid=1000, st_blksize=4096, st_blocks=728, st_size=370599, st_atime=1752243591 /* 2025-07-11T11:19:51.325164308-0300 */, st_atime_nsec=325164308, st_mtime=1714431718 /* 2024-04-29T20:01:58-0300 */, st_mtime_nsec=0, st_ctime=1752243151 /* 2025-07-11T11:12:31.534054803-0300 */, st_ctime_nsec=534054803}, AT_SYMLINK_NOFOLLOW) = 0
[pid 15388] <... newfstatat resumed>{st_dev=makedev(0, 0x35), st_ino=93612, st_mode=S_IFDIR|0755, st_nlink=1, st_uid=1000, st_gid=1000, st_blksize=4096, st_blocks=0, st_size=20, st_atime=1752243126 /* 2025-07-11T11:12:06.410931649-0300 */, st_atime_nsec=410931649, st_mtime=1751115574 /* 2025-06-28T09:59:34.527741140-0300 */, st_mtime_nsec=527741140, st_ctime=1751115574 /* 2025-06-28T09:59:34.527741140-0300 */, st_ctime_nsec=527741140}, AT_SYMLINK_NOFOLLOW) = 0
[pid 15387] newfstatat(AT_FDCWD, "assets/img_domain/conexionsmbclient.png",  <unfinished ...>
[pid 15388] newfstatat(AT_FDCWD, "posts/secretjenkins/index.html",  <unfinished ...>
[pid 15387] <... newfstatat resumed>{st_dev=makedev(0, 0x35), st_ino=470491, st_mode=S_IFREG|0644, st_nlink=1, st_uid=1000, st_gid=1000, st_blksize=4096, st_blocks=264, st_size=131192, st_atime=1752243591 /* 2025-07-11T11:19:51.329164498-0300 */, st_atime_nsec=329164498, st_mtime=1714431718 /* 2024-04-29T20:01:58-0300 */, st_mtime_nsec=0, st_ctime=1752243151 /* 2025-07-11T11:12:31.534268770-0300 */, st_ctime_nsec=534268770}, AT_SYMLINK_NOFOLLOW) = 0
[pid 15388] <... newfstatat resumed>{st_dev=makedev(0, 0x35), st_ino=93613, st_mode=S_IFREG|0644, st_nlink=1, st_uid=1000, st_gid=1000, st_blksize=4096, st_blocks=120, st_size=60424, st_atime=1752243640 /* 2025-07-11T11:20:40.971518541-0300 */, st_atime_nsec=971518541, st_mtime=1752243578 /* 2025-07-11T11:19:38.302546315-0300 */, st_mtime_nsec=302546315, st_ctime=1752243578 /* 2025-07-11T11:19:38.302546315-0300 */, st_ctime_nsec=302546315}, AT_SYMLINK_NOFOLLOW) = 0
[pid 15387] newfstatat(AT_FDCWD, "assets/img_domain/corroborarpermisos.png",  <unfinished ...>
[pid 15388] newfstatat(AT_FDCWD, "posts/showtime",  <unfinished ...>
[pid 15387] <... newfstatat resumed>{st_dev=makedev(0, 0x35), st_ino=470492, st_mode=S_IFREG|0644, st_nlink=1, st_uid=1000, st_gid=1000, st_blksize=4096, st_blocks=656, st_size=334364, st_atime=1752243591 /* 2025-07-11T11:19:51.331164593-0300 */, st_atime_nsec=331164593, st_mtime=1714431718 /* 2024-04-29T20:01:58-0300 */, st_mtime_nsec=0, st_ctime=1752243151 /* 2025-07-11T11:12:31.534518384-0300 */, st_ctime_nsec=534518384}, AT_SYMLINK_NOFOLLOW) = 0
[pid 15388] <... newfstatat resumed>{st_dev=makedev(0, 0x35), st_ino=93660, st_mode=S_IFDIR|0755, st_nlink=1, st_uid=1000, st_gid=1000, st_blksize=4096, st_blocks=0, st_size=20, st_atime=1752243126 /* 2025-07-11T11:12:06.411931698-0300 */, st_atime_nsec=411931698, st_mtime=1751115575 /* 2025-06-28T09:59:35.254778691-0300 */, st_mtime_nsec=254778691, st_ctime=1751115575 /* 2025-06-28T09:59:35.254778691-0300 */, st_ctime_nsec=254778691}, AT_SYMLINK_NOFOLLOW) = 0
[pid 15387] newfstatat(AT_FDCWD, "assets/img_domain/editpasswd.png",  <unfinished ...>
[pid 15388] newfstatat(AT_FDCWD, "posts/showtime/index.html",  <unfinished ...>
[pid 15387] <... newfstatat resumed>{st_dev=makedev(0, 0x35), st_ino=470493, st_mode=S_IFREG|0644, st_nlink=1, st_uid=1000, st_gid=1000, st_blksize=4096, st_blocks=16, st_size=4997, st_atime=1752243591 /* 2025-07-11T11:19:51.334164735-0300 */, st_atime_nsec=334164735, st_mtime=1714431718 /* 2024-04-29T20:01:58-0300 */, st_mtime_nsec=0, st_ctime=1752243151 /* 2025-07-11T11:12:31.534710496-0300 */, st_ctime_nsec=534710496}, AT_SYMLINK_NOFOLLOW) = 0
[pid 15388] <... newfstatat resumed>{st_dev=makedev(0, 0x35), st_ino=93661, st_mode=S_IFREG|0644, st_nlink=1, st_uid=1000, st_gid=1000, st_blksize=4096, st_blocks=136, st_size=67995, st_atime=1752243640 /* 2025-07-11T11:20:40.972518588-0300 */, st_atime_nsec=972518588, st_mtime=1752243578 /* 2025-07-11T11:19:38.346548403-0300 */, st_mtime_nsec=346548403, st_ctime=1752243578 /* 2025-07-11T11:19:38.346548403-0300 */, st_ctime_nsec=346548403}, AT_SYMLINK_NOFOLLOW) = 0
[pid 15387] newfstatat(AT_FDCWD, "assets/img_domain/enum4linux.png",  <unfinished ...>
[pid 15388] newfstatat(AT_FDCWD, "posts/sites",  <unfinished ...>
[pid 15387] <... newfstatat resumed>{st_dev=makedev(0, 0x35), st_ino=470494, st_mode=S_IFREG|0644, st_nlink=1, st_uid=1000, st_gid=1000, st_blksize=4096, st_blocks=424, st_size=213257, st_atime=1752243591 /* 2025-07-11T11:19:51.334164735-0300 */, st_atime_nsec=334164735, st_mtime=1714431718 /* 2024-04-29T20:01:58-0300 */, st_mtime_nsec=0, st_ctime=1752243151 /* 2025-07-11T11:12:31.536117006-0300 */, st_ctime_nsec=536117006}, AT_SYMLINK_NOFOLLOW) = 0
[pid 15388] <... newfstatat resumed>{st_dev=makedev(0, 0x35), st_ino=93652, st_mode=S_IFDIR|0755, st_nlink=1, st_uid=1000, st_gid=1000, st_blksize=4096, st_blocks=0, st_size=20, st_atime=1752243126 /* 2025-07-11T11:12:06.410931649-0300 */, st_atime_nsec=410931649, st_mtime=1751115575 /* 2025-06-28T09:59:35.107771096-0300 */, st_mtime_nsec=107771096, st_ctime=1751115575 /* 2025-06-28T09:59:35.107771096-0300 */, st_ctime_nsec=107771096}, AT_SYMLINK_NOFOLLOW) = 0
[pid 15387] newfstatat(AT_FDCWD, "assets/img_domain/find.png",  <unfinished ...>
[pid 15388] newfstatat(AT_FDCWD, "posts/sites/index.html",  <unfinished ...>
