[pid 15388] <... newfstatat resumed>{st_dev=makedev(0, 0x35), st_ino=470812, st_mode=S_IFREG|0644, st_nlink=1, st_uid=1000, st_gid=1000, st_blksize=4096, st_blocks=64, st_size=30425, st_atime=1752243591 /* 2025-07-11T11:19:51.803186989-0300 */, st_atime_nsec=803186989, st_mtime=1714431718 /* 2024-04-29T20:01:58-0300 */, st_mtime_nsec=0, st_ctime=1752243151 /* 2025-07-11T11:12:31.606913021-0300 */, st_ctime_nsec=606913021}, AT_SYMLINK_NOFOLLOW) = 0
[pid 15387] <... newfstatat resumed>{st_dev=makedev(0, 0x35), st_ino=470289, st_mode=S_IFREG|0644, st_nlink=1, st_uid=1000, st_gid=1000, st_blksize=4096, st_blocks=288, st_size=143572, st_atime=1752243591 /* 2025-07-11T11:19:51.010149361-0300 */, st_atime_nsec=10149361, st_mtime=1743947712 /* 2025-04-06T10:55:12-0300 */, st_mtime_nsec=0, st_ctime=1752243151 /* 2025-07-11T11:12:31.491878947-0300 */, st_ctime_nsec=491878947}, AT_SYMLINK_NOFOLLOW) = 0
[pid 15388] newfstatat(AT_FDCWD, "assets/vacaciones/web.png",  <unfinished ...>
[pid 15387] newfstatat(AT_FDCWD, "assets/conexionesdigi.jpg",  <unfinished ...>
[pid 15388] <... newfstatat resumed>{st_dev=makedev(0, 0x35), st_ino=470813, st_mode=S_IFREG|0644, st_nlink=1, st_uid=1000, st_gid=1000, st_blksize=4096, st_blocks=56, st_size=26577, st_atime=1752243591 /* 2025-07-11T11:19:51.804187037-0300 */, st_atime_nsec=804187037, st_mtime=1714431718 /* 2024-04-29T20:01:58-0300 */, st_mtime_nsec=0, st_ctime=1752243151 /* 2025-07-11T11:12:31.607156830-0300 */, st_ctime_nsec=607156830}, AT_SYMLINK_NOFOLLOW) = 0
[pid 15387] <... newfstatat resumed>{st_dev=makedev(0, 0x35), st_ino=470290, st_mode=S_IFREG|0644, st_nlink=1, st_uid=1000, st_gid=1000, st_blksize=4096, st_blocks=312, st_size=158060, st_atime=1752243591 /* 2025-07-11T11:19:51.012149456-0300 */, st_atime_nsec=12149456, st_mtime=1743947678 /* 2025-04-06T10:54:38-0300 */, st_mtime_nsec=0, st_ctime=1752243151 /* 2025-07-11T11:12:31.492081754-0300 */, st_ctime_nsec=492081754}, AT_SYMLINK_NOFOLLOW) = 0
[pid 15388] newfstatat(AT_FDCWD, "assets/veneno",  <unfinished ...>
[pid 15387] newfstatat(AT_FDCWD, "assets/crackpass.jpg",  <unfinished ...>
[pid 15388] <... newfstatat resumed>{st_dev=makedev(0, 0x35), st_ino=93342, st_mode=S_IFDIR|0755, st_nlink=1, st_uid=1000, st_gid=1000, st_blksize=4096, st_blocks=0, st_size=290, st_atime=1752243151 /* 2025-07-11T11:12:31.801157738-0300 */, st_atime_nsec=801157738, st_mtime=1752243151 /* 2025-07-11T11:12:31.609772824-0300 */, st_mtime_nsec=609772824, st_ctime=1752243151 /* 2025-07-11T11:12:31.609772824-0300 */, st_ctime_nsec=609772824}, AT_SYMLINK_NOFOLLOW) = 0
[pid 15387] <... newfstatat resumed>{st_dev=makedev(0, 0x35), st_ino=470291, st_mode=S_IFREG|0644, st_nlink=1, st_uid=1000, st_gid=1000, st_blksize=4096, st_blocks=40, st_size=17878, st_atime=1752243591 /* 2025-07-11T11:19:51.014149551-0300 */, st_atime_nsec=14149551, st_mtime=1720625059 /* 2024-07-10T12:24:19-0300 */, st_mtime_nsec=0, st_ctime=1752243151 /* 2025-07-11T11:12:31.492266617-0300 */, st_ctime_nsec=492266617}, AT_SYMLINK_NOFOLLOW) = 0
[pid 15388] newfstatat(AT_FDCWD, "assets/veneno/acceslog.png",  <unfinished ...>
[pid 15387] newfstatat(AT_FDCWD, "assets/css",  <unfinished ...>
[pid 15388] <... newfstatat resumed>{st_dev=makedev(0, 0x35), st_ino=470814, st_mode=S_IFREG|0644, st_nlink=1, st_uid=1000, st_gid=1000, st_blksize=4096, st_blocks=232, st_size=115400, st_atime=1752243591 /* 2025-07-11T11:19:51.804187037-0300 */, st_atime_nsec=804187037, st_mtime=1719667780 /* 2024-06-29T10:29:40-0300 */, st_mtime_nsec=0, st_ctime=1752243151 /* 2025-07-11T11:12:31.607369041-0300 */, st_ctime_nsec=607369041}, AT_SYMLINK_NOFOLLOW) = 0
[pid 15387] <... newfstatat resumed>{st_dev=makedev(0, 0x35), st_ino=92896, st_mode=S_IFDIR|0755, st_nlink=1, st_uid=1000, st_gid=1000, st_blksize=4096, st_blocks=0, st_size=100, st_atime=1752243126 /* 2025-07-11T11:12:06.407931505-0300 */, st_atime_nsec=407931505, st_mtime=1751115564 /* 2025-06-28T09:59:24.042200586-0300 */, st_mtime_nsec=42200586, st_ctime=1751115564 /* 2025-06-28T09:59:24.042200586-0300 */, st_ctime_nsec=42200586}, AT_SYMLINK_NOFOLLOW) = 0
[pid 15388] newfstatat(AT_FDCWD, "assets/veneno/carpetas.png",  <unfinished ...>
[pid 15387] newfstatat(AT_FDCWD, "assets/css/jekyll-theme-chirpy.css",  <unfinished ...>
[pid 15388] <... newfstatat resumed>{st_dev=makedev(0, 0x35), st_ino=470815, st_mode=S_IFREG|0644, st_nlink=1, st_uid=1000, st_gid=1000, st_blksize=4096, st_blocks=384, st_size=195441, st_atime=1752243591 /* 2025-07-11T11:19:51.806187132-0300 */, st_atime_nsec=806187132, st_mtime=1719669908 /* 2024-06-29T11:05:08-0300 */, st_mtime_nsec=0, st_ctime=1752243151 /* 2025-07-11T11:12:31.607579303-0300 */, st_ctime_nsec=607579303}, AT_SYMLINK_NOFOLLOW) = 0
[pid 15387] <... newfstatat resumed>{st_dev=makedev(0, 0x35), st_ino=92897, st_mode=S_IFREG|0644, st_nlink=1, st_uid=1000, st_gid=1000, st_blksize=4096, st_blocks=128, st_size=65462, st_atime=1752243640 /* 2025-07-11T11:20:40.492495838-0300 */, st_atime_nsec=492495838, st_mtime=1752243578 /* 2025-07-11T11:19:38.133538294-0300 */, st_mtime_nsec=133538294, st_ctime=1752243578 /* 2025-07-11T11:19:38.133538294-0300 */, st_ctime_nsec=133538294}, AT_SYMLINK_NOFOLLOW) = 0
[pid 15388] newfstatat(AT_FDCWD, "assets/veneno/find.png",  <unfinished ...>
[pid 15387] newfstatat(AT_FDCWD, "assets/css/jekyll-theme-chirpy.css.map",  <unfinished ...>
[pid 15388] <... newfstatat resumed>{st_dev=makedev(0, 0x35), st_ino=470816, st_mode=S_IFREG|0644, st_nlink=1, st_uid=1000, st_gid=1000, st_blksize=4096, st_blocks=24, st_size=10195, st_atime=1752243591 /* 2025-07-11T11:19:51.809187274-0300 */, st_atime_nsec=809187274, st_mtime=1719669090 /* 2024-06-29T10:51:30-0300 */, st_mtime_nsec=0, st_ctime=1752243151 /* 2025-07-11T11:12:31.607759047-0300 */, st_ctime_nsec=607759047}, AT_SYMLINK_NOFOLLOW) = 0
[pid 15387] <... newfstatat resumed>{st_dev=makedev(0, 0x35), st_ino=92898, st_mode=S_IFREG|0644, st_nlink=1, st_uid=1000, st_gid=1000, st_blksize=4096, st_blocks=160, st_size=79396, st_atime=1752243640 /* 2025-07-11T11:20:40.494495933-0300 */, st_atime_nsec=494495933, st_mtime=1752243578 /* 2025-07-11T11:19:38.254544037-0300 */, st_mtime_nsec=254544037, st_ctime=1752243578 /* 2025-07-11T11:19:38.254544037-0300 */, st_ctime_nsec=254544037}, AT_SYMLINK_NOFOLLOW) = 0
[pid 15388] newfstatat(AT_FDCWD, "assets/veneno/foto.png",  <unfinished ...>
[pid 15387] newfstatat(AT_FDCWD, "assets/database",  <unfinished ...>
[pid 15388] <... newfstatat resumed>{st_dev=makedev(0, 0x35), st_ino=470817, st_mode=S_IFREG|0644, st_nlink=1, st_uid=1000, st_gid=1000, st_blksize=4096, st_blocks=56, st_size=27738, st_atime=1752243591 /* 2025-07-11T11:19:51.810187321-0300 */, st_atime_nsec=810187321, st_mtime=1719670122 /* 2024-06-29T11:08:42-0300 */, st_mtime_nsec=0, st_ctime=1752243151 /* 2025-07-11T11:12:31.607958585-0300 */, st_ctime_nsec=607958585}, AT_SYMLINK_NOFOLLOW) = 0
[pid 15387] <... newfstatat resumed>{st_dev=makedev(0, 0x35), st_ino=93029, st_mode=S_IFDIR|0755, st_nlink=1, st_uid=1000, st_gid=1000, st_blksize=4096, st_blocks=0, st_size=242, st_atime=1752243151 /* 2025-07-11T11:12:31.793157352-0300 */, st_atime_nsec=793157352, st_mtime=1752243151 /* 2025-07-11T11:12:31.494419295-0300 */, st_mtime_nsec=494419295, st_ctime=1752243151 /* 2025-07-11T11:12:31.494419295-0300 */, st_ctime_nsec=494419295}, AT_SYMLINK_NOFOLLOW) = 0
[pid 15388] newfstatat(AT_FDCWD, "assets/veneno/in.png",  <unfinished ...>
[pid 15387] newfstatat(AT_FDCWD, "assets/database/alert.png",  <unfinished ...>
[pid 15388] <... newfstatat resumed>{st_dev=makedev(0, 0x35), st_ino=470818, st_mode=S_IFREG|0644, st_nlink=1, st_uid=1000, st_gid=1000, st_blksize=4096, st_blocks=48, st_size=22498, st_atime=1752243591 /* 2025-07-11T11:19:51.811187369-0300 */, st_atime_nsec=811187369, st_mtime=1719668407 /* 2024-06-29T10:40:07-0300 */, st_mtime_nsec=0, st_ctime=1752243151 /* 2025-07-11T11:12:31.608148032-0300 */, st_ctime_nsec=608148032}, AT_SYMLINK_NOFOLLOW) = 0
[pid 15387] <... newfstatat resumed>{st_dev=makedev(0, 0x35), st_ino=470292, st_mode=S_IFREG|0644, st_nlink=1, st_uid=1000, st_gid=1000, st_blksize=4096, st_blocks=40, st_size=17838, st_atime=1752243591 /* 2025-07-11T11:19:51.015149598-0300 */, st_atime_nsec=15149598, st_mtime=1717068818 /* 2024-05-30T08:33:38-0300 */, st_mtime_nsec=0, st_ctime=1752243151 /* 2025-07-11T11:12:31.492444888-0300 */, st_ctime_nsec=492444888}, AT_SYMLINK_NOFOLLOW) = 0
[pid 15388] newfstatat(AT_FDCWD, "assets/veneno/inhackeable.png",  <unfinished ...>
[pid 15387] newfstatat(AT_FDCWD, "assets/database/csp.png",  <unfinished ...>
[pid 15388] <... newfstatat resumed>{st_dev=makedev(0, 0x35), st_ino=470819, st_mode=S_IFREG|0644, st_nlink=1, st_uid=1000, st_gid=1000, st_blksize=4096, st_blocks=48, st_size=20544, st_atime=1752243591 /* 2025-07-11T11:19:51.811187369-0300 */, st_atime_nsec=811187369, st_mtime=1719668829 /* 2024-06-29T10:47:09-0300 */, st_mtime_nsec=0, st_ctime=1752243151 /* 2025-07-11T11:12:31.608330287-0300 */, st_ctime_nsec=608330287}, AT_SYMLINK_NOFOLLOW) = 0
[pid 15387] <... newfstatat resumed>{st_dev=makedev(0, 0x35), st_ino=470293, st_mode=S_IFREG|0644, st_nlink=1, st_uid=1000, st_gid=1000, st_blksize=4096, st_blocks=96, st_size=47488, st_atime=1752243591 /* 2025-07-11T11:19:51.015149598-0300 */, st_atime_nsec=15149598, st_mtime=1717018654 /* 2024-05-29T18:37:34-0300 */, st_mtime_nsec=0, st_ctime=1752243151 /* 2025-07-11T11:12:31.492624421-0300 */, st_ctime_nsec=492624421}, AT_SYMLINK_NOFOLLOW) = 0
[pid 15388] newfstatat(AT_FDCWD, "assets/veneno/parametro.png",  <unfinished ...>
[pid 15387] newfstatat(AT_FDCWD, "assets/database/dylanlogin.png",  <unfinished ...>
[pid 15388] <... newfstatat resumed>{st_dev=makedev(0, 0x35), st_ino=470820, st_mode=S_IFREG|0644, st_nlink=1, st_uid=1000, st_gid=1000, st_blksize=4096, st_blocks=552, st_size=278849, st_atime=1752243591 /* 2025-07-11T11:19:51.811187369-0300 */, st_atime_nsec=811187369, st_mtime=1719664664 /* 2024-06-29T09:37:44-0300 */, st_mtime_nsec=0, st_ctime=1752243151 /* 2025-07-11T11:12:31.608560729-0300 */, st_ctime_nsec=608560729}, AT_SYMLINK_NOFOLLOW) = 0
[pid 15387] <... newfstatat resumed>{st_dev=makedev(0, 0x35), st_ino=470294, st_mode=S_IFREG|0644, st_nlink=1, st_uid=1000, st_gid=1000, st_blksize=4096, st_blocks=16, st_size=6898, st_atime=1752243591 /* 2025-07-11T11:19:51.016149646-0300 */, st_atime_nsec=16149646, st_mtime=1717069234 /* 2024-05-30T08:40:34-0300 */, st_mtime_nsec=0, st_ctime=1752243151 /* 2025-07-11T11:12:31.492810804-0300 */, st_ctime_nsec=492810804}, AT_SYMLINK_NOFOLLOW) = 0
[pid 15388] newfstatat(AT_FDCWD, "assets/veneno/pass1.png",  <unfinished ...>
[pid 15387] newfstatat(AT_FDCWD, "assets/database/find.png",  <unfinished ...>
[pid 15388] <... newfstatat resumed>{st_dev=makedev(0, 0x35), st_ino=470821, st_mode=S_IFREG|0644, st_nlink=1, st_uid=1000, st_gid=1000, st_blksize=4096, st_blocks=24, st_size=9265, st_atime=1752243591 /* 2025-07-11T11:19:51.814187511-0300 */, st_atime_nsec=814187511, st_mtime=1719669424 /* 2024-06-29T10:57:04-0300 */, st_mtime_nsec=0, st_ctime=1752243151 /* 2025-07-11T11:12:31.608738217-0300 */, st_ctime_nsec=608738217}, AT_SYMLINK_NOFOLLOW) = 0
[pid 15388] newfstatat(AT_FDCWD, "assets/veneno/pass2.png",  <unfinished ...>
[pid 15387] <... newfstatat resumed>{st_dev=makedev(0, 0x35), st_ino=470295, st_mode=S_IFREG|0644, st_nlink=1, st_uid=1000, st_gid=1000, st_blksize=4096, st_blocks=184, st_size=91573, st_atime=1752243591 /* 2025-07-11T11:19:51.016149646-0300 */, st_atime_nsec=16149646, st_mtime=1717073618 /* 2024-05-30T09:53:38-0300 */, st_mtime_nsec=0, st_ctime=1752243151 /* 2025-07-11T11:12:31.493004714-0300 */, st_ctime_nsec=493004714}, AT_SYMLINK_NOFOLLOW) = 0
[pid 15388] <... newfstatat resumed>{st_dev=makedev(0, 0x35), st_ino=470822, st_mode=S_IFREG|0644, st_nlink=1, st_uid=1000, st_gid=1000, st_blksize=4096, st_blocks=200, st_size=99579, st_atime=1752243591 /* 2025-07-11T11:19:51.815187558-0300 */, st_atime_nsec=815187558, st_mtime=1719670457 /* 2024-06-29T11:14:17-0300 */, st_mtime_nsec=0, st_ctime=1752243151 /* 2025-07-11T11:12:31.608995023-0300 */, st_ctime_nsec=608995023}, AT_SYMLINK_NOFOLLOW) = 0
[pid 15387] newfstatat(AT_FDCWD, "assets/database/hydra.png",  <unfinished ...>
[pid 15388] newfstatat(AT_FDCWD, "assets/veneno/passwd.png",  <unfinished ...>
[pid 15387] <... newfstatat resumed>{st_dev=makedev(0, 0x35), st_ino=470296, st_mode=S_IFREG|0644, st_nlink=1, st_uid=1000, st_gid=1000, st_blksize=4096, st_blocks=464, st_size=237316, st_atime=1752243591 /* 2025-07-11T11:19:51.018149741-0300 */, st_atime_nsec=18149741, st_mtime=1717070151 /* 2024-05-30T08:55:51-0300 */, st_mtime_nsec=0, st_ctime=1752243151 /* 2025-07-11T11:12:31.493218274-0300 */, st_ctime_nsec=493218274}, AT_SYMLINK_NOFOLLOW) = 0
[pid 15388] <... newfstatat resumed>{st_dev=makedev(0, 0x35), st_ino=470823, st_mode=S_IFREG|0644, st_nlink=1, st_uid=1000, st_gid=1000, st_blksize=4096, st_blocks=248, st_size=124626, st_atime=1752243591 /* 2025-07-11T11:19:51.816187606-0300 */, st_atime_nsec=816187606, st_mtime=1719665763 /* 2024-06-29T09:56:03-0300 */, st_mtime_nsec=0, st_ctime=1752243151 /* 2025-07-11T11:12:31.609194913-0300 */, st_ctime_nsec=609194913}, AT_SYMLINK_NOFOLLOW) = 0
[pid 15387] newfstatat(AT_FDCWD, "assets/database/pyserver.png",  <unfinished ...>
[pid 15388] newfstatat(AT_FDCWD, "assets/veneno/problems.png",  <unfinished ...>
[pid 15387] <... newfstatat resumed>{st_dev=makedev(0, 0x35), st_ino=470297, st_mode=S_IFREG|0644, st_nlink=1, st_uid=1000, st_gid=1000, st_blksize=4096, st_blocks=80, st_size=40289, st_atime=1752243591 /* 2025-07-11T11:19:51.020149836-0300 */, st_atime_nsec=20149836, st_mtime=1717071729 /* 2024-05-30T09:22:09-0300 */, st_mtime_nsec=0, st_ctime=1752243151 /* 2025-07-11T11:12:31.493395655-0300 */, st_ctime_nsec=493395655}, AT_SYMLINK_NOFOLLOW) = 0
[pid 15388] <... newfstatat resumed>{st_dev=makedev(0, 0x35), st_ino=470824, st_mode=S_IFREG|0644, st_nlink=1, st_uid=1000, st_gid=1000, st_blksize=4096, st_blocks=96, st_size=45407, st_atime=1752243591 /* 2025-07-11T11:19:51.818187701-0300 */, st_atime_nsec=818187701, st_mtime=1719663319 /* 2024-06-29T09:15:19-0300 */, st_mtime_nsec=0, st_ctime=1752243151 /* 2025-07-11T11:12:31.609390261-0300 */, st_ctime_nsec=609390261}, AT_SYMLINK_NOFOLLOW) = 0
[pid 15387] newfstatat(AT_FDCWD, "assets/database/root.png",  <unfinished ...>
[pid 15388] newfstatat(AT_FDCWD, "assets/veneno/root.png",  <unfinished ...>
[pid 15387] <... newfstatat resumed>{st_dev=makedev(0, 0x35), st_ino=470298, st_mode=S_IFREG|0644, st_nlink=1, st_uid=1000, st_gid=1000, st_blksize=4096, st_blocks=96, st_size=47824, st_atime=1752243591 /* 2025-07-11T11:19:51.021149883-0300 */, st_atime_nsec=21149883, st_mtime=1717073947 /* 2024-05-30T09:59:07-0300 */, st_mtime_nsec=0, st_ctime=1752243151 /* 2025-07-11T11:12:31.493576249-0300 */, st_ctime_nsec=493576249}, AT_SYMLINK_NOFOLLOW) = 0
[pid 15388] <... newfstatat resumed>{st_dev=makedev(0, 0x35), st_ino=470825, st_mode=S_IFREG|0644, st_nlink=1, st_uid=1000, st_gid=1000, st_blksize=4096, st_blocks=280, st_size=141003, st_atime=1752243591 /* 2025-07-11T11:19:51.819187748-0300 */, st_atime_nsec=819187748, st_mtime=1719670508 /* 2024-06-29T11:15:08-0300 */, st_mtime_nsec=0, st_ctime=1752243151 /* 2025-07-11T11:12:31.609588900-0300 */, st_ctime_nsec=609588900}, AT_SYMLINK_NOFOLLOW) = 0
[pid 15387] newfstatat(AT_FDCWD, "assets/database/searchbins.png",  <unfinished ...>
[pid 15388] newfstatat(AT_FDCWD, "assets/veneno/uploads.png",  <unfinished ...>
[pid 15387] <... newfstatat resumed>{st_dev=makedev(0, 0x35), st_ino=470299, st_mode=S_IFREG|0644, st_nlink=1, st_uid=1000, st_gid=1000, st_blksize=4096, st_blocks=176, st_size=88847, st_atime=1752243591 /* 2025-07-11T11:19:51.022149931-0300 */, st_atime_nsec=22149931, st_mtime=1717073787 /* 2024-05-30T09:56:27-0300 */, st_mtime_nsec=0, st_ctime=1752243151 /* 2025-07-11T11:12:31.493775071-0300 */, st_ctime_nsec=493775071}, AT_SYMLINK_NOFOLLOW) = 0
[pid 15388] <... newfstatat resumed>{st_dev=makedev(0, 0x35), st_ino=470826, st_mode=S_IFREG|0644, st_nlink=1, st_uid=1000, st_gid=1000, st_blksize=4096, st_blocks=72, st_size=34791, st_atime=1752243591 /* 2025-07-11T11:19:51.820187796-0300 */, st_atime_nsec=820187796, st_mtime=1719663092 /* 2024-06-29T09:11:32-0300 */, st_mtime_nsec=0, st_ctime=1752243151 /* 2025-07-11T11:12:31.609772824-0300 */, st_ctime_nsec=609772824}, AT_SYMLINK_NOFOLLOW) = 0
[pid 15387] newfstatat(AT_FDCWD, "assets/database/sqlinerror.png",  <unfinished ...>
[pid 15388] newfstatat(AT_FDCWD, "assets/veneno/webshell.png",  <unfinished ...>
[pid 15387] <... newfstatat resumed>{st_dev=makedev(0, 0x35), st_ino=470300, st_mode=S_IFREG|0644, st_nlink=1, st_uid=1000, st_gid=1000, st_blksize=4096, st_blocks=48, st_size=23786, st_atime=1752243591 /* 2025-07-11T11:19:51.023149978-0300 */, st_atime_nsec=23149978, st_mtime=1717068505 /* 2024-05-30T08:28:25-0300 */, st_mtime_nsec=0, st_ctime=1752243151 /* 2025-07-11T11:12:31.493971939-0300 */, st_ctime_nsec=493971939}, AT_SYMLINK_NOFOLLOW) = 0
[pid 15388] <... newfstatat resumed>{st_dev=makedev(0, 0x35), st_ino=470827, st_mode=S_IFREG|0644, st_nlink=1, st_uid=1000, st_gid=1000, st_blksize=4096, st_blocks=168, st_size=83698, st_atime=1752243591 /* 2025-07-11T11:19:51.821187843-0300 */, st_atime_nsec=821187843, st_mtime=1719668295 /* 2024-06-29T10:38:15-0300 */, st_mtime_nsec=0, st_ctime=1752243151 /* 2025-07-11T11:12:31.609983099-0300 */, st_ctime_nsec=609983099}, AT_SYMLINK_NOFOLLOW) = 0
[pid 15387] newfstatat(AT_FDCWD, "assets/database/sudoau.png",  <unfinished ...>
[pid 15388] newfstatat(AT_FDCWD, "assets/verdejo",  <unfinished ...>
[pid 15387] <... newfstatat resumed>{st_dev=makedev(0, 0x35), st_ino=470301, st_mode=S_IFREG|0644, st_nlink=1, st_uid=1000, st_gid=1000, st_blksize=4096, st_blocks=728, st_size=370009, st_atime=1752243591 /* 2025-07-11T11:19:51.023149978-0300 */, st_atime_nsec=23149978, st_mtime=1717070650 /* 2024-05-30T09:04:10-0300 */, st_mtime_nsec=0, st_ctime=1752243151 /* 2025-07-11T11:12:31.494215475-0300 */, st_ctime_nsec=494215475}, AT_SYMLINK_NOFOLLOW) = 0
[pid 15388] <... newfstatat resumed>{st_dev=makedev(0, 0x35), st_ino=93330, st_mode=S_IFDIR|0755, st_nlink=1, st_uid=1000, st_gid=1000, st_blksize=4096, st_blocks=0, st_size=244, st_atime=1752243151 /* 2025-07-11T11:12:31.801157738-0300 */, st_atime_nsec=801157738, st_mtime=1752243151 /* 2025-07-11T11:12:31.612400375-0300 */, st_mtime_nsec=612400375, st_ctime=1752243151 /* 2025-07-11T11:12:31.612400375-0300 */, st_ctime_nsec=612400375}, AT_SYMLINK_NOFOLLOW) = 0
[pid 15387] newfstatat(AT_FDCWD, "assets/database/users.png",  <unfinished ...>
[pid 15388] newfstatat(AT_FDCWD, "assets/verdejo/idroot.png",  <unfinished ...>
[pid 15387] <... newfstatat resumed>{st_dev=makedev(0, 0x35), st_ino=470302, st_mode=S_IFREG|0644, st_nlink=1, st_uid=1000, st_gid=1000, st_blksize=4096, st_blocks=120, st_size=59756, st_atime=1752243591 /* 2025-07-11T11:19:51.027150168-0300 */, st_atime_nsec=27150168, st_mtime=1717069821 /* 2024-05-30T08:50:21-0300 */, st_mtime_nsec=0, st_ctime=1752243151 /* 2025-07-11T11:12:31.494419295-0300 */, st_ctime_nsec=494419295}, AT_SYMLINK_NOFOLLOW) = 0
[pid 15388] <... newfstatat resumed>{st_dev=makedev(0, 0x35), st_ino=470828, st_mode=S_IFREG|0644, st_nlink=1, st_uid=1000, st_gid=1000, st_blksize=4096, st_blocks=824, st_size=418223, st_atime=1752243591 /* 2025-07-11T11:19:51.822187890-0300 */, st_atime_nsec=822187890, st_mtime=1716641944 /* 2024-05-25T09:59:04-0300 */, st_mtime_nsec=0, st_ctime=1752243151 /* 2025-07-11T11:12:31.610240889-0300 */, st_ctime_nsec=610240889}, AT_SYMLINK_NOFOLLOW) = 0
[pid 15387] newfstatat(AT_FDCWD, "assets/database/web.png",  <unfinished ...>
[pid 15388] newfstatat(AT_FDCWD, "assets/verdejo/john.png",  <unfinished ...>
[pid 15387] <... newfstatat resumed>{st_dev=makedev(0, 0x35), st_ino=470303, st_mode=S_IFREG|0644, st_nlink=1, st_uid=1000, st_gid=1000, st_blksize=4096, st_blocks=16, st_size=7103, st_atime=1752243591 /* 2025-07-11T11:19:51.028150216-0300 */, st_atime_nsec=28150216, st_mtime=1717067794 /* 2024-05-30T08:16:34-0300 */, st_mtime_nsec=0, st_ctime=1752243151 /* 2025-07-11T11:12:31.494603819-0300 */, st_ctime_nsec=494603819}, AT_SYMLINK_NOFOLLOW) = 0
[pid 15388] <... newfstatat resumed>{st_dev=makedev(0, 0x35), st_ino=470829, st_mode=S_IFREG|0644, st_nlink=1, st_uid=1000, st_gid=1000, st_blksize=4096, st_blocks=312, st_size=157433, st_atime=1752243591 /* 2025-07-11T11:19:51.826188080-0300 */, st_atime_nsec=826188080, st_mtime=1716642526 /* 2024-05-25T10:08:46-0300 */, st_mtime_nsec=0, st_ctime=1752243151 /* 2025-07-11T11:12:31.610448448-0300 */, st_ctime_nsec=610448448}, AT_SYMLINK_NOFOLLOW) = 0
[pid 15387] newfstatat(AT_FDCWD, "assets/default-icon.png",  <unfinished ...>
[pid 15388] newfstatat(AT_FDCWD, "assets/verdejo/logomaq.png",  <unfinished ...>
[pid 15387] <... newfstatat resumed>{st_dev=makedev(0, 0x35), st_ino=470304, st_mode=S_IFREG|0644, st_nlink=1, st_uid=1000, st_gid=1000, st_blksize=4096, st_blocks=8, st_size=2004, st_atime=1752243187 /* 2025-07-11T11:13:07.624291627-0300 */, st_atime_nsec=624291627, st_mtime=1714431718 /* 2024-04-29T20:01:58-0300 */, st_mtime_nsec=0, st_ctime=1752243151 /* 2025-07-11T11:12:31.494811296-0300 */, st_ctime_nsec=494811296}, AT_SYMLINK_NOFOLLOW) = 0
[pid 15388] <... newfstatat resumed>{st_dev=makedev(0, 0x35), st_ino=470830, st_mode=S_IFREG|0644, st_nlink=1, st_uid=1000, st_gid=1000, st_blksize=4096, st_blocks=72, st_size=35709, st_atime=1752243591 /* 2025-07-11T11:19:51.828188175-0300 */, st_atime_nsec=828188175, st_mtime=1716637331 /* 2024-05-25T08:42:11-0300 */, st_mtime_nsec=0, st_ctime=1752243151 /* 2025-07-11T11:12:31.610631120-0300 */, st_ctime_nsec=610631120}, AT_SYMLINK_NOFOLLOW) = 0
[pid 15387] newfstatat(AT_FDCWD, "assets/dockerlabs",  <unfinished ...>
[pid 15388] newfstatat(AT_FDCWD, "assets/verdejo/poliglot.png",  <unfinished ...>
[pid 15387] <... newfstatat resumed>{st_dev=makedev(0, 0x35), st_ino=93004, st_mode=S_IFDIR|0755, st_nlink=1, st_uid=1000, st_gid=1000, st_blksize=4096, st_blocks=0, st_size=182, st_atime=1752243151 /* 2025-07-11T11:12:31.793157352-0300 */, st_atime_nsec=793157352, st_mtime=1752243151 /* 2025-07-11T11:12:31.496609985-0300 */, st_mtime_nsec=496609985, st_ctime=1752243151 /* 2025-07-11T11:12:31.496609985-0300 */, st_ctime_nsec=496609985}, AT_SYMLINK_NOFOLLOW) = 0
[pid 15388] <... newfstatat resumed>{st_dev=makedev(0, 0x35), st_ino=470831, st_mode=S_IFREG|0644, st_nlink=1, st_uid=1000, st_gid=1000, st_blksize=4096, st_blocks=232, st_size=115951, st_atime=1752243591 /* 2025-07-11T11:19:51.829188223-0300 */, st_atime_nsec=829188223, st_mtime=1716640140 /* 2024-05-25T09:29:00-0300 */, st_mtime_nsec=0, st_ctime=1752243151 /* 2025-07-11T11:12:31.610969711-0300 */, st_ctime_nsec=610969711}, AT_SYMLINK_NOFOLLOW) = 0
[pid 15387] newfstatat(AT_FDCWD, "assets/dockerlabs/burp.png",  <unfinished ...>
[pid 15388] newfstatat(AT_FDCWD, "assets/verdejo/root.png",  <unfinished ...>
[pid 15387] <... newfstatat resumed>{st_dev=makedev(0, 0x35), st_ino=470305, st_mode=S_IFREG|0644, st_nlink=1, st_uid=1000, st_gid=1000, st_blksize=4096, st_blocks=40, st_size=17785, st_atime=1752243591 /* 2025-07-11T11:19:51.029150263-0300 */, st_atime_nsec=29150263, st_mtime=1716117278 /* 2024-05-19T08:14:38-0300 */, st_mtime_nsec=0, st_ctime=1752243151 /* 2025-07-11T11:12:31.495009360-0300 */, st_ctime_nsec=495009360}, AT_SYMLINK_NOFOLLOW) = 0
[pid 15388] <... newfstatat resumed>{st_dev=makedev(0, 0x35), st_ino=470832, st_mode=S_IFREG|0644, st_nlink=1, st_uid=1000, st_gid=1000, st_blksize=4096, st_blocks=424, st_size=217045, st_atime=1752243591 /* 2025-07-11T11:19:51.831188318-0300 */, st_atime_nsec=831188318, st_mtime=1716642903 /* 2024-05-25T10:15:03-0300 */, st_mtime_nsec=0, st_ctime=1752243151 /* 2025-07-11T11:12:31.611198981-0300 */, st_ctime_nsec=611198981}, AT_SYMLINK_NOFOLLOW) = 0
[pid 15387] newfstatat(AT_FDCWD, "assets/dockerlabs/ferox.png",  <unfinished ...>
[pid 15388] newfstatat(AT_FDCWD, "assets/verdejo/searchbins.png",  <unfinished ...>
[pid 15387] <... newfstatat resumed>{st_dev=makedev(0, 0x35), st_ino=470306, st_mode=S_IFREG|0644, st_nlink=1, st_uid=1000, st_gid=1000, st_blksize=4096, st_blocks=240, st_size=119221, st_atime=1752243591 /* 2025-07-11T11:19:51.029150263-0300 */, st_atime_nsec=29150263, st_mtime=1716115771 /* 2024-05-19T07:49:31-0300 */, st_mtime_nsec=0, st_ctime=1752243151 /* 2025-07-11T11:12:31.495212370-0300 */, st_ctime_nsec=495212370}, AT_SYMLINK_NOFOLLOW) = 0
[pid 15388] <... newfstatat resumed>{st_dev=makedev(0, 0x35), st_ino=470833, st_mode=S_IFREG|0644, st_nlink=1, st_uid=1000, st_gid=1000, st_blksize=4096, st_blocks=216, st_size=108121, st_atime=1752243591 /* 2025-07-11T11:19:51.833188413-0300 */, st_atime_nsec=833188413, st_mtime=1716640927 /* 2024-05-25T09:42:07-0300 */, st_mtime_nsec=0, st_ctime=1752243151 /* 2025-07-11T11:12:31.611401857-0300 */, st_ctime_nsec=611401857}, AT_SYMLINK_NOFOLLOW) = 0
[pid 15387] newfstatat(AT_FDCWD, "assets/dockerlabs/nota.png",  <unfinished ...>
[pid 15388] newfstatat(AT_FDCWD, "assets/verdejo/ssticomprobacion.png",  <unfinished ...>
[pid 15387] <... newfstatat resumed>{st_dev=makedev(0, 0x35), st_ino=470307, st_mode=S_IFREG|0644, st_nlink=1, st_uid=1000, st_gid=1000, st_blksize=4096, st_blocks=80, st_size=39495, st_atime=1752243591 /* 2025-07-11T11:19:51.031150358-0300 */, st_atime_nsec=31150358, st_mtime=1716118526 /* 2024-05-19T08:35:26-0300 */, st_mtime_nsec=0, st_ctime=1752243151 /* 2025-07-11T11:12:31.495402078-0300 */, st_ctime_nsec=495402078}, AT_SYMLINK_NOFOLLOW) = 0
[pid 15388] <... newfstatat resumed>{st_dev=makedev(0, 0x35), st_ino=470834, st_mode=S_IFREG|0644, st_nlink=1, st_uid=1000, st_gid=1000, st_blksize=4096, st_blocks=56, st_size=26496, st_atime=1752243591 /* 2025-07-11T11:19:51.835188508-0300 */, st_atime_nsec=835188508, st_mtime=1716637107 /* 2024-05-25T08:38:27-0300 */, st_mtime_nsec=0, st_ctime=1752243151 /* 2025-07-11T11:12:31.611587930-0300 */, st_ctime_nsec=611587930}, AT_SYMLINK_NOFOLLOW) = 0
[pid 15387] newfstatat(AT_FDCWD, "assets/dockerlabs/root.png",  <unfinished ...>
[pid 15388] newfstatat(AT_FDCWD, "assets/verdejo/sudol.png",  <unfinished ...>
[pid 15387] <... newfstatat resumed>{st_dev=makedev(0, 0x35), st_ino=470308, st_mode=S_IFREG|0644, st_nlink=1, st_uid=1000, st_gid=1000, st_blksize=4096, st_blocks=184, st_size=90939, st_atime=1752243591 /* 2025-07-11T11:19:51.031150358-0300 */, st_atime_nsec=31150358, st_mtime=1716118898 /* 2024-05-19T08:41:38-0300 */, st_mtime_nsec=0, st_ctime=1752243151 /* 2025-07-11T11:12:31.495598362-0300 */, st_ctime_nsec=495598362}, AT_SYMLINK_NOFOLLOW) = 0
[pid 15388] <... newfstatat resumed>{st_dev=makedev(0, 0x35), st_ino=470835, st_mode=S_IFREG|0644, st_nlink=1, st_uid=1000, st_gid=1000, st_blksize=4096, st_blocks=168, st_size=84798, st_atime=1752243591 /* 2025-07-11T11:19:51.835188508-0300 */, st_atime_nsec=835188508, st_mtime=1716640878 /* 2024-05-25T09:41:18-0300 */, st_mtime_nsec=0, st_ctime=1752243151 /* 2025-07-11T11:12:31.611866007-0300 */, st_ctime_nsec=611866007}, AT_SYMLINK_NOFOLLOW) = 0
[pid 15387] newfstatat(AT_FDCWD, "assets/dockerlabs/search.png",  <unfinished ...>
[pid 15388] newfstatat(AT_FDCWD, "assets/verdejo/tinja.png", {st_dev=makedev(0, 0x35), st_ino=470836, st_mode=S_IFREG|0644, st_nlink=1, st_uid=1000, st_gid=1000, st_blksize=4096, st_blocks=960, st_size=489383, st_atime=1752243591 /* 2025-07-11T11:19:51.836188555-0300 */, st_atime_nsec=836188555, st_mtime=1716639713 /* 2024-05-25T09:21:53-0300 */, st_mtime_nsec=0, st_ctime=1752243151 /* 2025-07-11T11:12:31.612146751-0300 */, st_ctime_nsec=612146751}, AT_SYMLINK_NOFOLLOW) = 0
[pid 15387] <... newfstatat resumed>{st_dev=makedev(0, 0x35), st_ino=470309, st_mode=S_IFREG|0644, st_nlink=1, st_uid=1000, st_gid=1000, st_blksize=4096, st_blocks=96, st_size=47352, st_atime=1752243591 /* 2025-07-11T11:19:51.033150453-0300 */, st_atime_nsec=33150453, st_mtime=1716118699 /* 2024-05-19T08:38:19-0300 */, st_mtime_nsec=0, st_ctime=1752243151 /* 2025-07-11T11:12:31.495794198-0300 */, st_ctime_nsec=495794198}, AT_SYMLINK_NOFOLLOW) = 0
[pid 15388] newfstatat(AT_FDCWD, "assets/verdejo/userin.png",  <unfinished ...>
[pid 15387] newfstatat(AT_FDCWD, "assets/dockerlabs/solozip.png", {st_dev=makedev(0, 0x35), st_ino=470310, st_mode=S_IFREG|0644, st_nlink=1, st_uid=1000, st_gid=1000, st_blksize=4096, st_blocks=32, st_size=13420, st_atime=1752243591 /* 2025-07-11T11:19:51.034150500-0300 */, st_atime_nsec=34150500, st_mtime=1716116042 /* 2024-05-19T07:54:02-0300 */, st_mtime_nsec=0, st_ctime=1752243151 /* 2025-07-11T11:12:31.495981219-0300 */, st_ctime_nsec=495981219}, AT_SYMLINK_NOFOLLOW) = 0
[pid 15388] <... newfstatat resumed>{st_dev=makedev(0, 0x35), st_ino=470837, st_mode=S_IFREG|0644, st_nlink=1, st_uid=1000, st_gid=1000, st_blksize=4096, st_blocks=656, st_size=332495, st_atime=1752243591 /* 2025-07-11T11:19:51.841188792-0300 */, st_atime_nsec=841188792, st_mtime=1716640500 /* 2024-05-25T09:35:00-0300 */, st_mtime_nsec=0, st_ctime=1752243151 /* 2025-07-11T11:12:31.612400375-0300 */, st_ctime_nsec=612400375}, AT_SYMLINK_NOFOLLOW) = 0
[pid 15387] newfstatat(AT_FDCWD, "assets/dockerlabs/subida.png",  <unfinished ...>
[pid 15388] newfstatat(AT_FDCWD, "assets/verdejo/web8089.png",  <unfinished ...>
[pid 15387] <... newfstatat resumed>{st_dev=makedev(0, 0x35), st_ino=470311, st_mode=S_IFREG|0644, st_nlink=1, st_uid=1000, st_gid=1000, st_blksize=4096, st_blocks=88, st_size=44913, st_atime=1752243591 /* 2025-07-11T11:19:51.034150500-0300 */, st_atime_nsec=34150500, st_mtime=1716116057 /* 2024-05-19T07:54:17-0300 */, st_mtime_nsec=0, st_ctime=1752243151 /* 2025-07-11T11:12:31.496171373-0300 */, st_ctime_nsec=496171373}, AT_SYMLINK_NOFOLLOW) = 0
[pid 15388] <... newfstatat resumed>{st_dev=makedev(0, 0x35), st_ino=470838, st_mode=S_IFREG|0644, st_nlink=1, st_uid=1000, st_gid=1000, st_blksize=4096, st_blocks=40, st_size=20104, st_atime=1752243591 /* 2025-07-11T11:19:51.844188934-0300 */, st_atime_nsec=844188934, st_mtime=1716637072 /* 2024-05-25T08:37:52-0300 */, st_mtime_nsec=0, st_ctime=1752243151 /* 2025-07-11T11:12:31.612584441-0300 */, st_ctime_nsec=612584441}, AT_SYMLINK_NOFOLLOW) = 0
[pid 15387] newfstatat(AT_FDCWD, "assets/dockerlabs/sudo.png",  <unfinished ...>
[pid 15388] newfstatat(AT_FDCWD, "assets/vivifytech",  <unfinished ...>
[pid 15387] <... newfstatat resumed>{st_dev=makedev(0, 0x35), st_ino=470312, st_mode=S_IFREG|0644, st_nlink=1, st_uid=1000, st_gid=1000, st_blksize=4096, st_blocks=768, st_size=391279, st_atime=1752243591 /* 2025-07-11T11:19:51.035150548-0300 */, st_atime_nsec=35150548, st_mtime=1716118215 /* 2024-05-19T08:30:15-0300 */, st_mtime_nsec=0, st_ctime=1752243151 /* 2025-07-11T11:12:31.496416222-0300 */, st_ctime_nsec=496416222}, AT_SYMLINK_NOFOLLOW) = 0
[pid 15388] <... newfstatat resumed>{st_dev=makedev(0, 0x35), st_ino=93081, st_mode=S_IFDIR|0755, st_nlink=1, st_uid=1000, st_gid=1000, st_blksize=4096, st_blocks=0, st_size=214, st_atime=1752243151 /* 2025-07-11T11:12:31.794157400-0300 */, st_atime_nsec=794157400, st_mtime=1752243151 /* 2025-07-11T11:12:31.614808250-0300 */, st_mtime_nsec=614808250, st_ctime=1752243151 /* 2025-07-11T11:12:31.614808250-0300 */, st_ctime_nsec=614808250}, AT_SYMLINK_NOFOLLOW) = 0
[pid 15387] newfstatat(AT_FDCWD, "assets/dockerlabs/web.png",  <unfinished ...>
[pid 15388] newfstatat(AT_FDCWD, "assets/vivifytech/flagsarah.png",  <unfinished ...>
[pid 15387] <... newfstatat resumed>{st_dev=makedev(0, 0x35), st_ino=470313, st_mode=S_IFREG|0644, st_nlink=1, st_uid=1000, st_gid=1000, st_blksize=4096, st_blocks=168, st_size=84872, st_atime=1752243591 /* 2025-07-11T11:19:51.039150737-0300 */, st_atime_nsec=39150737, st_mtime=1716115138 /* 2024-05-19T07:38:58-0300 */, st_mtime_nsec=0, st_ctime=1752243151 /* 2025-07-11T11:12:31.496609985-0300 */, st_ctime_nsec=496609985}, AT_SYMLINK_NOFOLLOW) = 0
[pid 15388] <... newfstatat resumed>{st_dev=makedev(0, 0x35), st_ino=470839, st_mode=S_IFREG|0644, st_nlink=1, st_uid=1000, st_gid=1000, st_blksize=4096, st_blocks=232, st_size=117595, st_atime=1752243591 /* 2025-07-11T11:19:51.845188982-0300 */, st_atime_nsec=845188982, st_mtime=1717095831 /* 2024-05-30T16:03:51-0300 */, st_mtime_nsec=0, st_ctime=1752243151 /* 2025-07-11T11:12:31.612782124-0300 */, st_ctime_nsec=612782124}, AT_SYMLINK_NOFOLLOW) = 0
[pid 15387] newfstatat(AT_FDCWD, "assets/dockerlabs/webshell.png",  <unfinished ...>
[pid 15388] newfstatat(AT_FDCWD, "assets/vivifytech/gobuster.png",  <unfinished ...>
[pid 15387] <... newfstatat resumed>{st_dev=makedev(0, 0x35), st_ino=470314, st_mode=S_IFREG|0644, st_nlink=1, st_uid=1000, st_gid=1000, st_blksize=4096, st_blocks=56, st_size=25384, st_atime=1752243591 /* 2025-07-11T11:19:51.041150832-0300 */, st_atime_nsec=41150832, st_mtime=1716117924 /* 2024-05-19T08:25:24-0300 */, st_mtime_nsec=0, st_ctime=1752243151 /* 2025-07-11T11:12:31.496862500-0300 */, st_ctime_nsec=496862500}, AT_SYMLINK_NOFOLLOW) = 0
[pid 15388] <... newfstatat resumed>{st_dev=makedev(0, 0x35), st_ino=470840, st_mode=S_IFREG|0644, st_nlink=1, st_uid=1000, st_gid=1000, st_blksize=4096, st_blocks=504, st_size=256207, st_atime=1752243591 /* 2025-07-11T11:19:51.846189029-0300 */, st_atime_nsec=846189029, st_mtime=1717093289 /* 2024-05-30T15:21:29-0300 */, st_mtime_nsec=0, st_ctime=1752243151 /* 2025-07-11T11:12:31.613089394-0300 */, st_ctime_nsec=613089394}, AT_SYMLINK_NOFOLLOW) = 0
[pid 15387] newfstatat(AT_FDCWD, "assets/dockhacklab",  <unfinished ...>
[pid 15388] newfstatat(AT_FDCWD, "assets/vivifytech/hydrasarah.png",  <unfinished ...>
[pid 15387] <... newfstatat resumed>{st_dev=makedev(0, 0x35), st_ino=93177, st_mode=S_IFDIR|0755, st_nlink=1, st_uid=1000, st_gid=1000, st_blksize=4096, st_blocks=0, st_size=244, st_atime=1752243151 /* 2025-07-11T11:12:31.795157448-0300 */, st_atime_nsec=795157448, st_mtime=1752243151 /* 2025-07-11T11:12:31.499623579-0300 */, st_mtime_nsec=499623579, st_ctime=1752243151 /* 2025-07-11T11:12:31.499623579-0300 */, st_ctime_nsec=499623579}, AT_SYMLINK_NOFOLLOW) = 0
[pid 15388] <... newfstatat resumed>{st_dev=makedev(0, 0x35), st_ino=470841, st_mode=S_IFREG|0644, st_nlink=1, st_uid=1000, st_gid=1000, st_blksize=4096, st_blocks=416, st_size=210283, st_atime=1752243591 /* 2025-07-11T11:19:51.849189172-0300 */, st_atime_nsec=849189172, st_mtime=1717095644 /* 2024-05-30T16:00:44-0300 */, st_mtime_nsec=0, st_ctime=1752243151 /* 2025-07-11T11:12:31.613384698-0300 */, st_ctime_nsec=613384698}, AT_SYMLINK_NOFOLLOW) = 0
[pid 15387] newfstatat(AT_FDCWD, "assets/dockhacklab/dic1.png",  <unfinished ...>
[pid 15388] newfstatat(AT_FDCWD, "assets/vivifytech/rootescalada.png",  <unfinished ...>
[pid 15387] <... newfstatat resumed>{st_dev=makedev(0, 0x35), st_ino=470315, st_mode=S_IFREG|0644, st_nlink=1, st_uid=1000, st_gid=1000, st_blksize=4096, st_blocks=64, st_size=29062, st_atime=1752243591 /* 2025-07-11T11:19:51.042150880-0300 */, st_atime_nsec=42150880, st_mtime=1720991120 /* 2024-07-14T18:05:20-0300 */, st_mtime_nsec=0, st_ctime=1752243151 /* 2025-07-11T11:12:31.497061224-0300 */, st_ctime_nsec=497061224}, AT_SYMLINK_NOFOLLOW) = 0
[pid 15388] <... newfstatat resumed>{st_dev=makedev(0, 0x35), st_ino=470842, st_mode=S_IFREG|0644, st_nlink=1, st_uid=1000, st_gid=1000, st_blksize=4096, st_blocks=80, st_size=40866, st_atime=1752243591 /* 2025-07-11T11:19:51.851189267-0300 */, st_atime_nsec=851189267, st_mtime=1717097249 /* 2024-05-30T16:27:29-0300 */, st_mtime_nsec=0, st_ctime=1752243151 /* 2025-07-11T11:12:31.613584927-0300 */, st_ctime_nsec=613584927}, AT_SYMLINK_NOFOLLOW) = 0
[pid 15387] newfstatat(AT_FDCWD, "assets/dockhacklab/ferox.png",  <unfinished ...>
[pid 15388] newfstatat(AT_FDCWD, "assets/vivifytech/secrets.png",  <unfinished ...>
[pid 15387] <... newfstatat resumed>{st_dev=makedev(0, 0x35), st_ino=470316, st_mode=S_IFREG|0644, st_nlink=1, st_uid=1000, st_gid=1000, st_blksize=4096, st_blocks=720, st_size=364912, st_atime=1752243591 /* 2025-07-11T11:19:51.042150880-0300 */, st_atime_nsec=42150880, st_mtime=1720991235 /* 2024-07-14T18:07:15-0300 */, st_mtime_nsec=0, st_ctime=1752243151 /* 2025-07-11T11:12:31.497302029-0300 */, st_ctime_nsec=497302029}, AT_SYMLINK_NOFOLLOW) = 0
[pid 15388] <... newfstatat resumed>{st_dev=makedev(0, 0x35), st_ino=470843, st_mode=S_IFREG|0644, st_nlink=1, st_uid=1000, st_gid=1000, st_blksize=4096, st_blocks=224, st_size=110603, st_atime=1752243591 /* 2025-07-11T11:19:51.852189314-0300 */, st_atime_nsec=852189314, st_mtime=1717093113 /* 2024-05-30T15:18:33-0300 */, st_mtime_nsec=0, st_ctime=1752243151 /* 2025-07-11T11:12:31.613783507-0300 */, st_ctime_nsec=613783507}, AT_SYMLINK_NOFOLLOW) = 0
[pid 15387] newfstatat(AT_FDCWD, "assets/dockhacklab/first.png",  <unfinished ...>
[pid 15388] newfstatat(AT_FDCWD, "assets/vivifytech/secretxpass.png",  <unfinished ...>
[pid 15387] <... newfstatat resumed>{st_dev=makedev(0, 0x35), st_ino=470317, st_mode=S_IFREG|0644, st_nlink=1, st_uid=1000, st_gid=1000, st_blksize=4096, st_blocks=232, st_size=115746, st_atime=1752243591 /* 2025-07-11T11:19:51.046151069-0300 */, st_atime_nsec=46151069, st_mtime=1720992029 /* 2024-07-14T18:20:29-0300 */, st_mtime_nsec=0, st_ctime=1752243151 /* 2025-07-11T11:12:31.497503791-0300 */, st_ctime_nsec=497503791}, AT_SYMLINK_NOFOLLOW) = 0
[pid 15388] <... newfstatat resumed>{st_dev=makedev(0, 0x35), st_ino=470844, st_mode=S_IFREG|0644, st_nlink=1, st_uid=1000, st_gid=1000, st_blksize=4096, st_blocks=152, st_size=75444, st_atime=1752243591 /* 2025-07-11T11:19:51.853189362-0300 */, st_atime_nsec=853189362, st_mtime=1717094146 /* 2024-05-30T15:35:46-0300 */, st_mtime_nsec=0, st_ctime=1752243151 /* 2025-07-11T11:12:31.614124346-0300 */, st_ctime_nsec=614124346}, AT_SYMLINK_NOFOLLOW) = 0
[pid 15387] newfstatat(AT_FDCWD, "assets/dockhacklab/hackademy.png",  <unfinished ...>
[pid 15388] newfstatat(AT_FDCWD, "assets/vivifytech/sudol.png",  <unfinished ...>
[pid 15387] <... newfstatat resumed>{st_dev=makedev(0, 0x35), st_ino=470318, st_mode=S_IFREG|0644, st_nlink=1, st_uid=1000, st_gid=1000, st_blksize=4096, st_blocks=200, st_size=100011, st_atime=1752243591 /* 2025-07-11T11:19:51.047151117-0300 */, st_atime_nsec=47151117, st_mtime=1720990454 /* 2024-07-14T17:54:14-0300 */, st_mtime_nsec=0, st_ctime=1752243151 /* 2025-07-11T11:12:31.497704825-0300 */, st_ctime_nsec=497704825}, AT_SYMLINK_NOFOLLOW) = 0
[pid 15388] <... newfstatat resumed>{st_dev=makedev(0, 0x35), st_ino=470845, st_mode=S_IFREG|0644, st_nlink=1, st_uid=1000, st_gid=1000, st_blksize=4096, st_blocks=176, st_size=89952, st_atime=1752243591 /* 2025-07-11T11:19:51.855189457-0300 */, st_atime_nsec=855189457, st_mtime=1717097120 /* 2024-05-30T16:25:20-0300 */, st_mtime_nsec=0, st_ctime=1752243151 /* 2025-07-11T11:12:31.614455272-0300 */, st_ctime_nsec=614455272}, AT_SYMLINK_NOFOLLOW) = 0
[pid 15387] newfstatat(AT_FDCWD, "assets/dockhacklab/keys.png",  <unfinished ...>
[pid 15388] newfstatat(AT_FDCWD, "assets/vivifytech/task.png",  <unfinished ...>
[pid 15387] <... newfstatat resumed>{st_dev=makedev(0, 0x35), st_ino=470319, st_mode=S_IFREG|0644, st_nlink=1, st_uid=1000, st_gid=1000, st_blksize=4096, st_blocks=248, st_size=123378, st_atime=1752243591 /* 2025-07-11T11:19:51.049151212-0300 */, st_atime_nsec=49151212, st_mtime=1720994968 /* 2024-07-14T19:09:28-0300 */, st_mtime_nsec=0, st_ctime=1752243151 /* 2025-07-11T11:12:31.497948228-0300 */, st_ctime_nsec=497948228}, AT_SYMLINK_NOFOLLOW) = 0
[pid 15388] <... newfstatat resumed>{st_dev=makedev(0, 0x35), st_ino=470846, st_mode=S_IFREG|0644, st_nlink=1, st_uid=1000, st_gid=1000, st_blksize=4096, st_blocks=136, st_size=68036, st_atime=1752243591 /* 2025-07-11T11:19:51.856189504-0300 */, st_atime_nsec=856189504, st_mtime=1717096359 /* 2024-05-30T16:12:39-0300 */, st_mtime_nsec=0, st_ctime=1752243151 /* 2025-07-11T11:12:31.614808250-0300 */, st_ctime_nsec=614808250}, AT_SYMLINK_NOFOLLOW) = 0
[pid 15387] newfstatat(AT_FDCWD, "assets/dockhacklab/knock.png",  <unfinished ...>
[pid 15388] newfstatat(AT_FDCWD, "assets/vivifytech/users.png",  <unfinished ...>
[pid 15387] <... newfstatat resumed>{st_dev=makedev(0, 0x35), st_ino=470320, st_mode=S_IFREG|0644, st_nlink=1, st_uid=1000, st_gid=1000, st_blksize=4096, st_blocks=136, st_size=68749, st_atime=1752243591 /* 2025-07-11T11:19:51.051151307-0300 */, st_atime_nsec=51151307, st_mtime=1720992833 /* 2024-07-14T18:33:53-0300 */, st_mtime_nsec=0, st_ctime=1752243151 /* 2025-07-11T11:12:31.498178601-0300 */, st_ctime_nsec=498178601}, AT_SYMLINK_NOFOLLOW) = 0
[pid 15388] <... newfstatat resumed>{st_dev=makedev(0, 0x35), st_ino=470847, st_mode=S_IFREG|0644, st_nlink=1, st_uid=1000, st_gid=1000, st_blksize=4096, st_blocks=112, st_size=55743, st_atime=1752243591 /* 2025-07-11T11:19:51.857189551-0300 */, st_atime_nsec=857189551, st_mtime=1717094648 /* 2024-05-30T15:44:08-0300 */, st_mtime_nsec=0, st_ctime=1752243151 /* 2025-07-11T11:12:31.615281645-0300 */, st_ctime_nsec=615281645}, AT_SYMLINK_NOFOLLOW) = 0
[pid 15387] newfstatat(AT_FDCWD, "assets/dockhacklab/mount.png",  <unfinished ...>
[pid 15388] newfstatat(AT_FDCWD, "assets/walkingcms",  <unfinished ...>
[pid 15387] <... newfstatat resumed>{st_dev=makedev(0, 0x35), st_ino=470321, st_mode=S_IFREG|0644, st_nlink=1, st_uid=1000, st_gid=1000, st_blksize=4096, st_blocks=232, st_size=117780, st_atime=1752243591 /* 2025-07-11T11:19:51.052151354-0300 */, st_atime_nsec=52151354, st_mtime=1720993779 /* 2024-07-14T18:49:39-0300 */, st_mtime_nsec=0, st_ctime=1752243151 /* 2025-07-11T11:12:31.498421022-0300 */, st_ctime_nsec=498421022}, AT_SYMLINK_NOFOLLOW) = 0
[pid 15388] <... newfstatat resumed>{st_dev=makedev(0, 0x35), st_ino=92946, st_mode=S_IFDIR|0755, st_nlink=1, st_uid=1000, st_gid=1000, st_blksize=4096, st_blocks=0, st_size=224, st_atime=1752243151 /* 2025-07-11T11:12:31.792157303-0300 */, st_atime_nsec=792157303, st_mtime=1752243151 /* 2025-07-11T11:12:31.618005552-0300 */, st_mtime_nsec=618005552, st_ctime=1752243151 /* 2025-07-11T11:12:31.618005552-0300 */, st_ctime_nsec=618005552}, AT_SYMLINK_NOFOLLOW) = 0
[pid 15387] newfstatat(AT_FDCWD, "assets/dockhacklab/ps.png",  <unfinished ...>
[pid 15388] newfstatat(AT_FDCWD, "assets/walkingcms/feroxbuster.png",  <unfinished ...>
[pid 15387] <... newfstatat resumed>{st_dev=makedev(0, 0x35), st_ino=470322, st_mode=S_IFREG|0644, st_nlink=1, st_uid=1000, st_gid=1000, st_blksize=4096, st_blocks=80, st_size=40552, st_atime=1752243591 /* 2025-07-11T11:19:51.053151402-0300 */, st_atime_nsec=53151402, st_mtime=1720992437 /* 2024-07-14T18:27:17-0300 */, st_mtime_nsec=0, st_ctime=1752243151 /* 2025-07-11T11:12:31.498613083-0300 */, st_ctime_nsec=498613083}, AT_SYMLINK_NOFOLLOW) = 0
[pid 15388] <... newfstatat resumed>{st_dev=makedev(0, 0x35), st_ino=470848, st_mode=S_IFREG|0644, st_nlink=1, st_uid=1000, st_gid=1000, st_blksize=4096, st_blocks=648, st_size=327948, st_atime=1752243591 /* 2025-07-11T11:19:51.858189599-0300 */, st_atime_nsec=858189599, st_mtime=1714826616 /* 2024-05-04T09:43:36-0300 */, st_mtime_nsec=0, st_ctime=1752243151 /* 2025-07-11T11:12:31.615719653-0300 */, st_ctime_nsec=615719653}, AT_SYMLINK_NOFOLLOW) = 0
[pid 15387] newfstatat(AT_FDCWD, "assets/dockhacklab/ps2.png",  <unfinished ...>
[pid 15388] newfstatat(AT_FDCWD, "assets/walkingcms/find.png",  <unfinished ...>
[pid 15387] <... newfstatat resumed>{st_dev=makedev(0, 0x35), st_ino=470323, st_mode=S_IFREG|0644, st_nlink=1, st_uid=1000, st_gid=1000, st_blksize=4096, st_blocks=104, st_size=51324, st_atime=1752243591 /* 2025-07-11T11:19:51.054151449-0300 */, st_atime_nsec=54151449, st_mtime=1720992877 /* 2024-07-14T18:34:37-0300 */, st_mtime_nsec=0, st_ctime=1752243151 /* 2025-07-11T11:12:31.498819249-0300 */, st_ctime_nsec=498819249}, AT_SYMLINK_NOFOLLOW) = 0
[pid 15388] <... newfstatat resumed>{st_dev=makedev(0, 0x35), st_ino=470849, st_mode=S_IFREG|0644, st_nlink=1, st_uid=1000, st_gid=1000, st_blksize=4096, st_blocks=232, st_size=116846, st_atime=1752243591 /* 2025-07-11T11:19:51.861189741-0300 */, st_atime_nsec=861189741, st_mtime=1714830609 /* 2024-05-04T10:50:09-0300 */, st_mtime_nsec=0, st_ctime=1752243151 /* 2025-07-11T11:12:31.616110288-0300 */, st_ctime_nsec=616110288}, AT_SYMLINK_NOFOLLOW) = 0
[pid 15387] newfstatat(AT_FDCWD, "assets/dockhacklab/root.png",  <unfinished ...>
[pid 15388] newfstatat(AT_FDCWD, "assets/walkingcms/passmsf.png",  <unfinished ...>
[pid 15387] <... newfstatat resumed>{st_dev=makedev(0, 0x35), st_ino=470324, st_mode=S_IFREG|0644, st_nlink=1, st_uid=1000, st_gid=1000, st_blksize=4096, st_blocks=248, st_size=123399, st_atime=1752243591 /* 2025-07-11T11:19:51.055151497-0300 */, st_atime_nsec=55151497, st_mtime=1720995053 /* 2024-07-14T19:10:53-0300 */, st_mtime_nsec=0, st_ctime=1752243151 /* 2025-07-11T11:12:31.499022338-0300 */, st_ctime_nsec=499022338}, AT_SYMLINK_NOFOLLOW) = 0
[pid 15388] <... newfstatat resumed>{st_dev=makedev(0, 0x35), st_ino=470850, st_mode=S_IFREG|0644, st_nlink=1, st_uid=1000, st_gid=1000, st_blksize=4096, st_blocks=40, st_size=19528, st_atime=1752243591 /* 2025-07-11T11:19:51.863189836-0300 */, st_atime_nsec=863189836, st_mtime=1714828755 /* 2024-05-04T10:19:15-0300 */, st_mtime_nsec=0, st_ctime=1752243151 /* 2025-07-11T11:12:31.616404698-0300 */, st_ctime_nsec=616404698}, AT_SYMLINK_NOFOLLOW) = 0
[pid 15387] newfstatat(AT_FDCWD, "assets/dockhacklab/sudol.png",  <unfinished ...>
[pid 15388] newfstatat(AT_FDCWD, "assets/walkingcms/permisosenv.png",  <unfinished ...>
[pid 15387] <... newfstatat resumed>{st_dev=makedev(0, 0x35), st_ino=470325, st_mode=S_IFREG|0644, st_nlink=1, st_uid=1000, st_gid=1000, st_blksize=4096, st_blocks=280, st_size=141291, st_atime=1752243591 /* 2025-07-11T11:19:51.057151592-0300 */, st_atime_nsec=57151592, st_mtime=1720991653 /* 2024-07-14T18:14:13-0300 */, st_mtime_nsec=0, st_ctime=1752243151 /* 2025-07-11T11:12:31.499224376-0300 */, st_ctime_nsec=499224376}, AT_SYMLINK_NOFOLLOW) = 0
[pid 15388] <... newfstatat resumed>{st_dev=makedev(0, 0x35), st_ino=470851, st_mode=S_IFREG|0644, st_nlink=1, st_uid=1000, st_gid=1000, st_blksize=4096, st_blocks=80, st_size=38662, st_atime=1752243591 /* 2025-07-11T11:19:51.864189884-0300 */, st_atime_nsec=864189884, st_mtime=1714830855 /* 2024-05-04T10:54:15-0300 */, st_mtime_nsec=0, st_ctime=1752243151 /* 2025-07-11T11:12:31.616712057-0300 */, st_ctime_nsec=616712057}, AT_SYMLINK_NOFOLLOW) = 0
[pid 15387] newfstatat(AT_FDCWD, "assets/dockhacklab/tail.png",  <unfinished ...>
[pid 15388] newfstatat(AT_FDCWD, "assets/walkingcms/recepcionnc.png",  <unfinished ...>
[pid 15387] <... newfstatat resumed>{st_dev=makedev(0, 0x35), st_ino=470326, st_mode=S_IFREG|0644, st_nlink=1, st_uid=1000, st_gid=1000, st_blksize=4096, st_blocks=144, st_size=69651, st_atime=1752243591 /* 2025-07-11T11:19:51.059151687-0300 */, st_atime_nsec=59151687, st_mtime=1720992717 /* 2024-07-14T18:31:57-0300 */, st_mtime_nsec=0, st_ctime=1752243151 /* 2025-07-11T11:12:31.499415635-0300 */, st_ctime_nsec=499415635}, AT_SYMLINK_NOFOLLOW) = 0
[pid 15388] <... newfstatat resumed>{st_dev=makedev(0, 0x35), st_ino=470852, st_mode=S_IFREG|0644, st_nlink=1, st_uid=1000, st_gid=1000, st_blksize=4096, st_blocks=160, st_size=80894, st_atime=1752243591 /* 2025-07-11T11:19:51.864189884-0300 */, st_atime_nsec=864189884, st_mtime=1714830215 /* 2024-05-04T10:43:35-0300 */, st_mtime_nsec=0, st_ctime=1752243151 /* 2025-07-11T11:12:31.617066990-0300 */, st_ctime_nsec=617066990}, AT_SYMLINK_NOFOLLOW) = 0
[pid 15387] newfstatat(AT_FDCWD, "assets/dockhacklab/web.png",  <unfinished ...>
[pid 15388] newfstatat(AT_FDCWD, "assets/walkingcms/root.png",  <unfinished ...>
[pid 15387] <... newfstatat resumed>{st_dev=makedev(0, 0x35), st_ino=470327, st_mode=S_IFREG|0644, st_nlink=1, st_uid=1000, st_gid=1000, st_blksize=4096, st_blocks=328, st_size=167060, st_atime=1752243591 /* 2025-07-11T11:19:51.060151734-0300 */, st_atime_nsec=60151734, st_mtime=1720990314 /* 2024-07-14T17:51:54-0300 */, st_mtime_nsec=0, st_ctime=1752243151 /* 2025-07-11T11:12:31.499623579-0300 */, st_ctime_nsec=499623579}, AT_SYMLINK_NOFOLLOW) = 0
[pid 15388] <... newfstatat resumed>{st_dev=makedev(0, 0x35), st_ino=470853, st_mode=S_IFREG|0644, st_nlink=1, st_uid=1000, st_gid=1000, st_blksize=4096, st_blocks=16, st_size=5746, st_atime=1752243591 /* 2025-07-11T11:19:51.866189978-0300 */, st_atime_nsec=866189978, st_mtime=1714831448 /* 2024-05-04T11:04:08-0300 */, st_mtime_nsec=0, st_ctime=1752243151 /* 2025-07-11T11:12:31.617358529-0300 */, st_ctime_nsec=617358529}, AT_SYMLINK_NOFOLLOW) = 0
[pid 15387] newfstatat(AT_FDCWD, "assets/dockhacklab/webshell.png",  <unfinished ...>
[pid 15388] newfstatat(AT_FDCWD, "assets/walkingcms/searchbins.png",  <unfinished ...>
[pid 15387] <... newfstatat resumed>{st_dev=makedev(0, 0x35), st_ino=470328, st_mode=S_IFREG|0644, st_nlink=1, st_uid=1000, st_gid=1000, st_blksize=4096, st_blocks=48, st_size=23356, st_atime=1752243591 /* 2025-07-11T11:19:51.062151829-0300 */, st_atime_nsec=62151829, st_mtime=1720990741 /* 2024-07-14T17:59:01-0300 */, st_mtime_nsec=0, st_ctime=1752243151 /* 2025-07-11T11:12:31.499835081-0300 */, st_ctime_nsec=499835081}, AT_SYMLINK_NOFOLLOW) = 0
[pid 15388] <... newfstatat resumed>{st_dev=makedev(0, 0x35), st_ino=470854, st_mode=S_IFREG|0644, st_nlink=1, st_uid=1000, st_gid=1000, st_blksize=4096, st_blocks=152, st_size=75584, st_atime=1752243591 /* 2025-07-11T11:19:51.866189978-0300 */, st_atime_nsec=866189978, st_mtime=1714830893 /* 2024-05-04T10:54:53-0300 */, st_mtime_nsec=0, st_ctime=1752243151 /* 2025-07-11T11:12:31.617667603-0300 */, st_ctime_nsec=617667603}, AT_SYMLINK_NOFOLLOW) = 0
[pid 15387] newfstatat(AT_FDCWD, "assets/driftingblues3",  <unfinished ...>
[pid 15388] newfstatat(AT_FDCWD, "assets/walkingcms/userwpscan.png",  <unfinished ...>
