[pid 15387] <... newfstatat resumed>{st_dev=makedev(0, 0x35), st_ino=470246, st_mode=S_IFREG|0644, st_nlink=1, st_uid=1000, st_gid=1000, st_blksize=4096, st_blocks=40, st_size=16750, st_atime=1752243590 /* 2025-07-11T11:19:50.946146325-0300 */, st_atime_nsec=946146325, st_mtime=1715370889 /* 2024-05-10T16:54:49-0300 */, st_mtime_nsec=0, st_ctime=1752243151 /* 2025-07-11T11:12:31.482767749-0300 */, st_ctime_nsec=482767749}, AT_SYMLINK_NOFOLLOW) = 0
[pid 15388] <... newfstatat resumed>{st_dev=makedev(0, 0x35), st_ino=93398, st_mode=S_IFDIR|0755, st_nlink=1, st_uid=1000, st_gid=1000, st_blksize=4096, st_blocks=0, st_size=256, st_atime=1752243151 /* 2025-07-11T11:12:31.802157786-0300 */, st_atime_nsec=802157786, st_mtime=1752243151 /* 2025-07-11T11:12:31.600444451-0300 */, st_mtime_nsec=600444451, st_ctime=1752243151 /* 2025-07-11T11:12:31.600444451-0300 */, st_ctime_nsec=600444451}, AT_SYMLINK_NOFOLLOW) = 0
[pid 15387] newfstatat(AT_FDCWD, "assets/chocolatelover/psaux.png",  <unfinished ...>
[pid 15388] newfstatat(AT_FDCWD, "assets/thedog/captura.png",  <unfinished ...>
[pid 15387] <... newfstatat resumed>{st_dev=makedev(0, 0x35), st_ino=470247, st_mode=S_IFREG|0644, st_nlink=1, st_uid=1000, st_gid=1000, st_blksize=4096, st_blocks=40, st_size=17454, st_atime=1752243590 /* 2025-07-11T11:19:50.946146325-0300 */, st_atime_nsec=946146325, st_mtime=1715370803 /* 2024-05-10T16:53:23-0300 */, st_mtime_nsec=0, st_ctime=1752243151 /* 2025-07-11T11:12:31.482985679-0300 */, st_ctime_nsec=482985679}, AT_SYMLINK_NOFOLLOW) = 0
[pid 15388] <... newfstatat resumed>{st_dev=makedev(0, 0x35), st_ino=470770, st_mode=S_IFREG|0644, st_nlink=1, st_uid=1000, st_gid=1000, st_blksize=4096, st_blocks=680, st_size=345076, st_atime=1752243591 /* 2025-07-11T11:19:51.730183525-0300 */, st_atime_nsec=730183525, st_mtime=1746966932 /* 2025-05-11T09:35:32-0300 */, st_mtime_nsec=0, st_ctime=1752243151 /* 2025-07-11T11:12:31.597953653-0300 */, st_ctime_nsec=597953653}, AT_SYMLINK_NOFOLLOW) = 0
[pid 15387] newfstatat(AT_FDCWD, "assets/chocolatelover/revshell.png",  <unfinished ...>
[pid 15388] newfstatat(AT_FDCWD, "assets/thedog/dirb.png",  <unfinished ...>
[pid 15387] <... newfstatat resumed>{st_dev=makedev(0, 0x35), st_ino=470248, st_mode=S_IFREG|0644, st_nlink=1, st_uid=1000, st_gid=1000, st_blksize=4096, st_blocks=64, st_size=31103, st_atime=1752243590 /* 2025-07-11T11:19:50.947146372-0300 */, st_atime_nsec=947146372, st_mtime=1715369322 /* 2024-05-10T16:28:42-0300 */, st_mtime_nsec=0, st_ctime=1752243151 /* 2025-07-11T11:12:31.483172804-0300 */, st_ctime_nsec=483172804}, AT_SYMLINK_NOFOLLOW) = 0
[pid 15388] <... newfstatat resumed>{st_dev=makedev(0, 0x35), st_ino=470771, st_mode=S_IFREG|0644, st_nlink=1, st_uid=1000, st_gid=1000, st_blksize=4096, st_blocks=480, st_size=242829, st_atime=1752243591 /* 2025-07-11T11:19:51.733183668-0300 */, st_atime_nsec=733183668, st_mtime=1746306449 /* 2025-05-03T18:07:29-0300 */, st_mtime_nsec=0, st_ctime=1752243151 /* 2025-07-11T11:12:31.598173915-0300 */, st_ctime_nsec=598173915}, AT_SYMLINK_NOFOLLOW) = 0
[pid 15387] newfstatat(AT_FDCWD, "assets/chocolatelover/root.png",  <unfinished ...>
[pid 15388] newfstatat(AT_FDCWD, "assets/thedog/download.png",  <unfinished ...>
[pid 15387] <... newfstatat resumed>{st_dev=makedev(0, 0x35), st_ino=470249, st_mode=S_IFREG|0644, st_nlink=1, st_uid=1000, st_gid=1000, st_blksize=4096, st_blocks=264, st_size=133458, st_atime=1752243590 /* 2025-07-11T11:19:50.947146372-0300 */, st_atime_nsec=947146372, st_mtime=1715373365 /* 2024-05-10T17:36:05-0300 */, st_mtime_nsec=0, st_ctime=1752243151 /* 2025-07-11T11:12:31.483385233-0300 */, st_ctime_nsec=483385233}, AT_SYMLINK_NOFOLLOW) = 0
[pid 15388] <... newfstatat resumed>{st_dev=makedev(0, 0x35), st_ino=470772, st_mode=S_IFREG|0644, st_nlink=1, st_uid=1000, st_gid=1000, st_blksize=4096, st_blocks=696, st_size=354870, st_atime=1752243591 /* 2025-07-11T11:19:51.736183810-0300 */, st_atime_nsec=736183810, st_mtime=1746971007 /* 2025-05-11T10:43:27-0300 */, st_mtime_nsec=0, st_ctime=1752243151 /* 2025-07-11T11:12:31.598418877-0300 */, st_ctime_nsec=598418877}, AT_SYMLINK_NOFOLLOW) = 0
[pid 15387] newfstatat(AT_FDCWD, "assets/chocolatelover/searchbins.png",  <unfinished ...>
[pid 15388] newfstatat(AT_FDCWD, "assets/thedog/exploit.png",  <unfinished ...>
[pid 15387] <... newfstatat resumed>{st_dev=makedev(0, 0x35), st_ino=470250, st_mode=S_IFREG|0644, st_nlink=1, st_uid=1000, st_gid=1000, st_blksize=4096, st_blocks=184, st_size=91885, st_atime=1752243590 /* 2025-07-11T11:19:50.949146467-0300 */, st_atime_nsec=949146467, st_mtime=1715369814 /* 2024-05-10T16:36:54-0300 */, st_mtime_nsec=0, st_ctime=1752243151 /* 2025-07-11T11:12:31.483581654-0300 */, st_ctime_nsec=483581654}, AT_SYMLINK_NOFOLLOW) = 0
[pid 15388] <... newfstatat resumed>{st_dev=makedev(0, 0x35), st_ino=470773, st_mode=S_IFREG|0644, st_nlink=1, st_uid=1000, st_gid=1000, st_blksize=4096, st_blocks=1184, st_size=606098, st_atime=1752243591 /* 2025-07-11T11:19:51.740183999-0300 */, st_atime_nsec=740183999, st_mtime=1746970336 /* 2025-05-11T10:32:16-0300 */, st_mtime_nsec=0, st_ctime=1752243151 /* 2025-07-11T11:12:31.598755468-0300 */, st_ctime_nsec=598755468}, AT_SYMLINK_NOFOLLOW) = 0
[pid 15387] newfstatat(AT_FDCWD, "assets/chocolatelover/sudowww.png",  <unfinished ...>
[pid 15388] newfstatat(AT_FDCWD, "assets/thedog/extract_data.png",  <unfinished ...>
[pid 15387] <... newfstatat resumed>{st_dev=makedev(0, 0x35), st_ino=470251, st_mode=S_IFREG|0644, st_nlink=1, st_uid=1000, st_gid=1000, st_blksize=4096, st_blocks=168, st_size=85815, st_atime=1752243590 /* 2025-07-11T11:19:50.950146514-0300 */, st_atime_nsec=950146514, st_mtime=1715369555 /* 2024-05-10T16:32:35-0300 */, st_mtime_nsec=0, st_ctime=1752243151 /* 2025-07-11T11:12:31.483801082-0300 */, st_ctime_nsec=483801082}, AT_SYMLINK_NOFOLLOW) = 0
[pid 15388] <... newfstatat resumed>{st_dev=makedev(0, 0x35), st_ino=470774, st_mode=S_IFREG|0644, st_nlink=1, st_uid=1000, st_gid=1000, st_blksize=4096, st_blocks=1144, st_size=583175, st_atime=1752243591 /* 2025-07-11T11:19:51.745184237-0300 */, st_atime_nsec=745184237, st_mtime=1746968028 /* 2025-05-11T09:53:48-0300 */, st_mtime_nsec=0, st_ctime=1752243151 /* 2025-07-11T11:12:31.599065779-0300 */, st_ctime_nsec=599065779}, AT_SYMLINK_NOFOLLOW) = 0
[pid 15387] newfstatat(AT_FDCWD, "assets/chocolatelover/webadmin.png",  <unfinished ...>
[pid 15388] newfstatat(AT_FDCWD, "assets/thedog/finalroot.png",  <unfinished ...>
[pid 15387] <... newfstatat resumed>{st_dev=makedev(0, 0x35), st_ino=470252, st_mode=S_IFREG|0644, st_nlink=1, st_uid=1000, st_gid=1000, st_blksize=4096, st_blocks=216, st_size=109266, st_atime=1752243590 /* 2025-07-11T11:19:50.952146609-0300 */, st_atime_nsec=952146609, st_mtime=1715367605 /* 2024-05-10T16:00:05-0300 */, st_mtime_nsec=0, st_ctime=1752243151 /* 2025-07-11T11:12:31.484000535-0300 */, st_ctime_nsec=484000535}, AT_SYMLINK_NOFOLLOW) = 0
[pid 15388] <... newfstatat resumed>{st_dev=makedev(0, 0x35), st_ino=470775, st_mode=S_IFREG|0644, st_nlink=1, st_uid=1000, st_gid=1000, st_blksize=4096, st_blocks=72, st_size=35520, st_atime=1752243591 /* 2025-07-11T11:19:51.750184474-0300 */, st_atime_nsec=750184474, st_mtime=1746973289 /* 2025-05-11T11:21:29-0300 */, st_mtime_nsec=0, st_ctime=1752243151 /* 2025-07-11T11:12:31.599254923-0300 */, st_ctime_nsec=599254923}, AT_SYMLINK_NOFOLLOW) = 0
[pid 15387] newfstatat(AT_FDCWD, "assets/chocolatelover/webshell.png",  <unfinished ...>
[pid 15388] newfstatat(AT_FDCWD, "assets/thedog/html.png", {st_dev=makedev(0, 0x35), st_ino=470776, st_mode=S_IFREG|0644, st_nlink=1, st_uid=1000, st_gid=1000, st_blksize=4096, st_blocks=64, st_size=30885, st_atime=1752243591 /* 2025-07-11T11:19:51.751184522-0300 */, st_atime_nsec=751184522, st_mtime=1746306157 /* 2025-05-03T18:02:37-0300 */, st_mtime_nsec=0, st_ctime=1752243151 /* 2025-07-11T11:12:31.599437394-0300 */, st_ctime_nsec=599437394}, AT_SYMLINK_NOFOLLOW) = 0
[pid 15387] <... newfstatat resumed>{st_dev=makedev(0, 0x35), st_ino=470253, st_mode=S_IFREG|0644, st_nlink=1, st_uid=1000, st_gid=1000, st_blksize=4096, st_blocks=232, st_size=117701, st_atime=1752243590 /* 2025-07-11T11:19:50.953146657-0300 */, st_atime_nsec=953146657, st_mtime=1715369103 /* 2024-05-10T16:25:03-0300 */, st_mtime_nsec=0, st_ctime=1752243151 /* 2025-07-11T11:12:31.484199558-0300 */, st_ctime_nsec=484199558}, AT_SYMLINK_NOFOLLOW) = 0
[pid 15388] newfstatat(AT_FDCWD, "assets/thedog/nc.png", {st_dev=makedev(0, 0x35), st_ino=470777, st_mode=S_IFREG|0644, st_nlink=1, st_uid=1000, st_gid=1000, st_blksize=4096, st_blocks=528, st_size=266902, st_atime=1752243591 /* 2025-07-11T11:19:51.752184569-0300 */, st_atime_nsec=752184569, st_mtime=1746964953 /* 2025-05-11T09:02:33-0300 */, st_mtime_nsec=0, st_ctime=1752243151 /* 2025-07-11T11:12:31.599665457-0300 */, st_ctime_nsec=599665457}, AT_SYMLINK_NOFOLLOW) = 0
[pid 15387] newfstatat(AT_FDCWD, "assets/chocoping",  <unfinished ...>
[pid 15388] newfstatat(AT_FDCWD, "assets/thedog/root.png",  <unfinished ...>
[pid 15387] <... newfstatat resumed>{st_dev=makedev(0, 0x35), st_ino=92666, st_mode=S_IFDIR|0755, st_nlink=1, st_uid=1000, st_gid=1000, st_blksize=4096, st_blocks=0, st_size=180, st_atime=1752243151 /* 2025-07-11T11:12:31.789157159-0300 */, st_atime_nsec=789157159, st_mtime=1752243151 /* 2025-07-11T11:12:31.485955138-0300 */, st_mtime_nsec=485955138, st_ctime=1752243151 /* 2025-07-11T11:12:31.485955138-0300 */, st_ctime_nsec=485955138}, AT_SYMLINK_NOFOLLOW) = 0
[pid 15388] <... newfstatat resumed>{st_dev=makedev(0, 0x35), st_ino=470778, st_mode=S_IFREG|0644, st_nlink=1, st_uid=1000, st_gid=1000, st_blksize=4096, st_blocks=24, st_size=8990, st_atime=1752243591 /* 2025-07-11T11:19:51.755184712-0300 */, st_atime_nsec=755184712, st_mtime=1746973135 /* 2025-05-11T11:18:55-0300 */, st_mtime_nsec=0, st_ctime=1752243151 /* 2025-07-11T11:12:31.599862464-0300 */, st_ctime_nsec=599862464}, AT_SYMLINK_NOFOLLOW) = 0
[pid 15387] newfstatat(AT_FDCWD, "assets/chocoping/ ferox.png",  <unfinished ...>
[pid 15388] newfstatat(AT_FDCWD, "assets/thedog/session.png", {st_dev=makedev(0, 0x35), st_ino=470779, st_mode=S_IFREG|0644, st_nlink=1, st_uid=1000, st_gid=1000, st_blksize=4096, st_blocks=352, st_size=178270, st_atime=1752243591 /* 2025-07-11T11:19:51.755184712-0300 */, st_atime_nsec=755184712, st_mtime=1746970481 /* 2025-05-11T10:34:41-0300 */, st_mtime_nsec=0, st_ctime=1752243151 /* 2025-07-11T11:12:31.600071348-0300 */, st_ctime_nsec=600071348}, AT_SYMLINK_NOFOLLOW) = 0
[pid 15387] <... newfstatat resumed>{st_dev=makedev(0, 0x35), st_ino=470254, st_mode=S_IFREG|0644, st_nlink=1, st_uid=1000, st_gid=1000, st_blksize=4096, st_blocks=776, st_size=393218, st_atime=1752243590 /* 2025-07-11T11:19:50.955146751-0300 */, st_atime_nsec=955146751, st_mtime=1744399945 /* 2025-04-11T16:32:25-0300 */, st_mtime_nsec=0, st_ctime=1752243151 /* 2025-07-11T11:12:31.484450636-0300 */, st_ctime_nsec=484450636}, AT_SYMLINK_NOFOLLOW) = 0
[pid 15388] newfstatat(AT_FDCWD, "assets/thedog/snow.png",  <unfinished ...>
[pid 15387] newfstatat(AT_FDCWD, "assets/chocoping/ffufparam.png",  <unfinished ...>
[pid 15388] <... newfstatat resumed>{st_dev=makedev(0, 0x35), st_ino=470780, st_mode=S_IFREG|0644, st_nlink=1, st_uid=1000, st_gid=1000, st_blksize=4096, st_blocks=88, st_size=41326, st_atime=1752243591 /* 2025-07-11T11:19:51.757184806-0300 */, st_atime_nsec=757184806, st_mtime=1746969433 /* 2025-05-11T10:17:13-0300 */, st_mtime_nsec=0, st_ctime=1752243151 /* 2025-07-11T11:12:31.600255558-0300 */, st_ctime_nsec=600255558}, AT_SYMLINK_NOFOLLOW) = 0
[pid 15387] <... newfstatat resumed>{st_dev=makedev(0, 0x35), st_ino=470255, st_mode=S_IFREG|0644, st_nlink=1, st_uid=1000, st_gid=1000, st_blksize=4096, st_blocks=952, st_size=485941, st_atime=1752243590 /* 2025-07-11T11:19:50.959146941-0300 */, st_atime_nsec=959146941, st_mtime=1744402042 /* 2025-04-11T17:07:22-0300 */, st_mtime_nsec=0, st_ctime=1752243151 /* 2025-07-11T11:12:31.484713621-0300 */, st_ctime_nsec=484713621}, AT_SYMLINK_NOFOLLOW) = 0
[pid 15388] newfstatat(AT_FDCWD, "assets/thedog/stego.png",  <unfinished ...>
[pid 15387] newfstatat(AT_FDCWD, "assets/chocoping/john.png",  <unfinished ...>
[pid 15388] <... newfstatat resumed>{st_dev=makedev(0, 0x35), st_ino=470781, st_mode=S_IFREG|0644, st_nlink=1, st_uid=1000, st_gid=1000, st_blksize=4096, st_blocks=168, st_size=83317, st_atime=1752243591 /* 2025-07-11T11:19:51.758184854-0300 */, st_atime_nsec=758184854, st_mtime=1746968124 /* 2025-05-11T09:55:24-0300 */, st_mtime_nsec=0, st_ctime=1752243151 /* 2025-07-11T11:12:31.600444451-0300 */, st_ctime_nsec=600444451}, AT_SYMLINK_NOFOLLOW) = 0
[pid 15387] <... newfstatat resumed>{st_dev=makedev(0, 0x35), st_ino=470256, st_mode=S_IFREG|0644, st_nlink=1, st_uid=1000, st_gid=1000, st_blksize=4096, st_blocks=728, st_size=370108, st_atime=1752243590 /* 2025-07-11T11:19:50.963147131-0300 */, st_atime_nsec=963147131, st_mtime=1744462514 /* 2025-04-12T09:55:14-0300 */, st_mtime_nsec=0, st_ctime=1752243151 /* 2025-07-11T11:12:31.484966018-0300 */, st_ctime_nsec=484966018}, AT_SYMLINK_NOFOLLOW) = 0
[pid 15388] newfstatat(AT_FDCWD, "assets/thedog/web.png",  <unfinished ...>
[pid 15387] newfstatat(AT_FDCWD, "assets/chocoping/ping.png",  <unfinished ...>
[pid 15388] <... newfstatat resumed>{st_dev=makedev(0, 0x35), st_ino=470782, st_mode=S_IFREG|0644, st_nlink=1, st_uid=1000, st_gid=1000, st_blksize=4096, st_blocks=192, st_size=94411, st_atime=1752243591 /* 2025-07-11T11:19:51.759184901-0300 */, st_atime_nsec=759184901, st_mtime=1746305820 /* 2025-05-03T17:57:00-0300 */, st_mtime_nsec=0, st_ctime=1752243151 /* 2025-07-11T11:12:31.600644286-0300 */, st_ctime_nsec=600644286}, AT_SYMLINK_NOFOLLOW) = 0
[pid 15387] <... newfstatat resumed>{st_dev=makedev(0, 0x35), st_ino=470257, st_mode=S_IFREG|0644, st_nlink=1, st_uid=1000, st_gid=1000, st_blksize=4096, st_blocks=128, st_size=64228, st_atime=1752243590 /* 2025-07-11T11:19:50.966147274-0300 */, st_atime_nsec=966147274, st_mtime=1744402562 /* 2025-04-11T17:16:02-0300 */, st_mtime_nsec=0, st_ctime=1752243151 /* 2025-07-11T11:12:31.485159489-0300 */, st_ctime_nsec=485159489}, AT_SYMLINK_NOFOLLOW) = 0
[pid 15388] newfstatat(AT_FDCWD, "assets/trust",  <unfinished ...>
[pid 15387] newfstatat(AT_FDCWD, "assets/chocoping/portada.png",  <unfinished ...>
[pid 15388] <... newfstatat resumed>{st_dev=makedev(0, 0x35), st_ino=92866, st_mode=S_IFDIR|0755, st_nlink=1, st_uid=1000, st_gid=1000, st_blksize=4096, st_blocks=0, st_size=210, st_atime=1752243151 /* 2025-07-11T11:12:31.791157256-0300 */, st_atime_nsec=791157256, st_mtime=1752243151 /* 2025-07-11T11:12:31.601911926-0300 */, st_mtime_nsec=601911926, st_ctime=1752243151 /* 2025-07-11T11:12:31.601911926-0300 */, st_ctime_nsec=601911926}, AT_SYMLINK_NOFOLLOW) = 0
[pid 15387] <... newfstatat resumed>{st_dev=makedev(0, 0x35), st_ino=470258, st_mode=S_IFREG|0644, st_nlink=1, st_uid=1000, st_gid=1000, st_blksize=4096, st_blocks=128, st_size=61880, st_atime=1752243590 /* 2025-07-11T11:19:50.968147368-0300 */, st_atime_nsec=968147368, st_mtime=1744399177 /* 2025-04-11T16:19:37-0300 */, st_mtime_nsec=0, st_ctime=1752243151 /* 2025-07-11T11:12:31.485352829-0300 */, st_ctime_nsec=485352829}, AT_SYMLINK_NOFOLLOW) = 0
[pid 15388] newfstatat(AT_FDCWD, "assets/trust/Screenshot_2024-04-27-10-12-31_primary.png",  <unfinished ...>
[pid 15387] newfstatat(AT_FDCWD, "assets/chocoping/revshell.png",  <unfinished ...>
[pid 15388] <... newfstatat resumed>{st_dev=makedev(0, 0x35), st_ino=470783, st_mode=S_IFREG|0644, st_nlink=1, st_uid=1000, st_gid=1000, st_blksize=4096, st_blocks=216, st_size=107586, st_atime=1752243591 /* 2025-07-11T11:19:51.760184949-0300 */, st_atime_nsec=760184949, st_mtime=1714431718 /* 2024-04-29T20:01:58-0300 */, st_mtime_nsec=0, st_ctime=1752243151 /* 2025-07-11T11:12:31.600870030-0300 */, st_ctime_nsec=600870030}, AT_SYMLINK_NOFOLLOW) = 0
[pid 15387] <... newfstatat resumed>{st_dev=makedev(0, 0x35), st_ino=470259, st_mode=S_IFREG|0644, st_nlink=1, st_uid=1000, st_gid=1000, st_blksize=4096, st_blocks=200, st_size=101590, st_atime=1752243590 /* 2025-07-11T11:19:50.969147416-0300 */, st_atime_nsec=969147416, st_mtime=1744459801 /* 2025-04-12T09:10:01-0300 */, st_mtime_nsec=0, st_ctime=1752243151 /* 2025-07-11T11:12:31.485550071-0300 */, st_ctime_nsec=485550071}, AT_SYMLINK_NOFOLLOW) = 0
[pid 15388] newfstatat(AT_FDCWD, "assets/trust/gobuster.png",  <unfinished ...>
[pid 15387] newfstatat(AT_FDCWD, "assets/chocoping/strings.png",  <unfinished ...>
[pid 15388] <... newfstatat resumed>{st_dev=makedev(0, 0x35), st_ino=470784, st_mode=S_IFREG|0644, st_nlink=1, st_uid=1000, st_gid=1000, st_blksize=4096, st_blocks=320, st_size=160948, st_atime=1752243591 /* 2025-07-11T11:19:51.762185044-0300 */, st_atime_nsec=762185044, st_mtime=1714431718 /* 2024-04-29T20:01:58-0300 */, st_mtime_nsec=0, st_ctime=1752243151 /* 2025-07-11T11:12:31.601081708-0300 */, st_ctime_nsec=601081708}, AT_SYMLINK_NOFOLLOW) = 0
[pid 15387] <... newfstatat resumed>{st_dev=makedev(0, 0x35), st_ino=470260, st_mode=S_IFREG|0644, st_nlink=1, st_uid=1000, st_gid=1000, st_blksize=4096, st_blocks=192, st_size=97749, st_atime=1752243590 /* 2025-07-11T11:19:50.970147463-0300 */, st_atime_nsec=970147463, st_mtime=1744462641 /* 2025-04-12T09:57:21-0300 */, st_mtime_nsec=0, st_ctime=1752243151 /* 2025-07-11T11:12:31.485748780-0300 */, st_ctime_nsec=485748780}, AT_SYMLINK_NOFOLLOW) = 0
[pid 15388] newfstatat(AT_FDCWD, "assets/trust/hydra.png",  <unfinished ...>
[pid 15387] newfstatat(AT_FDCWD, "assets/chocoping/web.png",  <unfinished ...>
[pid 15388] <... newfstatat resumed>{st_dev=makedev(0, 0x35), st_ino=470785, st_mode=S_IFREG|0644, st_nlink=1, st_uid=1000, st_gid=1000, st_blksize=4096, st_blocks=40, st_size=19808, st_atime=1752243591 /* 2025-07-11T11:19:51.764185138-0300 */, st_atime_nsec=764185138, st_mtime=1714431718 /* 2024-04-29T20:01:58-0300 */, st_mtime_nsec=0, st_ctime=1752243151 /* 2025-07-11T11:12:31.601314144-0300 */, st_ctime_nsec=601314144}, AT_SYMLINK_NOFOLLOW) = 0
[pid 15387] <... newfstatat resumed>{st_dev=makedev(0, 0x35), st_ino=470261, st_mode=S_IFREG|0644, st_nlink=1, st_uid=1000, st_gid=1000, st_blksize=4096, st_blocks=32, st_size=14248, st_atime=1752243590 /* 2025-07-11T11:19:50.972147558-0300 */, st_atime_nsec=972147558, st_mtime=1744400412 /* 2025-04-11T16:40:12-0300 */, st_mtime_nsec=0, st_ctime=1752243151 /* 2025-07-11T11:12:31.485955138-0300 */, st_ctime_nsec=485955138}, AT_SYMLINK_NOFOLLOW) = 0
[pid 15388] newfstatat(AT_FDCWD, "assets/trust/login_mario.png",  <unfinished ...>
[pid 15387] newfstatat(AT_FDCWD, "assets/chocoping/whoami.png",  <unfinished ...>
[pid 15388] <... newfstatat resumed>{st_dev=makedev(0, 0x35), st_ino=470786, st_mode=S_IFREG|0644, st_nlink=1, st_uid=1000, st_gid=1000, st_blksize=4096, st_blocks=264, st_size=132326, st_atime=1752243591 /* 2025-07-11T11:19:51.764185138-0300 */, st_atime_nsec=764185138, st_mtime=1714431718 /* 2024-04-29T20:01:58-0300 */, st_mtime_nsec=0, st_ctime=1752243151 /* 2025-07-11T11:12:31.601514195-0300 */, st_ctime_nsec=601514195}, AT_SYMLINK_NOFOLLOW) = 0
[pid 15387] <... newfstatat resumed>{st_dev=makedev(0, 0x35), st_ino=470262, st_mode=S_IFREG|0644, st_nlink=1, st_uid=1000, st_gid=1000, st_blksize=4096, st_blocks=32, st_size=14006, st_atime=1752243590 /* 2025-07-11T11:19:50.972147558-0300 */, st_atime_nsec=972147558, st_mtime=1744407917 /* 2025-04-11T18:45:17-0300 */, st_mtime_nsec=0, st_ctime=1752243151 /* 2025-07-11T11:12:31.486140111-0300 */, st_ctime_nsec=486140111}, AT_SYMLINK_NOFOLLOW) = 0
[pid 15388] newfstatat(AT_FDCWD, "assets/trust/root.png",  <unfinished ...>
[pid 15387] newfstatat(AT_FDCWD, "assets/collections",  <unfinished ...>
[pid 15388] <... newfstatat resumed>{st_dev=makedev(0, 0x35), st_ino=470787, st_mode=S_IFREG|0644, st_nlink=1, st_uid=1000, st_gid=1000, st_blksize=4096, st_blocks=56, st_size=27944, st_atime=1752243591 /* 2025-07-11T11:19:51.766185233-0300 */, st_atime_nsec=766185233, st_mtime=1714431718 /* 2024-04-29T20:01:58-0300 */, st_mtime_nsec=0, st_ctime=1752243151 /* 2025-07-11T11:12:31.601696950-0300 */, st_ctime_nsec=601696950}, AT_SYMLINK_NOFOLLOW) = 0
[pid 15387] <... newfstatat resumed>{st_dev=makedev(0, 0x35), st_ino=92992, st_mode=S_IFDIR|0755, st_nlink=1, st_uid=1000, st_gid=1000, st_blksize=4096, st_blocks=0, st_size=210, st_atime=1752243151 /* 2025-07-11T11:12:31.793157352-0300 */, st_atime_nsec=793157352, st_mtime=1752243151 /* 2025-07-11T11:12:31.488125787-0300 */, st_mtime_nsec=488125787, st_ctime=1752243151 /* 2025-07-11T11:12:31.488125787-0300 */, st_ctime_nsec=488125787}, AT_SYMLINK_NOFOLLOW) = 0
[pid 15388] newfstatat(AT_FDCWD, "assets/trust/sudofind.png",  <unfinished ...>
[pid 15387] newfstatat(AT_FDCWD, "assets/collections/dbadmin.png",  <unfinished ...>
[pid 15388] <... newfstatat resumed>{st_dev=makedev(0, 0x35), st_ino=470788, st_mode=S_IFREG|0644, st_nlink=1, st_uid=1000, st_gid=1000, st_blksize=4096, st_blocks=416, st_size=212624, st_atime=1752243591 /* 2025-07-11T11:19:51.767185281-0300 */, st_atime_nsec=767185281, st_mtime=1714431718 /* 2024-04-29T20:01:58-0300 */, st_mtime_nsec=0, st_ctime=1752243151 /* 2025-07-11T11:12:31.601911926-0300 */, st_ctime_nsec=601911926}, AT_SYMLINK_NOFOLLOW) = 0
[pid 15387] <... newfstatat resumed>{st_dev=makedev(0, 0x35), st_ino=470263, st_mode=S_IFREG|0644, st_nlink=1, st_uid=1000, st_gid=1000, st_blksize=4096, st_blocks=128, st_size=63575, st_atime=1752243590 /* 2025-07-11T11:19:50.973147606-0300 */, st_atime_nsec=973147606, st_mtime=1716060965 /* 2024-05-18T16:36:05-0300 */, st_mtime_nsec=0, st_ctime=1752243151 /* 2025-07-11T11:12:31.486327220-0300 */, st_ctime_nsec=486327220}, AT_SYMLINK_NOFOLLOW) = 0
[pid 15388] newfstatat(AT_FDCWD, "assets/trust/web.png",  <unfinished ...>
[pid 15387] newfstatat(AT_FDCWD, "assets/collections/etc.png",  <unfinished ...>
[pid 15388] <... newfstatat resumed>{st_dev=makedev(0, 0x35), st_ino=470789, st_mode=S_IFREG|0644, st_nlink=1, st_uid=1000, st_gid=1000, st_blksize=4096, st_blocks=96, st_size=47705, st_atime=1752243591 /* 2025-07-11T11:19:51.769185376-0300 */, st_atime_nsec=769185376, st_mtime=1714431718 /* 2024-04-29T20:01:58-0300 */, st_mtime_nsec=0, st_ctime=1752243151 /* 2025-07-11T11:12:31.602099946-0300 */, st_ctime_nsec=602099946}, AT_SYMLINK_NOFOLLOW) = 0
[pid 15387] <... newfstatat resumed>{st_dev=makedev(0, 0x35), st_ino=470264, st_mode=S_IFREG|0644, st_nlink=1, st_uid=1000, st_gid=1000, st_blksize=4096, st_blocks=192, st_size=94784, st_atime=1752243590 /* 2025-07-11T11:19:50.974147653-0300 */, st_atime_nsec=974147653, st_mtime=1716059281 /* 2024-05-18T16:08:01-0300 */, st_mtime_nsec=0, st_ctime=1752243151 /* 2025-07-11T11:12:31.486545339-0300 */, st_ctime_nsec=486545339}, AT_SYMLINK_NOFOLLOW) = 0
[pid 15388] newfstatat(AT_FDCWD, "assets/upload",  <unfinished ...>
[pid 15387] newfstatat(AT_FDCWD, "assets/collections/ferox.png",  <unfinished ...>
[pid 15388] <... newfstatat resumed>{st_dev=makedev(0, 0x35), st_ino=92874, st_mode=S_IFDIR|0755, st_nlink=1, st_uid=1000, st_gid=1000, st_blksize=4096, st_blocks=0, st_size=186, st_atime=1752243151 /* 2025-07-11T11:12:31.791157256-0300 */, st_atime_nsec=791157256, st_mtime=1752243151 /* 2025-07-11T11:12:31.603317915-0300 */, st_mtime_nsec=603317915, st_ctime=1752243151 /* 2025-07-11T11:12:31.603317915-0300 */, st_ctime_nsec=603317915}, AT_SYMLINK_NOFOLLOW) = 0
[pid 15387] <... newfstatat resumed>{st_dev=makedev(0, 0x35), st_ino=470265, st_mode=S_IFREG|0644, st_nlink=1, st_uid=1000, st_gid=1000, st_blksize=4096, st_blocks=256, st_size=130432, st_atime=1752243590 /* 2025-07-11T11:19:50.975147701-0300 */, st_atime_nsec=975147701, st_mtime=1716054446 /* 2024-05-18T14:47:26-0300 */, st_mtime_nsec=0, st_ctime=1752243151 /* 2025-07-11T11:12:31.486740443-0300 */, st_ctime_nsec=486740443}, AT_SYMLINK_NOFOLLOW) = 0
[pid 15388] newfstatat(AT_FDCWD, "assets/upload/dirsearch.png",  <unfinished ...>
[pid 15387] newfstatat(AT_FDCWD, "assets/collections/hydra.png",  <unfinished ...>
[pid 15388] <... newfstatat resumed>{st_dev=makedev(0, 0x35), st_ino=470790, st_mode=S_IFREG|0644, st_nlink=1, st_uid=1000, st_gid=1000, st_blksize=4096, st_blocks=864, st_size=441317, st_atime=1752243591 /* 2025-07-11T11:19:51.770185423-0300 */, st_atime_nsec=770185423, st_mtime=1714431718 /* 2024-04-29T20:01:58-0300 */, st_mtime_nsec=0, st_ctime=1752243151 /* 2025-07-11T11:12:31.602355316-0300 */, st_ctime_nsec=602355316}, AT_SYMLINK_NOFOLLOW) = 0
[pid 15387] <... newfstatat resumed>{st_dev=makedev(0, 0x35), st_ino=470266, st_mode=S_IFREG|0644, st_nlink=1, st_uid=1000, st_gid=1000, st_blksize=4096, st_blocks=80, st_size=38411, st_atime=1752243590 /* 2025-07-11T11:19:50.977147796-0300 */, st_atime_nsec=977147796, st_mtime=1716060103 /* 2024-05-18T16:21:43-0300 */, st_mtime_nsec=0, st_ctime=1752243151 /* 2025-07-11T11:12:31.486967016-0300 */, st_ctime_nsec=486967016}, AT_SYMLINK_NOFOLLOW) = 0
[pid 15388] newfstatat(AT_FDCWD, "assets/upload/root.png",  <unfinished ...>
[pid 15387] newfstatat(AT_FDCWD, "assets/collections/mongo.png",  <unfinished ...>
[pid 15388] <... newfstatat resumed>{st_dev=makedev(0, 0x35), st_ino=470791, st_mode=S_IFREG|0644, st_nlink=1, st_uid=1000, st_gid=1000, st_blksize=4096, st_blocks=40, st_size=18409, st_atime=1752243591 /* 2025-07-11T11:19:51.775185661-0300 */, st_atime_nsec=775185661, st_mtime=1714431718 /* 2024-04-29T20:01:58-0300 */, st_mtime_nsec=0, st_ctime=1752243151 /* 2025-07-11T11:12:31.602532684-0300 */, st_ctime_nsec=602532684}, AT_SYMLINK_NOFOLLOW) = 0
[pid 15387] <... newfstatat resumed>{st_dev=makedev(0, 0x35), st_ino=470267, st_mode=S_IFREG|0644, st_nlink=1, st_uid=1000, st_gid=1000, st_blksize=4096, st_blocks=240, st_size=119862, st_atime=1752243590 /* 2025-07-11T11:19:50.978147843-0300 */, st_atime_nsec=978147843, st_mtime=1716060500 /* 2024-05-18T16:28:20-0300 */, st_mtime_nsec=0, st_ctime=1752243151 /* 2025-07-11T11:12:31.487161316-0300 */, st_ctime_nsec=487161316}, AT_SYMLINK_NOFOLLOW) = 0
[pid 15388] newfstatat(AT_FDCWD, "assets/upload/searchbins.png",  <unfinished ...>
[pid 15387] newfstatat(AT_FDCWD, "assets/collections/ps.png",  <unfinished ...>
[pid 15388] <... newfstatat resumed>{st_dev=makedev(0, 0x35), st_ino=470792, st_mode=S_IFREG|0644, st_nlink=1, st_uid=1000, st_gid=1000, st_blksize=4096, st_blocks=184, st_size=93722, st_atime=1752243591 /* 2025-07-11T11:19:51.775185661-0300 */, st_atime_nsec=775185661, st_mtime=1714431718 /* 2024-04-29T20:01:58-0300 */, st_mtime_nsec=0, st_ctime=1752243151 /* 2025-07-11T11:12:31.602724702-0300 */, st_ctime_nsec=602724702}, AT_SYMLINK_NOFOLLOW) = 0
[pid 15387] <... newfstatat resumed>{st_dev=makedev(0, 0x35), st_ino=470268, st_mode=S_IFREG|0644, st_nlink=1, st_uid=1000, st_gid=1000, st_blksize=4096, st_blocks=392, st_size=199686, st_atime=1752243590 /* 2025-07-11T11:19:50.979147890-0300 */, st_atime_nsec=979147890, st_mtime=1716061484 /* 2024-05-18T16:44:44-0300 */, st_mtime_nsec=0, st_ctime=1752243151 /* 2025-07-11T11:12:31.487366872-0300 */, st_ctime_nsec=487366872}, AT_SYMLINK_NOFOLLOW) = 0
[pid 15388] newfstatat(AT_FDCWD, "assets/upload/sudo.png",  <unfinished ...>
[pid 15387] newfstatat(AT_FDCWD, "assets/collections/root.png",  <unfinished ...>
[pid 15388] <... newfstatat resumed>{st_dev=makedev(0, 0x35), st_ino=470793, st_mode=S_IFREG|0644, st_nlink=1, st_uid=1000, st_gid=1000, st_blksize=4096, st_blocks=288, st_size=145624, st_atime=1752243591 /* 2025-07-11T11:19:51.776185708-0300 */, st_atime_nsec=776185708, st_mtime=1714431718 /* 2024-04-29T20:01:58-0300 */, st_mtime_nsec=0, st_ctime=1752243151 /* 2025-07-11T11:12:31.602938584-0300 */, st_ctime_nsec=602938584}, AT_SYMLINK_NOFOLLOW) = 0
[pid 15387] <... newfstatat resumed>{st_dev=makedev(0, 0x35), st_ino=470269, st_mode=S_IFREG|0644, st_nlink=1, st_uid=1000, st_gid=1000, st_blksize=4096, st_blocks=88, st_size=43395, st_atime=1752243590 /* 2025-07-11T11:19:50.981147985-0300 */, st_atime_nsec=981147985, st_mtime=1716061243 /* 2024-05-18T16:40:43-0300 */, st_mtime_nsec=0, st_ctime=1752243151 /* 2025-07-11T11:12:31.487550263-0300 */, st_ctime_nsec=487550263}, AT_SYMLINK_NOFOLLOW) = 0
[pid 15388] newfstatat(AT_FDCWD, "assets/upload/webshell_revshell.png",  <unfinished ...>
[pid 15387] newfstatat(AT_FDCWD, "assets/collections/site_editor.png",  <unfinished ...>
[pid 15388] <... newfstatat resumed>{st_dev=makedev(0, 0x35), st_ino=470794, st_mode=S_IFREG|0644, st_nlink=1, st_uid=1000, st_gid=1000, st_blksize=4096, st_blocks=104, st_size=50861, st_atime=1752243591 /* 2025-07-11T11:19:51.778185803-0300 */, st_atime_nsec=778185803, st_mtime=1714431718 /* 2024-04-29T20:01:58-0300 */, st_mtime_nsec=0, st_ctime=1752243151 /* 2025-07-11T11:12:31.603123000-0300 */, st_ctime_nsec=603123000}, AT_SYMLINK_NOFOLLOW) = 0
[pid 15387] <... newfstatat resumed>{st_dev=makedev(0, 0x35), st_ino=470270, st_mode=S_IFREG|0644, st_nlink=1, st_uid=1000, st_gid=1000, st_blksize=4096, st_blocks=200, st_size=101877, st_atime=1752243590 /* 2025-07-11T11:19:50.982148033-0300 */, st_atime_nsec=982148033, st_mtime=1716055409 /* 2024-05-18T15:03:29-0300 */, st_mtime_nsec=0, st_ctime=1752243151 /* 2025-07-11T11:12:31.487741099-0300 */, st_ctime_nsec=487741099}, AT_SYMLINK_NOFOLLOW) = 0
[pid 15388] newfstatat(AT_FDCWD, "assets/upload/webupload.png",  <unfinished ...>
[pid 15387] newfstatat(AT_FDCWD, "assets/collections/subdomain.png",  <unfinished ...>
[pid 15388] <... newfstatat resumed>{st_dev=makedev(0, 0x35), st_ino=470795, st_mode=S_IFREG|0644, st_nlink=1, st_uid=1000, st_gid=1000, st_blksize=4096, st_blocks=88, st_size=41185, st_atime=1752243591 /* 2025-07-11T11:19:51.779185850-0300 */, st_atime_nsec=779185850, st_mtime=1714431718 /* 2024-04-29T20:01:58-0300 */, st_mtime_nsec=0, st_ctime=1752243151 /* 2025-07-11T11:12:31.603317915-0300 */, st_ctime_nsec=603317915}, AT_SYMLINK_NOFOLLOW) = 0
[pid 15387] <... newfstatat resumed>{st_dev=makedev(0, 0x35), st_ino=470271, st_mode=S_IFREG|0644, st_nlink=1, st_uid=1000, st_gid=1000, st_blksize=4096, st_blocks=32, st_size=16362, st_atime=1752243590 /* 2025-07-11T11:19:50.984148128-0300 */, st_atime_nsec=984148128, st_mtime=1716054413 /* 2024-05-18T14:46:53-0300 */, st_mtime_nsec=0, st_ctime=1752243151 /* 2025-07-11T11:12:31.487933341-0300 */, st_ctime_nsec=487933341}, AT_SYMLINK_NOFOLLOW) = 0
[pid 15388] newfstatat(AT_FDCWD, "assets/upload/webuploadphp.png",  <unfinished ...>
[pid 15387] newfstatat(AT_FDCWD, "assets/collections/user.png",  <unfinished ...>
[pid 15388] <... newfstatat resumed>{st_dev=makedev(0, 0x35), st_ino=470796, st_mode=S_IFREG|0644, st_nlink=1, st_uid=1000, st_gid=1000, st_blksize=4096, st_blocks=96, st_size=46701, st_atime=1752243591 /* 2025-07-11T11:19:51.780185898-0300 */, st_atime_nsec=780185898, st_mtime=1714431718 /* 2024-04-29T20:01:58-0300 */, st_mtime_nsec=0, st_ctime=1752243151 /* 2025-07-11T11:12:31.603535122-0300 */, st_ctime_nsec=603535122}, AT_SYMLINK_NOFOLLOW) = 0
[pid 15387] <... newfstatat resumed>{st_dev=makedev(0, 0x35), st_ino=470272, st_mode=S_IFREG|0644, st_nlink=1, st_uid=1000, st_gid=1000, st_blksize=4096, st_blocks=240, st_size=121089, st_atime=1752243590 /* 2025-07-11T11:19:50.984148128-0300 */, st_atime_nsec=984148128, st_mtime=1716055397 /* 2024-05-18T15:03:17-0300 */, st_mtime_nsec=0, st_ctime=1752243151 /* 2025-07-11T11:12:31.488125787-0300 */, st_ctime_nsec=488125787}, AT_SYMLINK_NOFOLLOW) = 0
[pid 15388] newfstatat(AT_FDCWD, "assets/usersearch",  <unfinished ...>
[pid 15387] newfstatat(AT_FDCWD, "assets/collections/wpuser.png",  <unfinished ...>
[pid 15388] <... newfstatat resumed>{st_dev=makedev(0, 0x35), st_ino=93070, st_mode=S_IFDIR|0755, st_nlink=1, st_uid=1000, st_gid=1000, st_blksize=4096, st_blocks=0, st_size=202, st_atime=1752243151 /* 2025-07-11T11:12:31.793157352-0300 */, st_atime_nsec=793157352, st_mtime=1752243151 /* 2025-07-11T11:12:31.605481748-0300 */, st_mtime_nsec=605481748, st_ctime=1752243151 /* 2025-07-11T11:12:31.605481748-0300 */, st_ctime_nsec=605481748}, AT_SYMLINK_NOFOLLOW) = 0
[pid 15387] <... newfstatat resumed>{st_dev=makedev(0, 0x35), st_ino=470273, st_mode=S_IFREG|0644, st_nlink=1, st_uid=1000, st_gid=1000, st_blksize=4096, st_blocks=80, st_size=38442, st_atime=1752243590 /* 2025-07-11T11:19:50.986148222-0300 */, st_atime_nsec=986148222, st_mtime=1716057866 /* 2024-05-18T15:44:26-0300 */, st_mtime_nsec=0, st_ctime=1752243151 /* 2025-07-11T11:12:31.488305784-0300 */, st_ctime_nsec=488305784}, AT_SYMLINK_NOFOLLOW) = 0
[pid 15388] newfstatat(AT_FDCWD, "assets/usersearch/admin.png",  <unfinished ...>
[pid 15387] newfstatat(AT_FDCWD, "assets/comida",  <unfinished ...>
[pid 15388] <... newfstatat resumed>{st_dev=makedev(0, 0x35), st_ino=470797, st_mode=S_IFREG|0644, st_nlink=1, st_uid=1000, st_gid=1000, st_blksize=4096, st_blocks=48, st_size=23788, st_atime=1752243591 /* 2025-07-11T11:19:51.781185945-0300 */, st_atime_nsec=781185945, st_mtime=1717360141 /* 2024-06-02T17:29:01-0300 */, st_mtime_nsec=0, st_ctime=1752243151 /* 2025-07-11T11:12:31.603724734-0300 */, st_ctime_nsec=603724734}, AT_SYMLINK_NOFOLLOW) = 0
[pid 15387] <... newfstatat resumed>{st_dev=makedev(0, 0x35), st_ino=93161, st_mode=S_IFDIR|0755, st_nlink=1, st_uid=1000, st_gid=1000, st_blksize=4096, st_blocks=0, st_size=266, st_atime=1752243151 /* 2025-07-11T11:12:31.794157400-0300 */, st_atime_nsec=794157400, st_mtime=1752243151 /* 2025-07-11T11:12:31.491446129-0300 */, st_mtime_nsec=491446129, st_ctime=1752243151 /* 2025-07-11T11:12:31.491446129-0300 */, st_ctime_nsec=491446129}, AT_SYMLINK_NOFOLLOW) = 0
[pid 15388] newfstatat(AT_FDCWD, "assets/usersearch/bbdd.png",  <unfinished ...>
[pid 15387] newfstatat(AT_FDCWD, "assets/comida/error.png",  <unfinished ...>
[pid 15388] <... newfstatat resumed>{st_dev=makedev(0, 0x35), st_ino=470798, st_mode=S_IFREG|0644, st_nlink=1, st_uid=1000, st_gid=1000, st_blksize=4096, st_blocks=40, st_size=20192, st_atime=1752243591 /* 2025-07-11T11:19:51.782185993-0300 */, st_atime_nsec=782185993, st_mtime=1717360684 /* 2024-06-02T17:38:04-0300 */, st_mtime_nsec=0, st_ctime=1752243151 /* 2025-07-11T11:12:31.603986283-0300 */, st_ctime_nsec=603986283}, AT_SYMLINK_NOFOLLOW) = 0
[pid 15387] <... newfstatat resumed>{st_dev=makedev(0, 0x35), st_ino=470274, st_mode=S_IFREG|0644, st_nlink=1, st_uid=1000, st_gid=1000, st_blksize=4096, st_blocks=56, st_size=26907, st_atime=1752243590 /* 2025-07-11T11:19:50.987148270-0300 */, st_atime_nsec=987148270, st_mtime=1721332250 /* 2024-07-18T16:50:50-0300 */, st_mtime_nsec=0, st_ctime=1752243151 /* 2025-07-11T11:12:31.488493688-0300 */, st_ctime_nsec=488493688}, AT_SYMLINK_NOFOLLOW) = 0
[pid 15388] newfstatat(AT_FDCWD, "assets/usersearch/columns.png",  <unfinished ...>
[pid 15387] newfstatat(AT_FDCWD, "assets/comida/euid.png",  <unfinished ...>
[pid 15388] <... newfstatat resumed>{st_dev=makedev(0, 0x35), st_ino=470799, st_mode=S_IFREG|0644, st_nlink=1, st_uid=1000, st_gid=1000, st_blksize=4096, st_blocks=64, st_size=28818, st_atime=1752243591 /* 2025-07-11T11:19:51.782185993-0300 */, st_atime_nsec=782185993, st_mtime=1717361540 /* 2024-06-02T17:52:20-0300 */, st_mtime_nsec=0, st_ctime=1752243151 /* 2025-07-11T11:12:31.604179058-0300 */, st_ctime_nsec=604179058}, AT_SYMLINK_NOFOLLOW) = 0
[pid 15387] <... newfstatat resumed>{st_dev=makedev(0, 0x35), st_ino=470275, st_mode=S_IFREG|0644, st_nlink=1, st_uid=1000, st_gid=1000, st_blksize=4096, st_blocks=184, st_size=91865, st_atime=1752243590 /* 2025-07-11T11:19:50.987148270-0300 */, st_atime_nsec=987148270, st_mtime=1721340090 /* 2024-07-18T19:01:30-0300 */, st_mtime_nsec=0, st_ctime=1752243151 /* 2025-07-11T11:12:31.488718361-0300 */, st_ctime_nsec=488718361}, AT_SYMLINK_NOFOLLOW) = 0
[pid 15388] newfstatat(AT_FDCWD, "assets/usersearch/contenido.png",  <unfinished ...>
[pid 15387] newfstatat(AT_FDCWD, "assets/comida/ferox.png",  <unfinished ...>
[pid 15388] <... newfstatat resumed>{st_dev=makedev(0, 0x35), st_ino=470800, st_mode=S_IFREG|0644, st_nlink=1, st_uid=1000, st_gid=1000, st_blksize=4096, st_blocks=328, st_size=165102, st_atime=1752243591 /* 2025-07-11T11:19:51.782185993-0300 */, st_atime_nsec=782185993, st_mtime=1717361676 /* 2024-06-02T17:54:36-0300 */, st_mtime_nsec=0, st_ctime=1752243151 /* 2025-07-11T11:12:31.604388058-0300 */, st_ctime_nsec=604388058}, AT_SYMLINK_NOFOLLOW) = 0
[pid 15387] <... newfstatat resumed>{st_dev=makedev(0, 0x35), st_ino=470276, st_mode=S_IFREG|0644, st_nlink=1, st_uid=1000, st_gid=1000, st_blksize=4096, st_blocks=1328, st_size=677241, st_atime=1752243590 /* 2025-07-11T11:19:50.989148365-0300 */, st_atime_nsec=989148365, st_mtime=1721308878 /* 2024-07-18T10:21:18-0300 */, st_mtime_nsec=0, st_ctime=1752243151 /* 2025-07-11T11:12:31.489041625-0300 */, st_ctime_nsec=489041625}, AT_SYMLINK_NOFOLLOW) = 0
[pid 15388] newfstatat(AT_FDCWD, "assets/usersearch/ferox.png",  <unfinished ...>
[pid 15387] newfstatat(AT_FDCWD, "assets/comida/hash.png",  <unfinished ...>
[pid 15388] <... newfstatat resumed>{st_dev=makedev(0, 0x35), st_ino=470801, st_mode=S_IFREG|0644, st_nlink=1, st_uid=1000, st_gid=1000, st_blksize=4096, st_blocks=880, st_size=447886, st_atime=1752243591 /* 2025-07-11T11:19:51.784186088-0300 */, st_atime_nsec=784186088, st_mtime=1717359984 /* 2024-06-02T17:26:24-0300 */, st_mtime_nsec=0, st_ctime=1752243151 /* 2025-07-11T11:12:31.604654492-0300 */, st_ctime_nsec=604654492}, AT_SYMLINK_NOFOLLOW) = 0
[pid 15387] <... newfstatat resumed>{st_dev=makedev(0, 0x35), st_ino=470277, st_mode=S_IFREG|0644, st_nlink=1, st_uid=1000, st_gid=1000, st_blksize=4096, st_blocks=432, st_size=217610, st_atime=1752243590 /* 2025-07-11T11:19:50.995148649-0300 */, st_atime_nsec=995148649, st_mtime=1721330421 /* 2024-07-18T16:20:21-0300 */, st_mtime_nsec=0, st_ctime=1752243151 /* 2025-07-11T11:12:31.489257705-0300 */, st_ctime_nsec=489257705}, AT_SYMLINK_NOFOLLOW) = 0
[pid 15388] newfstatat(AT_FDCWD, "assets/usersearch/portada.png",  <unfinished ...>
[pid 15387] newfstatat(AT_FDCWD, "assets/comida/john.png",  <unfinished ...>
[pid 15388] <... newfstatat resumed>{st_dev=makedev(0, 0x35), st_ino=470802, st_mode=S_IFREG|0644, st_nlink=1, st_uid=1000, st_gid=1000, st_blksize=4096, st_blocks=72, st_size=35484, st_atime=1752243591 /* 2025-07-11T11:19:51.789186325-0300 */, st_atime_nsec=789186325, st_mtime=1717363686 /* 2024-06-02T18:28:06-0300 */, st_mtime_nsec=0, st_ctime=1752243151 /* 2025-07-11T11:12:31.604873203-0300 */, st_ctime_nsec=604873203}, AT_SYMLINK_NOFOLLOW) = 0
[pid 15387] <... newfstatat resumed>{st_dev=makedev(0, 0x35), st_ino=470278, st_mode=S_IFREG|0644, st_nlink=1, st_uid=1000, st_gid=1000, st_blksize=4096, st_blocks=304, st_size=154602, st_atime=1752243590 /* 2025-07-11T11:19:50.997148745-0300 */, st_atime_nsec=997148745, st_mtime=1721331804 /* 2024-07-18T16:43:24-0300 */, st_mtime_nsec=0, st_ctime=1752243151 /* 2025-07-11T11:12:31.489468447-0300 */, st_ctime_nsec=489468447}, AT_SYMLINK_NOFOLLOW) = 0
[pid 15388] newfstatat(AT_FDCWD, "assets/usersearch/root.png",  <unfinished ...>
[pid 15387] newfstatat(AT_FDCWD, "assets/comida/last.png",  <unfinished ...>
[pid 15388] <... newfstatat resumed>{st_dev=makedev(0, 0x35), st_ino=470803, st_mode=S_IFREG|0644, st_nlink=1, st_uid=1000, st_gid=1000, st_blksize=4096, st_blocks=80, st_size=36874, st_atime=1752243591 /* 2025-07-11T11:19:51.789186325-0300 */, st_atime_nsec=789186325, st_mtime=1717363533 /* 2024-06-02T18:25:33-0300 */, st_mtime_nsec=0, st_ctime=1752243151 /* 2025-07-11T11:12:31.605064314-0300 */, st_ctime_nsec=605064314}, AT_SYMLINK_NOFOLLOW) = 0
[pid 15387] <... newfstatat resumed>{st_dev=makedev(0, 0x35), st_ino=470279, st_mode=S_IFREG|0644, st_nlink=1, st_uid=1000, st_gid=1000, st_blksize=4096, st_blocks=184, st_size=91381, st_atime=1752243590 /* 2025-07-11T11:19:50.999148839-0300 */, st_atime_nsec=999148839, st_mtime=1721341773 /* 2024-07-18T19:29:33-0300 */, st_mtime_nsec=0, st_ctime=1752243151 /* 2025-07-11T11:12:31.489662711-0300 */, st_ctime_nsec=489662711}, AT_SYMLINK_NOFOLLOW) = 0
[pid 15388] newfstatat(AT_FDCWD, "assets/usersearch/searcbins.png",  <unfinished ...>
[pid 15387] newfstatat(AT_FDCWD, "assets/comida/pass.png",  <unfinished ...>
[pid 15388] <... newfstatat resumed>{st_dev=makedev(0, 0x35), st_ino=470804, st_mode=S_IFREG|0644, st_nlink=1, st_uid=1000, st_gid=1000, st_blksize=4096, st_blocks=192, st_size=96886, st_atime=1752243591 /* 2025-07-11T11:19:51.790186372-0300 */, st_atime_nsec=790186372, st_mtime=1717362024 /* 2024-06-02T18:00:24-0300 */, st_mtime_nsec=0, st_ctime=1752243151 /* 2025-07-11T11:12:31.605262232-0300 */, st_ctime_nsec=605262232}, AT_SYMLINK_NOFOLLOW) = 0
[pid 15387] <... newfstatat resumed>{st_dev=makedev(0, 0x35), st_ino=470280, st_mode=S_IFREG|0644, st_nlink=1, st_uid=1000, st_gid=1000, st_blksize=4096, st_blocks=32, st_size=16075, st_atime=1752243591 /* 2025-07-11T11:19:51.001148934-0300 */, st_atime_nsec=1148934, st_mtime=1721311087 /* 2024-07-18T10:58:07-0300 */, st_mtime_nsec=0, st_ctime=1752243151 /* 2025-07-11T11:12:31.489862375-0300 */, st_ctime_nsec=489862375}, AT_SYMLINK_NOFOLLOW) = 0
[pid 15388] newfstatat(AT_FDCWD, "assets/usersearch/sudol.png",  <unfinished ...>
[pid 15387] newfstatat(AT_FDCWD, "assets/comida/passgua.png",  <unfinished ...>
[pid 15388] <... newfstatat resumed>{st_dev=makedev(0, 0x35), st_ino=470805, st_mode=S_IFREG|0644, st_nlink=1, st_uid=1000, st_gid=1000, st_blksize=4096, st_blocks=376, st_size=189574, st_atime=1752243591 /* 2025-07-11T11:19:51.791186419-0300 */, st_atime_nsec=791186419, st_mtime=1717361883 /* 2024-06-02T17:58:03-0300 */, st_mtime_nsec=0, st_ctime=1752243151 /* 2025-07-11T11:12:31.605481748-0300 */, st_ctime_nsec=605481748}, AT_SYMLINK_NOFOLLOW) = 0
[pid 15387] <... newfstatat resumed>{st_dev=makedev(0, 0x35), st_ino=470281, st_mode=S_IFREG|0644, st_nlink=1, st_uid=1000, st_gid=1000, st_blksize=4096, st_blocks=72, st_size=34964, st_atime=1752243591 /* 2025-07-11T11:19:51.001148934-0300 */, st_atime_nsec=1148934, st_mtime=1721334416 /* 2024-07-18T17:26:56-0300 */, st_mtime_nsec=0, st_ctime=1752243151 /* 2025-07-11T11:12:31.490059455-0300 */, st_ctime_nsec=490059455}, AT_SYMLINK_NOFOLLOW) = 0
[pid 15388] newfstatat(AT_FDCWD, "assets/usersearch/tables.png",  <unfinished ...>
[pid 15387] newfstatat(AT_FDCWD, "assets/comida/passwd.png",  <unfinished ...>
[pid 15388] <... newfstatat resumed>{st_dev=makedev(0, 0x35), st_ino=470806, st_mode=S_IFREG|0644, st_nlink=1, st_uid=1000, st_gid=1000, st_blksize=4096, st_blocks=80, st_size=38999, st_atime=1752243591 /* 2025-07-11T11:19:51.794186562-0300 */, st_atime_nsec=794186562, st_mtime=1717361182 /* 2024-06-02T17:46:22-0300 */, st_mtime_nsec=0, st_ctime=1752243151 /* 2025-07-11T11:12:31.605670880-0300 */, st_ctime_nsec=605670880}, AT_SYMLINK_NOFOLLOW) = 0
[pid 15387] <... newfstatat resumed>{st_dev=makedev(0, 0x35), st_ino=470282, st_mode=S_IFREG|0644, st_nlink=1, st_uid=1000, st_gid=1000, st_blksize=4096, st_blocks=80, st_size=37480, st_atime=1752243591 /* 2025-07-11T11:19:51.002148982-0300 */, st_atime_nsec=2148982, st_mtime=1721333533 /* 2024-07-18T17:12:13-0300 */, st_mtime_nsec=0, st_ctime=1752243151 /* 2025-07-11T11:12:31.490259445-0300 */, st_ctime_nsec=490259445}, AT_SYMLINK_NOFOLLOW) = 0
[pid 15388] newfstatat(AT_FDCWD, "assets/vacaciones",  <unfinished ...>
[pid 15387] newfstatat(AT_FDCWD, "assets/comida/rce.png",  <unfinished ...>
[pid 15388] <... newfstatat resumed>{st_dev=makedev(0, 0x35), st_ino=92882, st_mode=S_IFDIR|0755, st_nlink=1, st_uid=1000, st_gid=1000, st_blksize=4096, st_blocks=0, st_size=142, st_atime=1752243151 /* 2025-07-11T11:12:31.791157256-0300 */, st_atime_nsec=791157256, st_mtime=1752243151 /* 2025-07-11T11:12:31.606913021-0300 */, st_mtime_nsec=606913021, st_ctime=1752243151 /* 2025-07-11T11:12:31.606913021-0300 */, st_ctime_nsec=606913021}, AT_SYMLINK_NOFOLLOW) = 0
[pid 15387] <... newfstatat resumed>{st_dev=makedev(0, 0x35), st_ino=470283, st_mode=S_IFREG|0644, st_nlink=1, st_uid=1000, st_gid=1000, st_blksize=4096, st_blocks=48, st_size=21773, st_atime=1752243591 /* 2025-07-11T11:19:51.003149029-0300 */, st_atime_nsec=3149029, st_mtime=1721332445 /* 2024-07-18T16:54:05-0300 */, st_mtime_nsec=0, st_ctime=1752243151 /* 2025-07-11T11:12:31.490443245-0300 */, st_ctime_nsec=490443245}, AT_SYMLINK_NOFOLLOW) = 0
[pid 15388] newfstatat(AT_FDCWD, "assets/vacaciones/hydra.png",  <unfinished ...>
[pid 15387] newfstatat(AT_FDCWD, "assets/comida/scr1pt.png",  <unfinished ...>
[pid 15388] <... newfstatat resumed>{st_dev=makedev(0, 0x35), st_ino=470807, st_mode=S_IFREG|0644, st_nlink=1, st_uid=1000, st_gid=1000, st_blksize=4096, st_blocks=592, st_size=299783, st_atime=1752243591 /* 2025-07-11T11:19:51.795186609-0300 */, st_atime_nsec=795186609, st_mtime=1714431718 /* 2024-04-29T20:01:58-0300 */, st_mtime_nsec=0, st_ctime=1752243151 /* 2025-07-11T11:12:31.605916554-0300 */, st_ctime_nsec=605916554}, AT_SYMLINK_NOFOLLOW) = 0
[pid 15387] <... newfstatat resumed>{st_dev=makedev(0, 0x35), st_ino=470284, st_mode=S_IFREG|0644, st_nlink=1, st_uid=1000, st_gid=1000, st_blksize=4096, st_blocks=432, st_size=221143, st_atime=1752243591 /* 2025-07-11T11:19:51.003149029-0300 */, st_atime_nsec=3149029, st_mtime=1721338472 /* 2024-07-18T18:34:32-0300 */, st_mtime_nsec=0, st_ctime=1752243151 /* 2025-07-11T11:12:31.490666824-0300 */, st_ctime_nsec=490666824}, AT_SYMLINK_NOFOLLOW) = 0
[pid 15388] newfstatat(AT_FDCWD, "assets/vacaciones/logincamilo.png",  <unfinished ...>
[pid 15387] newfstatat(AT_FDCWD, "assets/comida/sudol.png",  <unfinished ...>
[pid 15388] <... newfstatat resumed>{st_dev=makedev(0, 0x35), st_ino=470808, st_mode=S_IFREG|0644, st_nlink=1, st_uid=1000, st_gid=1000, st_blksize=4096, st_blocks=80, st_size=36901, st_atime=1752243591 /* 2025-07-11T11:19:51.798186752-0300 */, st_atime_nsec=798186752, st_mtime=1714431718 /* 2024-04-29T20:01:58-0300 */, st_mtime_nsec=0, st_ctime=1752243151 /* 2025-07-11T11:12:31.606108797-0300 */, st_ctime_nsec=606108797}, AT_SYMLINK_NOFOLLOW) = 0
[pid 15387] <... newfstatat resumed>{st_dev=makedev(0, 0x35), st_ino=470285, st_mode=S_IFREG|0644, st_nlink=1, st_uid=1000, st_gid=1000, st_blksize=4096, st_blocks=424, st_size=213004, st_atime=1752243591 /* 2025-07-11T11:19:51.006149172-0300 */, st_atime_nsec=6149172, st_mtime=1721340844 /* 2024-07-18T19:14:04-0300 */, st_mtime_nsec=0, st_ctime=1752243151 /* 2025-07-11T11:12:31.490942447-0300 */, st_ctime_nsec=490942447}, AT_SYMLINK_NOFOLLOW) = 0
[pid 15388] newfstatat(AT_FDCWD, "assets/vacaciones/mail.png",  <unfinished ...>
[pid 15387] newfstatat(AT_FDCWD, "assets/comida/toor.png",  <unfinished ...>
[pid 15388] <... newfstatat resumed>{st_dev=makedev(0, 0x35), st_ino=470809, st_mode=S_IFREG|0644, st_nlink=1, st_uid=1000, st_gid=1000, st_blksize=4096, st_blocks=152, st_size=77058, st_atime=1752243591 /* 2025-07-11T11:19:51.798186752-0300 */, st_atime_nsec=798186752, st_mtime=1714431718 /* 2024-04-29T20:01:58-0300 */, st_mtime_nsec=0, st_ctime=1752243151 /* 2025-07-11T11:12:31.606299864-0300 */, st_ctime_nsec=606299864}, AT_SYMLINK_NOFOLLOW) = 0
[pid 15387] <... newfstatat resumed>{st_dev=makedev(0, 0x35), st_ino=470286, st_mode=S_IFREG|0644, st_nlink=1, st_uid=1000, st_gid=1000, st_blksize=4096, st_blocks=120, st_size=60432, st_atime=1752243591 /* 2025-07-11T11:19:51.008149267-0300 */, st_atime_nsec=8149267, st_mtime=1721341867 /* 2024-07-18T19:31:07-0300 */, st_mtime_nsec=0, st_ctime=1752243151 /* 2025-07-11T11:12:31.491211878-0300 */, st_ctime_nsec=491211878}, AT_SYMLINK_NOFOLLOW) = 0
[pid 15388] newfstatat(AT_FDCWD, "assets/vacaciones/root.png",  <unfinished ...>
[pid 15387] newfstatat(AT_FDCWD, "assets/comida/users.png",  <unfinished ...>
[pid 15388] <... newfstatat resumed>{st_dev=makedev(0, 0x35), st_ino=470810, st_mode=S_IFREG|0644, st_nlink=1, st_uid=1000, st_gid=1000, st_blksize=4096, st_blocks=336, st_size=169724, st_atime=1752243591 /* 2025-07-11T11:19:51.800186847-0300 */, st_atime_nsec=800186847, st_mtime=1714431718 /* 2024-04-29T20:01:58-0300 */, st_mtime_nsec=0, st_ctime=1752243151 /* 2025-07-11T11:12:31.606517405-0300 */, st_ctime_nsec=606517405}, AT_SYMLINK_NOFOLLOW) = 0
[pid 15387] <... newfstatat resumed>{st_dev=makedev(0, 0x35), st_ino=470287, st_mode=S_IFREG|0644, st_nlink=1, st_uid=1000, st_gid=1000, st_blksize=4096, st_blocks=56, st_size=25591, st_atime=1752243591 /* 2025-07-11T11:19:51.009149314-0300 */, st_atime_nsec=9149314, st_mtime=1721311110 /* 2024-07-18T10:58:30-0300 */, st_mtime_nsec=0, st_ctime=1752243151 /* 2025-07-11T11:12:31.491446129-0300 */, st_ctime_nsec=491446129}, AT_SYMLINK_NOFOLLOW) = 0
[pid 15388] newfstatat(AT_FDCWD, "assets/vacaciones/sudofind.png",  <unfinished ...>
[pid 15387] newfstatat(AT_FDCWD, "assets/comida/version.png",  <unfinished ...>
[pid 15388] <... newfstatat resumed>{st_dev=makedev(0, 0x35), st_ino=470811, st_mode=S_IFREG|0644, st_nlink=1, st_uid=1000, st_gid=1000, st_blksize=4096, st_blocks=240, st_size=121029, st_atime=1752243591 /* 2025-07-11T11:19:51.801186894-0300 */, st_atime_nsec=801186894, st_mtime=1714431718 /* 2024-04-29T20:01:58-0300 */, st_mtime_nsec=0, st_ctime=1752243151 /* 2025-07-11T11:12:31.606719122-0300 */, st_ctime_nsec=606719122}, AT_SYMLINK_NOFOLLOW) = 0
[pid 15387] <... newfstatat resumed>{st_dev=makedev(0, 0x35), st_ino=470288, st_mode=S_IFREG|0644, st_nlink=1, st_uid=1000, st_gid=1000, st_blksize=4096, st_blocks=72, st_size=35269, st_atime=1752243591 /* 2025-07-11T11:19:51.010149361-0300 */, st_atime_nsec=10149361, st_mtime=1721309823 /* 2024-07-18T10:37:03-0300 */, st_mtime_nsec=0, st_ctime=1752243151 /* 2025-07-11T11:12:31.491642702-0300 */, st_ctime_nsec=491642702}, AT_SYMLINK_NOFOLLOW) = 0
[pid 15388] newfstatat(AT_FDCWD, "assets/vacaciones/sudonova.png",  <unfinished ...>
[pid 15387] newfstatat(AT_FDCWD, "assets/conexionesardu.jpg",  <unfinished ...>
